Archive member included to satisfy reference by file (symbol)

c:/users/ózê∂/mentorgraphics/sourcery_codebench_lite_for_arm_eabi/bin/../lib/gcc/arm-none-eabi/4.8.3/../../../../arm-none-eabi/lib/thumb2\libm.a(lib_a-s_cos.o)
                              ..\obj\utilplus.o (cos)
c:/users/ózê∂/mentorgraphics/sourcery_codebench_lite_for_arm_eabi/bin/../lib/gcc/arm-none-eabi/4.8.3/../../../../arm-none-eabi/lib/thumb2\libm.a(lib_a-s_sin.o)
                              ..\obj\utilplus.o (sin)
c:/users/ózê∂/mentorgraphics/sourcery_codebench_lite_for_arm_eabi/bin/../lib/gcc/arm-none-eabi/4.8.3/../../../../arm-none-eabi/lib/thumb2\libm.a(lib_a-sf_cos.o)
                              ..\obj\utilplus.o (cosf)
c:/users/ózê∂/mentorgraphics/sourcery_codebench_lite_for_arm_eabi/bin/../lib/gcc/arm-none-eabi/4.8.3/../../../../arm-none-eabi/lib/thumb2\libm.a(lib_a-sf_sin.o)
                              ..\obj\utilplus.o (sinf)
c:/users/ózê∂/mentorgraphics/sourcery_codebench_lite_for_arm_eabi/bin/../lib/gcc/arm-none-eabi/4.8.3/../../../../arm-none-eabi/lib/thumb2\libm.a(lib_a-w_pow.o)
                              ..\obj\name_converter.o (pow)
c:/users/ózê∂/mentorgraphics/sourcery_codebench_lite_for_arm_eabi/bin/../lib/gcc/arm-none-eabi/4.8.3/../../../../arm-none-eabi/lib/thumb2\libm.a(lib_a-wf_acos.o)
                              ..\obj\utilplus.o (acosf)
c:/users/ózê∂/mentorgraphics/sourcery_codebench_lite_for_arm_eabi/bin/../lib/gcc/arm-none-eabi/4.8.3/../../../../arm-none-eabi/lib/thumb2\libm.a(lib_a-wf_atan2.o)
                              ..\obj\utilplus.o (atan2f)
c:/users/ózê∂/mentorgraphics/sourcery_codebench_lite_for_arm_eabi/bin/../lib/gcc/arm-none-eabi/4.8.3/../../../../arm-none-eabi/lib/thumb2\libm.a(lib_a-wf_pow.o)
                              ..\obj\utilplus.o (powf)
c:/users/ózê∂/mentorgraphics/sourcery_codebench_lite_for_arm_eabi/bin/../lib/gcc/arm-none-eabi/4.8.3/../../../../arm-none-eabi/lib/thumb2\libm.a(lib_a-wf_sqrt.o)
                              ..\obj\utilplus.o (sqrtf)
c:/users/ózê∂/mentorgraphics/sourcery_codebench_lite_for_arm_eabi/bin/../lib/gcc/arm-none-eabi/4.8.3/../../../../arm-none-eabi/lib/thumb2\libm.a(lib_a-e_pow.o)
                              c:/users/ózê∂/mentorgraphics/sourcery_codebench_lite_for_arm_eabi/bin/../lib/gcc/arm-none-eabi/4.8.3/../../../../arm-none-eabi/lib/thumb2\libm.a(lib_a-w_pow.o) (__ieee754_pow)
c:/users/ózê∂/mentorgraphics/sourcery_codebench_lite_for_arm_eabi/bin/../lib/gcc/arm-none-eabi/4.8.3/../../../../arm-none-eabi/lib/thumb2\libm.a(lib_a-e_rem_pio2.o)
                              c:/users/ózê∂/mentorgraphics/sourcery_codebench_lite_for_arm_eabi/bin/../lib/gcc/arm-none-eabi/4.8.3/../../../../arm-none-eabi/lib/thumb2\libm.a(lib_a-s_cos.o) (__ieee754_rem_pio2)
c:/users/ózê∂/mentorgraphics/sourcery_codebench_lite_for_arm_eabi/bin/../lib/gcc/arm-none-eabi/4.8.3/../../../../arm-none-eabi/lib/thumb2\libm.a(lib_a-e_sqrt.o)
                              c:/users/ózê∂/mentorgraphics/sourcery_codebench_lite_for_arm_eabi/bin/../lib/gcc/arm-none-eabi/4.8.3/../../../../arm-none-eabi/lib/thumb2\libm.a(lib_a-e_pow.o) (__ieee754_sqrt)
c:/users/ózê∂/mentorgraphics/sourcery_codebench_lite_for_arm_eabi/bin/../lib/gcc/arm-none-eabi/4.8.3/../../../../arm-none-eabi/lib/thumb2\libm.a(lib_a-ef_acos.o)
                              c:/users/ózê∂/mentorgraphics/sourcery_codebench_lite_for_arm_eabi/bin/../lib/gcc/arm-none-eabi/4.8.3/../../../../arm-none-eabi/lib/thumb2\libm.a(lib_a-wf_acos.o) (__ieee754_acosf)
c:/users/ózê∂/mentorgraphics/sourcery_codebench_lite_for_arm_eabi/bin/../lib/gcc/arm-none-eabi/4.8.3/../../../../arm-none-eabi/lib/thumb2\libm.a(lib_a-ef_atan2.o)
                              c:/users/ózê∂/mentorgraphics/sourcery_codebench_lite_for_arm_eabi/bin/../lib/gcc/arm-none-eabi/4.8.3/../../../../arm-none-eabi/lib/thumb2\libm.a(lib_a-wf_atan2.o) (__ieee754_atan2f)
c:/users/ózê∂/mentorgraphics/sourcery_codebench_lite_for_arm_eabi/bin/../lib/gcc/arm-none-eabi/4.8.3/../../../../arm-none-eabi/lib/thumb2\libm.a(lib_a-ef_pow.o)
                              c:/users/ózê∂/mentorgraphics/sourcery_codebench_lite_for_arm_eabi/bin/../lib/gcc/arm-none-eabi/4.8.3/../../../../arm-none-eabi/lib/thumb2\libm.a(lib_a-wf_pow.o) (__ieee754_powf)
c:/users/ózê∂/mentorgraphics/sourcery_codebench_lite_for_arm_eabi/bin/../lib/gcc/arm-none-eabi/4.8.3/../../../../arm-none-eabi/lib/thumb2\libm.a(lib_a-ef_rem_pio2.o)
                              c:/users/ózê∂/mentorgraphics/sourcery_codebench_lite_for_arm_eabi/bin/../lib/gcc/arm-none-eabi/4.8.3/../../../../arm-none-eabi/lib/thumb2\libm.a(lib_a-sf_cos.o) (__ieee754_rem_pio2f)
c:/users/ózê∂/mentorgraphics/sourcery_codebench_lite_for_arm_eabi/bin/../lib/gcc/arm-none-eabi/4.8.3/../../../../arm-none-eabi/lib/thumb2\libm.a(lib_a-ef_sqrt.o)
                              c:/users/ózê∂/mentorgraphics/sourcery_codebench_lite_for_arm_eabi/bin/../lib/gcc/arm-none-eabi/4.8.3/../../../../arm-none-eabi/lib/thumb2\libm.a(lib_a-wf_sqrt.o) (__ieee754_sqrtf)
[...]
Memory Configuration

Name             Origin             Length             Attributes
rom              0x08000000         0x00100000         xr
ram              0x20000000         0x00020000         xrw
ram1             0x10000000         0x00010000         xrw
*default*        0x00000000         0xffffffff

Linker script and memory map

LOAD c:/users/ózê∂/mentorgraphics/sourcery_codebench_lite_for_arm_eabi/bin/../lib/gcc/arm-none-eabi/4.8.3/thumb2/crti.o
LOAD c:/users/ózê∂/mentorgraphics/sourcery_codebench_lite_for_arm_eabi/bin/../lib/gcc/arm-none-eabi/4.8.3/thumb2/crtbegin.o
                0x20020000                _eram = 0x20020000

.text           0x08000000    0x21070
 *(.isr_vector)
 .isr_vector    0x08000000      0x188 ..\obj\startup_stm32f4xx.o
                0x08000000                g_pfnVectors
 *(.text*)
 .text          0x08000188       0xc8 c:/users/ózê∂/mentorgraphics/sourcery_codebench_lite_for_arm_eabi/bin/../lib/gcc/arm-none-eabi/4.8.3/thumb2/crtbegin.o
 .text.Set_duty
                0x08000250       0xc4 ..\obj\config_pwm.o
                0x08000250                Set_duty
 .text.Read_duty
                0x08000314       0x68 ..\obj\config_pwm.o
                0x08000314                Read_duty
 .text.Init_PWM
                0x0800037c      0x2c8 ..\obj\config_pwm.o
                0x0800037c                Init_PWM
 .text.USB_OTG_WritePacket
                0x08000644       0x70 ..\obj\usb_core.o
                0x08000644                USB_OTG_WritePacket
 .text.USB_OTG_ReadPacket
                0x080006b4       0x5c ..\obj\usb_core.o
                0x080006b4                USB_OTG_ReadPacket
 .text.USB_OTG_FlushTxFifo
                0x08000710       0x74 ..\obj\usb_core.o
                0x08000710                USB_OTG_FlushTxFifo
 .text.USB_OTG_GetMode
                0x08000784       0x20 ..\obj\usb_core.o
                0x08000784                USB_OTG_GetMode
 .text.USB_OTG_IsDeviceMode
                0x080007a4       0x24 ..\obj\usb_core.o
                0x080007a4                USB_OTG_IsDeviceMode
 .text.USB_OTG_ReadCoreItr
                0x080007c8       0x30 ..\obj\usb_core.o
                0x080007c8                USB_OTG_ReadCoreItr
 .text.USB_OTG_GetDeviceSpeed
                0x080007f8       0x48 ..\obj\usb_core.o
                0x080007f8                USB_OTG_GetDeviceSpeed
 .text.USB_OTG_EP0Activate
                0x08000840       0x78 ..\obj\usb_core.o
                0x08000840                USB_OTG_EP0Activate
 .text.USB_OTG_EPActivate
                0x080008b8       0xdc ..\obj\usb_core.o
                0x080008b8                USB_OTG_EPActivate
 .text.USB_OTG_EPStartXfer
                0x08000994      0x280 ..\obj\usb_core.o
                0x08000994                USB_OTG_EPStartXfer
 .text.USB_OTG_EP0StartXfer
                0x08000c14      0x1d4 ..\obj\usb_core.o
                0x08000c14                USB_OTG_EP0StartXfer
 .text.USB_OTG_EPSetStall
                0x08000de8       0x88 ..\obj\usb_core.o
                0x08000de8                USB_OTG_EPSetStall
 .text.USB_OTG_EPClearStall
                0x08000e70       0x78 ..\obj\usb_core.o
                0x08000e70                USB_OTG_EPClearStall
 .text.USB_OTG_ReadDevAllOutEp_itr
                0x08000ee8       0x2c ..\obj\usb_core.o
                0x08000ee8                USB_OTG_ReadDevAllOutEp_itr
 .text.USB_OTG_ReadDevOutEP_itr
                0x08000f14       0x38 ..\obj\usb_core.o
                0x08000f14                USB_OTG_ReadDevOutEP_itr
 .text.USB_OTG_ReadDevAllInEPItr
                0x08000f4c       0x2c ..\obj\usb_core.o
                0x08000f4c                USB_OTG_ReadDevAllInEPItr
 .text.USB_OTG_EP0_OutStart
                0x08000f78       0x70 ..\obj\usb_core.o
                0x08000f78                USB_OTG_EP0_OutStart
 .text.USB_OTG_UngateClock
                0x08000fe8       0x54 ..\obj\usb_core.o
                0x08000fe8                USB_OTG_UngateClock
 .text.Init_port
                0x0800103c       0xc4 ..\obj\config_port.o
                0x0800103c                Init_port
 .text.SDIO_ITConfig
                0x08001100       0x50 ..\obj\stm32f4xx_sdio.o
                0x08001100                SDIO_ITConfig
 .text.SDIO_GetITStatus
                0x08001150       0x38 ..\obj\stm32f4xx_sdio.o
                0x08001150                SDIO_GetITStatus
 .text.SDIO_ClearITPendingBit
                0x08001188       0x20 ..\obj\stm32f4xx_sdio.o
                0x08001188                SDIO_ClearITPendingBit
 .text.TIM1_UP_TIM10_IRQHandler
                0x080011a8       0x64 ..\obj\config_encoder.o
                0x080011a8                TIM1_UP_TIM10_IRQHandler
 .text.TIM2_IRQHandler
                0x0800120c       0x60 ..\obj\config_encoder.o
                0x0800120c                TIM2_IRQHandler
 .text.TIM3_IRQHandler
                0x0800126c       0x6c ..\obj\config_encoder.o
                0x0800126c                TIM3_IRQHandler
 .text.TIM4_IRQHandler
                0x080012d8       0x6c ..\obj\config_encoder.o
                0x080012d8                TIM4_IRQHandler
 .text.TIM5_IRQHandler
                0x08001344       0x6c ..\obj\config_encoder.o
                0x08001344                TIM5_IRQHandler
 .text.TIM8_UP_TIM13_IRQHandler
                0x080013b0       0x6c ..\obj\config_encoder.o
                0x080013b0                TIM8_UP_TIM13_IRQHandler
 .text.TIM8_BRK_TIM12_IRQHandler
                0x0800141c       0x6c ..\obj\config_encoder.o
                0x0800141c                TIM8_BRK_TIM12_IRQHandler
 .text.tim1_count
                0x08001488       0x24 ..\obj\config_encoder.o
                0x08001488                tim1_count
 .text.tim2_count
                0x080014ac       0x20 ..\obj\config_encoder.o
                0x080014ac                tim2_count
 .text.tim3_count
                0x080014cc       0x24 ..\obj\config_encoder.o
                0x080014cc                tim3_count
 .text.tim4_count
                0x080014f0       0x24 ..\obj\config_encoder.o
                0x080014f0                tim4_count
 .text.tim5_count
                0x08001514       0x24 ..\obj\config_encoder.o
                0x08001514                tim5_count
 .text.tim8_count
                0x08001538       0x24 ..\obj\config_encoder.o
                0x08001538                tim8_count
 .text.tim12_count
                0x0800155c       0x24 ..\obj\config_encoder.o
                0x0800155c                tim12_count
 .text.Init_encoder
                0x08001580      0x120 ..\obj\config_encoder.o
                0x08001580                Init_encoder
 .text.Select_encoder_count
                0x080016a0       0xa4 ..\obj\config_encoder.o
                0x080016a0                Select_encoder_count
 .text.Reset_encoder_over_under_flow
                0x08001744       0xb8 ..\obj\config_encoder.o
                0x08001744                Reset_encoder_over_under_flow
 .text.OTG_FS_IRQHandler
                0x080017fc       0x14 ..\obj\config_usb.o
                0x080017fc                OTG_FS_IRQHandler
 .text.OTG_FS_WKUP_IRQHandler
                0x08001810       0x44 ..\obj\config_usb.o
                0x08001810                OTG_FS_WKUP_IRQHandler
 .text.USART_Init
                0x08001854      0x188 ..\obj\stm32f4xx_usart.o
                0x08001854                USART_Init
 .text.USART_Cmd
                0x080019dc       0x40 ..\obj\stm32f4xx_usart.o
                0x080019dc                USART_Cmd
 .text.USART_SendData
                0x08001a1c       0x24 ..\obj\stm32f4xx_usart.o
                0x08001a1c                USART_SendData
 .text.USART_ReceiveData
                0x08001a40       0x20 ..\obj\stm32f4xx_usart.o
                0x08001a40                USART_ReceiveData
 .text.USART_ITConfig
                0x08001a60       0x90 ..\obj\stm32f4xx_usart.o
                0x08001a60                USART_ITConfig
 .text.USART_GetFlagStatus
                0x08001af0       0x38 ..\obj\stm32f4xx_usart.o
                0x08001af0                USART_GetFlagStatus
 .text.CAN_DeInit
                0x08001b28       0x48 ..\obj\stm32f4xx_can.o
                0x08001b28                CAN_DeInit
 .text.CAN_Init
                0x08001b70      0x1a4 ..\obj\stm32f4xx_can.o
                0x08001b70                CAN_Init
 .text.CAN_FilterInit
                0x08001d14      0x1f0 ..\obj\stm32f4xx_can.o
                0x08001d14                CAN_FilterInit
 .text.CAN_StructInit
                0x08001f04       0x54 ..\obj\stm32f4xx_can.o
                0x08001f04                CAN_StructInit
 .text.CAN_Transmit
                0x08001f58      0x190 ..\obj\stm32f4xx_can.o
                0x08001f58                CAN_Transmit
 .text.CAN_TransmitStatus
                0x080020e8       0xec ..\obj\stm32f4xx_can.o
                0x080020e8                CAN_TransmitStatus
 .text.CAN_Receive
                0x080021d4      0x170 ..\obj\stm32f4xx_can.o
                0x080021d4                CAN_Receive
 .text.CAN_ITConfig
                0x08002344       0x3c ..\obj\stm32f4xx_can.o
                0x08002344                CAN_ITConfig
 .text.CAN_GetITStatus
                0x08002380      0x194 ..\obj\stm32f4xx_can.o
                0x08002380                CAN_GetITStatus
 .text.CheckITStatus
                0x08002514       0x30 ..\obj\stm32f4xx_can.o
 .text.SysTick_Handler
                0x08002544       0x2c ..\obj\mcutime.o
                0x08002544                SysTick_Handler
 .text.millis   0x08002570       0x28 ..\obj\mcutime.o
                0x08002570                millis
 .text.micros   0x08002598       0x34 ..\obj\mcutime.o
                0x08002598                micros
 .text.timer_setup
                0x080025cc       0x14 ..\obj\mcutime.o
                0x080025cc                timer_setup
 .text.delay_ms
                0x080025e0       0x40 ..\obj\mcutime.o
                0x080025e0                delay_ms
 .text.wait     0x08002620       0x18 ..\obj\mcutime.o
                0x08002620                wait
 .text.Init_CAN
                0x08002638      0x17c ..\obj\config_can.o
                0x08002638                Init_CAN
 .text.Init_CANfilter
                0x080027b4       0xd4 ..\obj\config_can.o
                0x080027b4                Init_CANfilter
 .text.send_can1
                0x08002888       0x34 ..\obj\config_can.o
                0x08002888                send_can1
 .text.Default_Reset_Handler
                0x080028bc       0x64 ..\obj\startup_stm32f4xx.o
                0x080028bc                Default_Reset_Handler
                0x080028bc                Reset_Handler
 .text.Default_Handler
                0x08002920        0x8 ..\obj\startup_stm32f4xx.o
                0x08002920                RTC_Alarm_IRQHandler
                0x08002920                HASH_RNG_IRQHandler
                0x08002920                EXTI2_IRQHandler
                0x08002920                TIM8_CC_IRQHandler
                0x08002920                TIM1_CC_IRQHandler
                0x08002920                DMA2_Stream5_IRQHandler
                0x08002920                DMA1_Stream5_IRQHandler
                0x08002920                PVD_IRQHandler
                0x08002920                TAMP_STAMP_IRQHandler
                0x08002920                CAN2_RX1_IRQHandler
                0x08002920                EXTI3_IRQHandler
                0x08002920                TIM8_TRG_COM_TIM14_IRQHandler
                0x08002920                I2C3_ER_IRQHandler
                0x08002920                EXTI0_IRQHandler
                0x08002920                I2C2_EV_IRQHandler
                0x08002920                DMA1_Stream2_IRQHandler
                0x08002920                FPU_IRQHandler
                0x08002920                OTG_HS_WKUP_IRQHandler
                0x08002920                CAN2_SCE_IRQHandler
                0x08002920                DMA2_Stream2_IRQHandler
                0x08002920                SPI1_IRQHandler
                0x08002920                TIM6_DAC_IRQHandler
                0x08002920                TIM1_BRK_TIM9_IRQHandler
                0x08002920                DCMI_IRQHandler
                0x08002920                CAN2_RX0_IRQHandler
                0x08002920                USART6_IRQHandler
                0x08002920                CRYP_IRQHandler
                0x08002920                CAN1_RX1_IRQHandler
                0x08002920                UART5_IRQHandler
                0x08002920                DMA2_Stream0_IRQHandler
                0x08002920                I2C1_EV_IRQHandler
                0x08002920                DMA1_Stream6_IRQHandler
                0x08002920                DMA1_Stream1_IRQHandler
                0x08002920                UART4_IRQHandler
                0x08002920                RCC_IRQHandler
                0x08002920                EXTI15_10_IRQHandler
                0x08002920                ADC_IRQHandler
                0x08002920                DMA1_Stream7_IRQHandler
                0x08002920                TIM7_IRQHandler
                0x08002920                CAN2_TX_IRQHandler
                0x08002920                DMA2_Stream7_IRQHandler
                0x08002920                I2C3_EV_IRQHandler
                0x08002920                EXTI9_5_IRQHandler
                0x08002920                RTC_WKUP_IRQHandler
                0x08002920                ETH_WKUP_IRQHandler
                0x08002920                SPI2_IRQHandler
                0x08002920                OTG_HS_EP1_IN_IRQHandler
                0x08002920                DMA1_Stream0_IRQHandler
                0x08002920                CAN1_TX_IRQHandler
                0x08002920                EXTI4_IRQHandler
                0x08002920                FSMC_IRQHandler
                0x08002920                ETH_IRQHandler
                0x08002920                OTG_HS_EP1_OUT_IRQHandler
                0x08002920                WWDG_IRQHandler
                0x08002920                TIM1_TRG_COM_TIM11_IRQHandler
                0x08002920                OTG_HS_IRQHandler
                0x08002920                EXTI1_IRQHandler
                0x08002920                I2C2_ER_IRQHandler
                0x08002920                DMA2_Stream1_IRQHandler
                0x08002920                CAN1_SCE_IRQHandler
                0x08002920                FLASH_IRQHandler
                0x08002920                DMA2_Stream4_IRQHandler
                0x08002920                USART1_IRQHandler
                0x08002920                SPI3_IRQHandler
                0x08002920                DMA1_Stream4_IRQHandler
                0x08002920                I2C1_ER_IRQHandler
                0x08002920                DMA2_Stream6_IRQHandler
                0x08002920                DMA1_Stream3_IRQHandler
 .text.USBD_SetupStage
                0x08002928       0x6c ..\obj\usbd_core.o
 .text.USBD_DataOutStage
                0x08002994       0xd0 ..\obj\usbd_core.o
 .text.USBD_DataInStage
                0x08002a64      0x104 ..\obj\usbd_core.o
 .text.USBD_Reset
                0x08002b68       0x44 ..\obj\usbd_core.o
 .text.USBD_Resume
                0x08002bac       0x24 ..\obj\usbd_core.o
 .text.USBD_Suspend
                0x08002bd0       0x24 ..\obj\usbd_core.o
 .text.USBD_SOF
                0x08002bf4       0x2c ..\obj\usbd_core.o
 .text.USBD_SetCfg
                0x08002c20       0x30 ..\obj\usbd_core.o
                0x08002c20                USBD_SetCfg
 .text.USBD_ClrCfg
                0x08002c50       0x28 ..\obj\usbd_core.o
                0x08002c50                USBD_ClrCfg
 .text.USBD_IsoINIncomplete
                0x08002c78       0x20 ..\obj\usbd_core.o
 .text.USBD_IsoOUTIncomplete
                0x08002c98       0x20 ..\obj\usbd_core.o
 .text._ZN15SerialInterface20serialInterfaceSetupEPFvcE
                0x08002cb8       0x24 ..\obj\pin.o
                0x08002cb8                SerialInterface::serialInterfaceSetup(void (*)(char))
 .text._ZN15SerialInterface16serialReadStringEPc
                0x08002cdc       0x14 ..\obj\pin.o
                0x08002cdc                SerialInterface::serialReadString(char*)
 .text._ZN15SerialInterfaceC2Ev
                0x08002cf0       0x28 ..\obj\pin.o
                0x08002cf0                SerialInterface::SerialInterface()
                0x08002cf0                SerialInterface::SerialInterface()
 .text._ZN6Serial8ReceiverC2EPS_
                0x08002d18       0x38 ..\obj\pin.o
                0x08002d18                Serial::Receiver::Receiver(Serial*)
                0x08002d18                Serial::Receiver::Receiver(Serial*)
 .text._ZN6Serial8Receiver14serialReadCharEc
                0x08002d50       0x60 ..\obj\pin.o
                0x08002d50                Serial::Receiver::serialReadChar(char)
 .text._ZN6Serial8Receiver13charAvailableEv
                0x08002db0       0x28 ..\obj\pin.o
                0x08002db0                Serial::Receiver::charAvailable()
 .text._ZN6Serial8Receiver15stringAvailableEv
                0x08002dd8       0x1c ..\obj\pin.o
                0x08002dd8                Serial::Receiver::stringAvailable()
 .text._ZN6Serial8Receiver8readCharEv
                0x08002df4       0x1c ..\obj\pin.o
                0x08002df4                Serial::Receiver::readChar()
 .text._ZN6Serial8Receiver10readStringEPc
                0x08002e10       0xe8 ..\obj\pin.o
                0x08002e10                Serial::Receiver::readString(char*)
 .text._ZN6Serial15stringAvailableEv
                0x08002ef8       0x28 ..\obj\pin.o
                0x08002ef8                Serial::stringAvailable()
 .text._ZN6Serial10readStringEPc
                0x08002f20       0x34 ..\obj\pin.o
                0x08002f20                Serial::readString(char*)
 .text._ZN6Serial13charAvailableEv
                0x08002f54       0x28 ..\obj\pin.o
                0x08002f54                Serial::charAvailable()
 .text._ZN6Serial8readCharEv
                0x08002f7c       0x28 ..\obj\pin.o
                0x08002f7c                Serial::readChar()
 .text._ZN6Serial11stringWriteEPc
                0x08002fa4       0x40 ..\obj\pin.o
                0x08002fa4                Serial::stringWrite(char*)
 .text._ZN6Serial5setupEiR15SerialInterfaceii
                0x08002fe4       0x34 ..\obj\pin.o
                0x08002fe4                Serial::setup(int, SerialInterface&, int, int)
 .text._ZN6Serial5setupEiii
                0x08003018       0x4c ..\obj\pin.o
                0x08003018                Serial::setup(int, int, int)
 .text._ZN7Digital14setupDigitalInEv
                0x08003064       0x34 ..\obj\pin.o
                0x08003064                Digital::setupDigitalIn()
 .text._ZN7Digital15setupDigitalOutEv
                0x08003098       0x34 ..\obj\pin.o
                0x08003098                Digital::setupDigitalOut()
 .text._ZN7Digital20setupDigitalInPullUpEv
                0x080030cc       0x34 ..\obj\pin.o
                0x080030cc                Digital::setupDigitalInPullUp()
 .text._ZN7Digital22setupDigitalInPullDownEv
                0x08003100       0x34 ..\obj\pin.o
                0x08003100                Digital::setupDigitalInPullDown()
 .text._ZN7Digital12digitalWriteEi
                0x08003134       0x68 ..\obj\pin.o
                0x08003134                Digital::digitalWrite(int)
 .text._ZN7Digital11digitalReadEv
                0x0800319c       0x50 ..\obj\pin.o
                0x0800319c                Digital::digitalRead()
 .text._ZN7Digital11digitalHighEv
                0x080031ec       0x1c ..\obj\pin.o
                0x080031ec                Digital::digitalHigh()
 .text._ZN7Digital10digitalLowEv
                0x08003208       0x1c ..\obj\pin.o
                0x08003208                Digital::digitalLow()
 .text._ZN7Digital13digitalToggleEv
                0x08003224       0x34 ..\obj\pin.o
                0x08003224                Digital::digitalToggle()
 .text._ZN6Analog13setupAnalogInEv
                0x08003258       0x1c ..\obj\pin.o
                0x08003258                Analog::setupAnalogIn()
 .text._ZN6Analog10analogReadEv
                0x08003274       0x20 ..\obj\pin.o
                0x08003274                Analog::analogRead()
 .text._ZN3Pwm11setupPwmOutEff
                0x08003294       0x24 ..\obj\pin.o
                0x08003294                Pwm::setupPwmOut(float, float)
 .text._ZN3Pwm8pwmWriteEf
                0x080032b8       0x20 ..\obj\pin.o
                0x080032b8                Pwm::pwmWrite(float)
 .text._ZN3Pwm8pwmWriteEv
                0x080032d8       0x20 ..\obj\pin.o
                0x080032d8                Pwm::pwmWrite()
 .text._ZN2A016analogResolutionEv
                0x080032f8       0x20 ..\obj\pin.o
                0x080032f8                A0::analogResolution()
                0x08003310                non-virtual thunk to A0::analogResolution()
 .text._ZN2A013analogVoltageEv
                0x08003318       0x24 ..\obj\pin.o
                0x08003318                A0::analogVoltage()
                0x08003334                non-virtual thunk to A0::analogVoltage()
 .text._ZN2A116analogResolutionEv
                0x0800333c       0x20 ..\obj\pin.o
                0x0800333c                A1::analogResolution()
                0x08003354                non-virtual thunk to A1::analogResolution()
 .text._ZN2A113analogVoltageEv
                0x0800335c       0x24 ..\obj\pin.o
                0x0800335c                A1::analogVoltage()
                0x08003378                non-virtual thunk to A1::analogVoltage()
 .text._ZN2A216analogResolutionEv
                0x08003380       0x20 ..\obj\pin.o
                0x08003380                A2::analogResolution()
                0x08003398                non-virtual thunk to A2::analogResolution()
 .text._ZN2A213analogVoltageEv
                0x080033a0       0x24 ..\obj\pin.o
                0x080033a0                A2::analogVoltage()
                0x080033bc                non-virtual thunk to A2::analogVoltage()
 .text._ZN2A316analogResolutionEv
                0x080033c4       0x20 ..\obj\pin.o
                0x080033c4                A3::analogResolution()
                0x080033dc                non-virtual thunk to A3::analogResolution()
 .text._ZN2A313analogVoltageEv
                0x080033e4       0x24 ..\obj\pin.o
                0x080033e4                A3::analogVoltage()
                0x08003400                non-virtual thunk to A3::analogVoltage()
 .text._ZN2A416analogResolutionEv
                0x08003408       0x20 ..\obj\pin.o
                0x08003408                A4::analogResolution()
                0x08003420                non-virtual thunk to A4::analogResolution()
 .text._ZN2A413analogVoltageEv
                0x08003428       0x24 ..\obj\pin.o
                0x08003428                A4::analogVoltage()
                0x08003444                non-virtual thunk to A4::analogVoltage()
 .text._ZN4Led013_digitalWriteEv
                0x0800344c       0x24 ..\obj\pin.o
                0x0800344c                Led0::_digitalWrite()
 .text._ZN4Led013_digitalWriteEi
                0x08003470       0x38 ..\obj\pin.o
                0x08003470                Led0::_digitalWrite(int)
 .text._ZN4Led012_digitalReadEv
                0x080034a8       0x24 ..\obj\pin.o
                0x080034a8                Led0::_digitalRead()
 .text._ZN4Led015_setupDigitalInEv
                0x080034cc       0x2c ..\obj\pin.o
                0x080034cc                Led0::_setupDigitalIn()
 .text._ZN4Led016_setupDigitalOutEv
                0x080034f8       0x2c ..\obj\pin.o
                0x080034f8                Led0::_setupDigitalOut()
 .text._ZN4Led021_setupDigitalInPullUpEv
                0x08003524       0x2c ..\obj\pin.o
                0x08003524                Led0::_setupDigitalInPullUp()
 .text._ZN4Led023_setupDigitalInPullDownEv
                0x08003550       0x2c ..\obj\pin.o
                0x08003550                Led0::_setupDigitalInPullDown()
 .text._ZN4Led113_digitalWriteEv
                0x0800357c       0x24 ..\obj\pin.o
                0x0800357c                Led1::_digitalWrite()
 .text._ZN4Led113_digitalWriteEi
                0x080035a0       0x38 ..\obj\pin.o
                0x080035a0                Led1::_digitalWrite(int)
 .text._ZN4Led112_digitalReadEv
                0x080035d8       0x24 ..\obj\pin.o
                0x080035d8                Led1::_digitalRead()
 .text._ZN4Led115_setupDigitalInEv
                0x080035fc       0x2c ..\obj\pin.o
                0x080035fc                Led1::_setupDigitalIn()
 .text._ZN4Led116_setupDigitalOutEv
                0x08003628       0x2c ..\obj\pin.o
                0x08003628                Led1::_setupDigitalOut()
 .text._ZN4Led121_setupDigitalInPullUpEv
                0x08003654       0x2c ..\obj\pin.o
                0x08003654                Led1::_setupDigitalInPullUp()
 .text._ZN4Led123_setupDigitalInPullDownEv
                0x08003680       0x2c ..\obj\pin.o
                0x08003680                Led1::_setupDigitalInPullDown()
 .text._ZN4Led213_digitalWriteEv
                0x080036ac       0x24 ..\obj\pin.o
                0x080036ac                Led2::_digitalWrite()
 .text._ZN4Led213_digitalWriteEi
                0x080036d0       0x38 ..\obj\pin.o
                0x080036d0                Led2::_digitalWrite(int)
 .text._ZN4Led212_digitalReadEv
                0x08003708       0x24 ..\obj\pin.o
                0x08003708                Led2::_digitalRead()
 .text._ZN4Led215_setupDigitalInEv
                0x0800372c       0x2c ..\obj\pin.o
                0x0800372c                Led2::_setupDigitalIn()
 .text._ZN4Led216_setupDigitalOutEv
                0x08003758       0x2c ..\obj\pin.o
                0x08003758                Led2::_setupDigitalOut()
 .text._ZN4Led221_setupDigitalInPullUpEv
                0x08003784       0x2c ..\obj\pin.o
                0x08003784                Led2::_setupDigitalInPullUp()
 .text._ZN4Led223_setupDigitalInPullDownEv
                0x080037b0       0x2c ..\obj\pin.o
                0x080037b0                Led2::_setupDigitalInPullDown()
 .text._ZN4Led313_digitalWriteEv
                0x080037dc       0x24 ..\obj\pin.o
                0x080037dc                Led3::_digitalWrite()
 .text._ZN4Led313_digitalWriteEi
                0x08003800       0x38 ..\obj\pin.o
                0x08003800                Led3::_digitalWrite(int)
 .text._ZN4Led312_digitalReadEv
                0x08003838       0x24 ..\obj\pin.o
                0x08003838                Led3::_digitalRead()
 .text._ZN4Led315_setupDigitalInEv
                0x0800385c       0x2c ..\obj\pin.o
                0x0800385c                Led3::_setupDigitalIn()
 .text._ZN4Led316_setupDigitalOutEv
                0x08003888       0x2c ..\obj\pin.o
                0x08003888                Led3::_setupDigitalOut()
 .text._ZN4Led321_setupDigitalInPullUpEv
                0x080038b4       0x2c ..\obj\pin.o
                0x080038b4                Led3::_setupDigitalInPullUp()
 .text._ZN4Led323_setupDigitalInPullDownEv
                0x080038e0       0x2c ..\obj\pin.o
                0x080038e0                Led3::_setupDigitalInPullDown()
 .text._ZN3Sw013_digitalWriteEv
                0x0800390c       0x20 ..\obj\pin.o
                0x0800390c                Sw0::_digitalWrite()
 .text._ZN3Sw013_digitalWriteEi
                0x0800392c       0x34 ..\obj\pin.o
                0x0800392c                Sw0::_digitalWrite(int)
 .text._ZN3Sw012_digitalReadEv
                0x08003960       0x20 ..\obj\pin.o
                0x08003960                Sw0::_digitalRead()
 .text._ZN3Sw015_setupDigitalInEv
                0x08003980       0x28 ..\obj\pin.o
                0x08003980                Sw0::_setupDigitalIn()
 .text._ZN3Sw016_setupDigitalOutEv
                0x080039a8       0x18 ..\obj\pin.o
                0x080039a8                Sw0::_setupDigitalOut()
 .text._ZN3Sw021_setupDigitalInPullUpEv
                0x080039c0       0x28 ..\obj\pin.o
                0x080039c0                Sw0::_setupDigitalInPullUp()
 .text._ZN3Sw023_setupDigitalInPullDownEv
                0x080039e8       0x28 ..\obj\pin.o
                0x080039e8                Sw0::_setupDigitalInPullDown()
 .text._ZN3Sw113_digitalWriteEv
                0x08003a10       0x24 ..\obj\pin.o
                0x08003a10                Sw1::_digitalWrite()
 .text._ZN3Sw113_digitalWriteEi
                0x08003a34       0x38 ..\obj\pin.o
                0x08003a34                Sw1::_digitalWrite(int)
 .text._ZN3Sw112_digitalReadEv
                0x08003a6c       0x24 ..\obj\pin.o
                0x08003a6c                Sw1::_digitalRead()
 .text._ZN3Sw115_setupDigitalInEv
                0x08003a90       0x2c ..\obj\pin.o
                0x08003a90                Sw1::_setupDigitalIn()
 .text._ZN3Sw116_setupDigitalOutEv
                0x08003abc       0x18 ..\obj\pin.o
                0x08003abc                Sw1::_setupDigitalOut()
 .text._ZN3Sw121_setupDigitalInPullUpEv
                0x08003ad4       0x2c ..\obj\pin.o
                0x08003ad4                Sw1::_setupDigitalInPullUp()
 .text._ZN3Sw123_setupDigitalInPullDownEv
                0x08003b00       0x2c ..\obj\pin.o
                0x08003b00                Sw1::_setupDigitalInPullDown()
 .text._ZN3Sw213_digitalWriteEv
                0x08003b2c       0x24 ..\obj\pin.o
                0x08003b2c                Sw2::_digitalWrite()
 .text._ZN3Sw213_digitalWriteEi
                0x08003b50       0x38 ..\obj\pin.o
                0x08003b50                Sw2::_digitalWrite(int)
 .text._ZN3Sw212_digitalReadEv
                0x08003b88       0x24 ..\obj\pin.o
                0x08003b88                Sw2::_digitalRead()
 .text._ZN3Sw215_setupDigitalInEv
                0x08003bac       0x2c ..\obj\pin.o
                0x08003bac                Sw2::_setupDigitalIn()
 .text._ZN3Sw216_setupDigitalOutEv
                0x08003bd8       0x18 ..\obj\pin.o
                0x08003bd8                Sw2::_setupDigitalOut()
 .text._ZN3Sw221_setupDigitalInPullUpEv
                0x08003bf0       0x2c ..\obj\pin.o
                0x08003bf0                Sw2::_setupDigitalInPullUp()
 .text._ZN3Sw223_setupDigitalInPullDownEv
                0x08003c1c       0x2c ..\obj\pin.o
                0x08003c1c                Sw2::_setupDigitalInPullDown()
 .text._ZN3Sw313_digitalWriteEv
                0x08003c48       0x24 ..\obj\pin.o
                0x08003c48                Sw3::_digitalWrite()
 .text._ZN3Sw313_digitalWriteEi
                0x08003c6c       0x38 ..\obj\pin.o
                0x08003c6c                Sw3::_digitalWrite(int)
 .text._ZN3Sw312_digitalReadEv
                0x08003ca4       0x24 ..\obj\pin.o
                0x08003ca4                Sw3::_digitalRead()
 .text._ZN3Sw315_setupDigitalInEv
                0x08003cc8       0x2c ..\obj\pin.o
                0x08003cc8                Sw3::_setupDigitalIn()
 .text._ZN3Sw316_setupDigitalOutEv
                0x08003cf4       0x18 ..\obj\pin.o
                0x08003cf4                Sw3::_setupDigitalOut()
 .text._ZN3Sw321_setupDigitalInPullUpEv
                0x08003d0c       0x2c ..\obj\pin.o
                0x08003d0c                Sw3::_setupDigitalInPullUp()
 .text._ZN3Sw323_setupDigitalInPullDownEv
                0x08003d38       0x2c ..\obj\pin.o
                0x08003d38                Sw3::_setupDigitalInPullDown()
 .text._ZN6Buzzer13_digitalWriteEv
                0x08003d64       0x20 ..\obj\pin.o
                0x08003d64                Buzzer::_digitalWrite()
 .text._ZN6Buzzer13_digitalWriteEi
                0x08003d84       0x34 ..\obj\pin.o
                0x08003d84                Buzzer::_digitalWrite(int)
 .text._ZN6Buzzer12_digitalReadEv
                0x08003db8       0x20 ..\obj\pin.o
                0x08003db8                Buzzer::_digitalRead()
 .text._ZN6Buzzer15_setupDigitalInEv
                0x08003dd8       0x28 ..\obj\pin.o
                0x08003dd8                Buzzer::_setupDigitalIn()
 .text._ZN6Buzzer16_setupDigitalOutEv
                0x08003e00       0x28 ..\obj\pin.o
                0x08003e00                Buzzer::_setupDigitalOut()
 .text._ZN6Buzzer21_setupDigitalInPullUpEv
                0x08003e28       0x28 ..\obj\pin.o
                0x08003e28                Buzzer::_setupDigitalInPullUp()
 .text._ZN6Buzzer23_setupDigitalInPullDownEv
                0x08003e50       0x28 ..\obj\pin.o
                0x08003e50                Buzzer::_setupDigitalInPullDown()
 .text._ZN3CW013_digitalWriteEv
                0x08003e78       0x20 ..\obj\pin.o
                0x08003e78                CW0::_digitalWrite()
 .text._ZN3CW013_digitalWriteEi
                0x08003e98       0x30 ..\obj\pin.o
                0x08003e98                CW0::_digitalWrite(int)
 .text._ZN3CW012_digitalReadEv
                0x08003ec8       0x20 ..\obj\pin.o
                0x08003ec8                CW0::_digitalRead()
 .text._ZN3CW015_setupDigitalInEv
                0x08003ee8       0x28 ..\obj\pin.o
                0x08003ee8                CW0::_setupDigitalIn()
 .text._ZN3CW016_setupDigitalOutEv
                0x08003f10       0x28 ..\obj\pin.o
                0x08003f10                CW0::_setupDigitalOut()
 .text._ZN3CW021_setupDigitalInPullUpEv
                0x08003f38       0x28 ..\obj\pin.o
                0x08003f38                CW0::_setupDigitalInPullUp()
 .text._ZN3CW023_setupDigitalInPullDownEv
                0x08003f60       0x28 ..\obj\pin.o
                0x08003f60                CW0::_setupDigitalInPullDown()
 .text._ZN4CCW013_digitalWriteEv
                0x08003f88       0x20 ..\obj\pin.o
                0x08003f88                CCW0::_digitalWrite()
 .text._ZN4CCW013_digitalWriteEi
                0x08003fa8       0x34 ..\obj\pin.o
                0x08003fa8                CCW0::_digitalWrite(int)
 .text._ZN4CCW012_digitalReadEv
                0x08003fdc       0x20 ..\obj\pin.o
                0x08003fdc                CCW0::_digitalRead()
 .text._ZN4CCW015_setupDigitalInEv
                0x08003ffc       0x28 ..\obj\pin.o
                0x08003ffc                CCW0::_setupDigitalIn()
 .text._ZN4CCW016_setupDigitalOutEv
                0x08004024       0x28 ..\obj\pin.o
                0x08004024                CCW0::_setupDigitalOut()
 .text._ZN4CCW021_setupDigitalInPullUpEv
                0x0800404c       0x28 ..\obj\pin.o
                0x0800404c                CCW0::_setupDigitalInPullUp()
 .text._ZN4CCW023_setupDigitalInPullDownEv
                0x08004074       0x28 ..\obj\pin.o
                0x08004074                CCW0::_setupDigitalInPullDown()
 .text._ZN3CW113_digitalWriteEv
                0x0800409c       0x24 ..\obj\pin.o
                0x0800409c                CW1::_digitalWrite()
 .text._ZN3CW113_digitalWriteEi
                0x080040c0       0x38 ..\obj\pin.o
                0x080040c0                CW1::_digitalWrite(int)
 .text._ZN3CW112_digitalReadEv
                0x080040f8       0x24 ..\obj\pin.o
                0x080040f8                CW1::_digitalRead()
 .text._ZN3CW115_setupDigitalInEv
                0x0800411c       0x2c ..\obj\pin.o
                0x0800411c                CW1::_setupDigitalIn()
 .text._ZN3CW116_setupDigitalOutEv
                0x08004148       0x2c ..\obj\pin.o
                0x08004148                CW1::_setupDigitalOut()
 .text._ZN3CW121_setupDigitalInPullUpEv
                0x08004174       0x2c ..\obj\pin.o
                0x08004174                CW1::_setupDigitalInPullUp()
 .text._ZN3CW123_setupDigitalInPullDownEv
                0x080041a0       0x2c ..\obj\pin.o
                0x080041a0                CW1::_setupDigitalInPullDown()
 .text._ZN4CCW113_digitalWriteEv
                0x080041cc       0x20 ..\obj\pin.o
                0x080041cc                CCW1::_digitalWrite()
 .text._ZN4CCW113_digitalWriteEi
                0x080041ec       0x30 ..\obj\pin.o
                0x080041ec                CCW1::_digitalWrite(int)
 .text._ZN4CCW112_digitalReadEv
                0x0800421c       0x20 ..\obj\pin.o
                0x0800421c                CCW1::_digitalRead()
 .text._ZN4CCW115_setupDigitalInEv
                0x0800423c       0x28 ..\obj\pin.o
                0x0800423c                CCW1::_setupDigitalIn()
 .text._ZN4CCW116_setupDigitalOutEv
                0x08004264       0x28 ..\obj\pin.o
                0x08004264                CCW1::_setupDigitalOut()
 .text._ZN4CCW121_setupDigitalInPullUpEv
                0x0800428c       0x28 ..\obj\pin.o
                0x0800428c                CCW1::_setupDigitalInPullUp()
 .text._ZN4CCW123_setupDigitalInPullDownEv
                0x080042b4       0x28 ..\obj\pin.o
                0x080042b4                CCW1::_setupDigitalInPullDown()
 .text._ZN3CW213_digitalWriteEv
                0x080042dc       0x20 ..\obj\pin.o
                0x080042dc                CW2::_digitalWrite()
 .text._ZN3CW213_digitalWriteEi
                0x080042fc       0x34 ..\obj\pin.o
                0x080042fc                CW2::_digitalWrite(int)
 .text._ZN3CW212_digitalReadEv
                0x08004330       0x20 ..\obj\pin.o
                0x08004330                CW2::_digitalRead()
 .text._ZN3CW215_setupDigitalInEv
                0x08004350       0x28 ..\obj\pin.o
                0x08004350                CW2::_setupDigitalIn()
 .text._ZN3CW216_setupDigitalOutEv
                0x08004378       0x28 ..\obj\pin.o
                0x08004378                CW2::_setupDigitalOut()
 .text._ZN3CW221_setupDigitalInPullUpEv
                0x080043a0       0x28 ..\obj\pin.o
                0x080043a0                CW2::_setupDigitalInPullUp()
 .text._ZN3CW223_setupDigitalInPullDownEv
                0x080043c8       0x28 ..\obj\pin.o
                0x080043c8                CW2::_setupDigitalInPullDown()
 .text._ZN4CCW213_digitalWriteEv
                0x080043f0       0x20 ..\obj\pin.o
                0x080043f0                CCW2::_digitalWrite()
 .text._ZN4CCW213_digitalWriteEi
                0x08004410       0x34 ..\obj\pin.o
                0x08004410                CCW2::_digitalWrite(int)
 .text._ZN4CCW212_digitalReadEv
                0x08004444       0x20 ..\obj\pin.o
                0x08004444                CCW2::_digitalRead()
 .text._ZN4CCW215_setupDigitalInEv
                0x08004464       0x28 ..\obj\pin.o
                0x08004464                CCW2::_setupDigitalIn()
 .text._ZN4CCW216_setupDigitalOutEv
                0x0800448c       0x28 ..\obj\pin.o
                0x0800448c                CCW2::_setupDigitalOut()
 .text._ZN4CCW221_setupDigitalInPullUpEv
                0x080044b4       0x28 ..\obj\pin.o
                0x080044b4                CCW2::_setupDigitalInPullUp()
 .text._ZN4CCW223_setupDigitalInPullDownEv
                0x080044dc       0x28 ..\obj\pin.o
                0x080044dc                CCW2::_setupDigitalInPullDown()
 .text._ZN3CW313_digitalWriteEv
                0x08004504       0x24 ..\obj\pin.o
                0x08004504                CW3::_digitalWrite()
 .text._ZN3CW313_digitalWriteEi
                0x08004528       0x38 ..\obj\pin.o
                0x08004528                CW3::_digitalWrite(int)
 .text._ZN3CW312_digitalReadEv
                0x08004560       0x24 ..\obj\pin.o
                0x08004560                CW3::_digitalRead()
 .text._ZN3CW315_setupDigitalInEv
                0x08004584       0x2c ..\obj\pin.o
                0x08004584                CW3::_setupDigitalIn()
 .text._ZN3CW316_setupDigitalOutEv
                0x080045b0       0x2c ..\obj\pin.o
                0x080045b0                CW3::_setupDigitalOut()
 .text._ZN3CW321_setupDigitalInPullUpEv
                0x080045dc       0x2c ..\obj\pin.o
                0x080045dc                CW3::_setupDigitalInPullUp()
 .text._ZN3CW323_setupDigitalInPullDownEv
                0x08004608       0x2c ..\obj\pin.o
                0x08004608                CW3::_setupDigitalInPullDown()
 .text._ZN4CCW313_digitalWriteEv
                0x08004634       0x20 ..\obj\pin.o
                0x08004634                CCW3::_digitalWrite()
 .text._ZN4CCW313_digitalWriteEi
                0x08004654       0x34 ..\obj\pin.o
                0x08004654                CCW3::_digitalWrite(int)
 .text._ZN4CCW312_digitalReadEv
                0x08004688       0x20 ..\obj\pin.o
                0x08004688                CCW3::_digitalRead()
 .text._ZN4CCW315_setupDigitalInEv
                0x080046a8       0x28 ..\obj\pin.o
                0x080046a8                CCW3::_setupDigitalIn()
 .text._ZN4CCW316_setupDigitalOutEv
                0x080046d0       0x28 ..\obj\pin.o
                0x080046d0                CCW3::_setupDigitalOut()
 .text._ZN4CCW321_setupDigitalInPullUpEv
                0x080046f8       0x28 ..\obj\pin.o
                0x080046f8                CCW3::_setupDigitalInPullUp()
 .text._ZN4CCW323_setupDigitalInPullDownEv
                0x08004720       0x28 ..\obj\pin.o
                0x08004720                CCW3::_setupDigitalInPullDown()
 .text._ZN3CW413_digitalWriteEv
                0x08004748       0x20 ..\obj\pin.o
                0x08004748                CW4::_digitalWrite()
 .text._ZN3CW413_digitalWriteEi
                0x08004768       0x34 ..\obj\pin.o
                0x08004768                CW4::_digitalWrite(int)
 .text._ZN3CW412_digitalReadEv
                0x0800479c       0x20 ..\obj\pin.o
                0x0800479c                CW4::_digitalRead()
 .text._ZN3CW415_setupDigitalInEv
                0x080047bc       0x28 ..\obj\pin.o
                0x080047bc                CW4::_setupDigitalIn()
 .text._ZN3CW416_setupDigitalOutEv
                0x080047e4       0x28 ..\obj\pin.o
                0x080047e4                CW4::_setupDigitalOut()
 .text._ZN3CW421_setupDigitalInPullUpEv
                0x0800480c       0x28 ..\obj\pin.o
                0x0800480c                CW4::_setupDigitalInPullUp()
 .text._ZN3CW423_setupDigitalInPullDownEv
                0x08004834       0x28 ..\obj\pin.o
                0x08004834                CW4::_setupDigitalInPullDown()
 .text._ZN4CCW413_digitalWriteEv
                0x0800485c       0x20 ..\obj\pin.o
                0x0800485c                CCW4::_digitalWrite()
 .text._ZN4CCW413_digitalWriteEi
                0x0800487c       0x34 ..\obj\pin.o
                0x0800487c                CCW4::_digitalWrite(int)
 .text._ZN4CCW412_digitalReadEv
                0x080048b0       0x20 ..\obj\pin.o
                0x080048b0                CCW4::_digitalRead()
 .text._ZN4CCW415_setupDigitalInEv
                0x080048d0       0x28 ..\obj\pin.o
                0x080048d0                CCW4::_setupDigitalIn()
 .text._ZN4CCW416_setupDigitalOutEv
                0x080048f8       0x28 ..\obj\pin.o
                0x080048f8                CCW4::_setupDigitalOut()
 .text._ZN4CCW421_setupDigitalInPullUpEv
                0x08004920       0x28 ..\obj\pin.o
                0x08004920                CCW4::_setupDigitalInPullUp()
 .text._ZN4CCW423_setupDigitalInPullDownEv
                0x08004948       0x28 ..\obj\pin.o
                0x08004948                CCW4::_setupDigitalInPullDown()
 .text._ZN3CW513_digitalWriteEv
                0x08004970       0x24 ..\obj\pin.o
                0x08004970                CW5::_digitalWrite()
 .text._ZN3CW513_digitalWriteEi
                0x08004994       0x38 ..\obj\pin.o
                0x08004994                CW5::_digitalWrite(int)
 .text._ZN3CW512_digitalReadEv
                0x080049cc       0x24 ..\obj\pin.o
                0x080049cc                CW5::_digitalRead()
 .text._ZN3CW515_setupDigitalInEv
                0x080049f0       0x2c ..\obj\pin.o
                0x080049f0                CW5::_setupDigitalIn()
 .text._ZN3CW516_setupDigitalOutEv
                0x08004a1c       0x2c ..\obj\pin.o
                0x08004a1c                CW5::_setupDigitalOut()
 .text._ZN3CW521_setupDigitalInPullUpEv
                0x08004a48       0x2c ..\obj\pin.o
                0x08004a48                CW5::_setupDigitalInPullUp()
 .text._ZN3CW523_setupDigitalInPullDownEv
                0x08004a74       0x2c ..\obj\pin.o
                0x08004a74                CW5::_setupDigitalInPullDown()
 .text._ZN4CCW513_digitalWriteEv
                0x08004aa0       0x20 ..\obj\pin.o
                0x08004aa0                CCW5::_digitalWrite()
 .text._ZN4CCW513_digitalWriteEi
                0x08004ac0       0x34 ..\obj\pin.o
                0x08004ac0                CCW5::_digitalWrite(int)
 .text._ZN4CCW512_digitalReadEv
                0x08004af4       0x20 ..\obj\pin.o
                0x08004af4                CCW5::_digitalRead()
 .text._ZN4CCW515_setupDigitalInEv
                0x08004b14       0x28 ..\obj\pin.o
                0x08004b14                CCW5::_setupDigitalIn()
 .text._ZN4CCW516_setupDigitalOutEv
                0x08004b3c       0x28 ..\obj\pin.o
                0x08004b3c                CCW5::_setupDigitalOut()
 .text._ZN4CCW521_setupDigitalInPullUpEv
                0x08004b64       0x28 ..\obj\pin.o
                0x08004b64                CCW5::_setupDigitalInPullUp()
 .text._ZN4CCW523_setupDigitalInPullDownEv
                0x08004b8c       0x28 ..\obj\pin.o
                0x08004b8c                CCW5::_setupDigitalInPullDown()
 .text._ZN2A013_digitalWriteEv
                0x08004bb4       0x20 ..\obj\pin.o
                0x08004bb4                A0::_digitalWrite()
 .text._ZN2A013_digitalWriteEi
                0x08004bd4       0x34 ..\obj\pin.o
                0x08004bd4                A0::_digitalWrite(int)
 .text._ZN2A012_digitalReadEv
                0x08004c08       0x20 ..\obj\pin.o
                0x08004c08                A0::_digitalRead()
 .text._ZN2A015_setupDigitalInEv
                0x08004c28       0x28 ..\obj\pin.o
                0x08004c28                A0::_setupDigitalIn()
 .text._ZN2A016_setupDigitalOutEv
                0x08004c50       0x30 ..\obj\pin.o
                0x08004c50                A0::_setupDigitalOut()
 .text._ZN2A021_setupDigitalInPullUpEv
                0x08004c80       0x28 ..\obj\pin.o
                0x08004c80                A0::_setupDigitalInPullUp()
 .text._ZN2A023_setupDigitalInPullDownEv
                0x08004ca8       0x28 ..\obj\pin.o
                0x08004ca8                A0::_setupDigitalInPullDown()
 .text._ZN2A113_digitalWriteEv
                0x08004cd0       0x20 ..\obj\pin.o
                0x08004cd0                A1::_digitalWrite()
 .text._ZN2A113_digitalWriteEi
                0x08004cf0       0x34 ..\obj\pin.o
                0x08004cf0                A1::_digitalWrite(int)
 .text._ZN2A112_digitalReadEv
                0x08004d24       0x20 ..\obj\pin.o
                0x08004d24                A1::_digitalRead()
 .text._ZN2A115_setupDigitalInEv
                0x08004d44       0x28 ..\obj\pin.o
                0x08004d44                A1::_setupDigitalIn()
 .text._ZN2A116_setupDigitalOutEv
                0x08004d6c       0x30 ..\obj\pin.o
                0x08004d6c                A1::_setupDigitalOut()
 .text._ZN2A121_setupDigitalInPullUpEv
                0x08004d9c       0x28 ..\obj\pin.o
                0x08004d9c                A1::_setupDigitalInPullUp()
 .text._ZN2A123_setupDigitalInPullDownEv
                0x08004dc4       0x28 ..\obj\pin.o
                0x08004dc4                A1::_setupDigitalInPullDown()
 .text._ZN2A213_digitalWriteEv
                0x08004dec       0x20 ..\obj\pin.o
                0x08004dec                A2::_digitalWrite()
 .text._ZN2A213_digitalWriteEi
                0x08004e0c       0x34 ..\obj\pin.o
                0x08004e0c                A2::_digitalWrite(int)
 .text._ZN2A212_digitalReadEv
                0x08004e40       0x20 ..\obj\pin.o
                0x08004e40                A2::_digitalRead()
 .text._ZN2A215_setupDigitalInEv
                0x08004e60       0x28 ..\obj\pin.o
                0x08004e60                A2::_setupDigitalIn()
 .text._ZN2A216_setupDigitalOutEv
                0x08004e88       0x30 ..\obj\pin.o
                0x08004e88                A2::_setupDigitalOut()
 .text._ZN2A221_setupDigitalInPullUpEv
                0x08004eb8       0x28 ..\obj\pin.o
                0x08004eb8                A2::_setupDigitalInPullUp()
 .text._ZN2A223_setupDigitalInPullDownEv
                0x08004ee0       0x28 ..\obj\pin.o
                0x08004ee0                A2::_setupDigitalInPullDown()
 .text._ZN2A313_digitalWriteEv
                0x08004f08       0x20 ..\obj\pin.o
                0x08004f08                A3::_digitalWrite()
 .text._ZN2A313_digitalWriteEi
                0x08004f28       0x34 ..\obj\pin.o
                0x08004f28                A3::_digitalWrite(int)
 .text._ZN2A312_digitalReadEv
                0x08004f5c       0x20 ..\obj\pin.o
                0x08004f5c                A3::_digitalRead()
 .text._ZN2A315_setupDigitalInEv
                0x08004f7c       0x28 ..\obj\pin.o
                0x08004f7c                A3::_setupDigitalIn()
 .text._ZN2A316_setupDigitalOutEv
                0x08004fa4       0x30 ..\obj\pin.o
                0x08004fa4                A3::_setupDigitalOut()
 .text._ZN2A321_setupDigitalInPullUpEv
                0x08004fd4       0x28 ..\obj\pin.o
                0x08004fd4                A3::_setupDigitalInPullUp()
 .text._ZN2A323_setupDigitalInPullDownEv
                0x08004ffc       0x28 ..\obj\pin.o
                0x08004ffc                A3::_setupDigitalInPullDown()
 .text._ZN2A413_digitalWriteEv
                0x08005024       0x20 ..\obj\pin.o
                0x08005024                A4::_digitalWrite()
 .text._ZN2A413_digitalWriteEi
                0x08005044       0x34 ..\obj\pin.o
                0x08005044                A4::_digitalWrite(int)
 .text._ZN2A412_digitalReadEv
                0x08005078       0x20 ..\obj\pin.o
                0x08005078                A4::_digitalRead()
 .text._ZN2A415_setupDigitalInEv
                0x08005098       0x28 ..\obj\pin.o
                0x08005098                A4::_setupDigitalIn()
 .text._ZN2A416_setupDigitalOutEv
                0x080050c0       0x30 ..\obj\pin.o
                0x080050c0                A4::_setupDigitalOut()
 .text._ZN2A421_setupDigitalInPullUpEv
                0x080050f0       0x28 ..\obj\pin.o
                0x080050f0                A4::_setupDigitalInPullUp()
 .text._ZN2A423_setupDigitalInPullDownEv
                0x08005118       0x28 ..\obj\pin.o
                0x08005118                A4::_setupDigitalInPullDown()
 .text._ZN4Pwm013_digitalWriteEv
                0x08005140       0x24 ..\obj\pin.o
                0x08005140                Pwm0::_digitalWrite()
 .text._ZN4Pwm013_digitalWriteEi
                0x08005164       0x38 ..\obj\pin.o
                0x08005164                Pwm0::_digitalWrite(int)
 .text._ZN4Pwm012_digitalReadEv
                0x0800519c       0x24 ..\obj\pin.o
                0x0800519c                Pwm0::_digitalRead()
 .text._ZN4Pwm015_setupDigitalInEv
                0x080051c0       0x2c ..\obj\pin.o
                0x080051c0                Pwm0::_setupDigitalIn()
 .text._ZN4Pwm016_setupDigitalOutEv
                0x080051ec       0x30 ..\obj\pin.o
                0x080051ec                Pwm0::_setupDigitalOut()
 .text._ZN4Pwm021_setupDigitalInPullUpEv
                0x0800521c       0x2c ..\obj\pin.o
                0x0800521c                Pwm0::_setupDigitalInPullUp()
 .text._ZN4Pwm023_setupDigitalInPullDownEv
                0x08005248       0x2c ..\obj\pin.o
                0x08005248                Pwm0::_setupDigitalInPullDown()
 .text._ZN4Pwm113_digitalWriteEv
                0x08005274       0x20 ..\obj\pin.o
                0x08005274                Pwm1::_digitalWrite()
 .text._ZN4Pwm113_digitalWriteEi
                0x08005294       0x34 ..\obj\pin.o
                0x08005294                Pwm1::_digitalWrite(int)
 .text._ZN4Pwm112_digitalReadEv
                0x080052c8       0x20 ..\obj\pin.o
                0x080052c8                Pwm1::_digitalRead()
 .text._ZN4Pwm115_setupDigitalInEv
                0x080052e8       0x28 ..\obj\pin.o
                0x080052e8                Pwm1::_setupDigitalIn()
 .text._ZN4Pwm116_setupDigitalOutEv
                0x08005310       0x30 ..\obj\pin.o
                0x08005310                Pwm1::_setupDigitalOut()
 .text._ZN4Pwm121_setupDigitalInPullUpEv
                0x08005340       0x28 ..\obj\pin.o
                0x08005340                Pwm1::_setupDigitalInPullUp()
 .text._ZN4Pwm123_setupDigitalInPullDownEv
                0x08005368       0x28 ..\obj\pin.o
                0x08005368                Pwm1::_setupDigitalInPullDown()
 .text._ZN4Pwm213_digitalWriteEv
                0x08005390       0x20 ..\obj\pin.o
                0x08005390                Pwm2::_digitalWrite()
 .text._ZN4Pwm213_digitalWriteEi
                0x080053b0       0x34 ..\obj\pin.o
                0x080053b0                Pwm2::_digitalWrite(int)
 .text._ZN4Pwm212_digitalReadEv
                0x080053e4       0x20 ..\obj\pin.o
                0x080053e4                Pwm2::_digitalRead()
 .text._ZN4Pwm215_setupDigitalInEv
                0x08005404       0x28 ..\obj\pin.o
                0x08005404                Pwm2::_setupDigitalIn()
 .text._ZN4Pwm216_setupDigitalOutEv
                0x0800542c       0x30 ..\obj\pin.o
                0x0800542c                Pwm2::_setupDigitalOut()
 .text._ZN4Pwm221_setupDigitalInPullUpEv
                0x0800545c       0x28 ..\obj\pin.o
                0x0800545c                Pwm2::_setupDigitalInPullUp()
 .text._ZN4Pwm223_setupDigitalInPullDownEv
                0x08005484       0x28 ..\obj\pin.o
                0x08005484                Pwm2::_setupDigitalInPullDown()
 .text._ZN4Pwm313_digitalWriteEv
                0x080054ac       0x24 ..\obj\pin.o
                0x080054ac                Pwm3::_digitalWrite()
 .text._ZN4Pwm313_digitalWriteEi
                0x080054d0       0x38 ..\obj\pin.o
                0x080054d0                Pwm3::_digitalWrite(int)
 .text._ZN4Pwm312_digitalReadEv
                0x08005508       0x24 ..\obj\pin.o
                0x08005508                Pwm3::_digitalRead()
 .text._ZN4Pwm315_setupDigitalInEv
                0x0800552c       0x2c ..\obj\pin.o
                0x0800552c                Pwm3::_setupDigitalIn()
 .text._ZN4Pwm316_setupDigitalOutEv
                0x08005558       0x30 ..\obj\pin.o
                0x08005558                Pwm3::_setupDigitalOut()
 .text._ZN4Pwm321_setupDigitalInPullUpEv
                0x08005588       0x2c ..\obj\pin.o
                0x08005588                Pwm3::_setupDigitalInPullUp()
 .text._ZN4Pwm323_setupDigitalInPullDownEv
                0x080055b4       0x2c ..\obj\pin.o
                0x080055b4                Pwm3::_setupDigitalInPullDown()
 .text._ZN4Pwm413_digitalWriteEv
                0x080055e0       0x24 ..\obj\pin.o
                0x080055e0                Pwm4::_digitalWrite()
 .text._ZN4Pwm413_digitalWriteEi
                0x08005604       0x38 ..\obj\pin.o
                0x08005604                Pwm4::_digitalWrite(int)
 .text._ZN4Pwm412_digitalReadEv
                0x0800563c       0x24 ..\obj\pin.o
                0x0800563c                Pwm4::_digitalRead()
 .text._ZN4Pwm415_setupDigitalInEv
                0x08005660       0x2c ..\obj\pin.o
                0x08005660                Pwm4::_setupDigitalIn()
 .text._ZN4Pwm416_setupDigitalOutEv
                0x0800568c       0x30 ..\obj\pin.o
                0x0800568c                Pwm4::_setupDigitalOut()
 .text._ZN4Pwm421_setupDigitalInPullUpEv
                0x080056bc       0x2c ..\obj\pin.o
                0x080056bc                Pwm4::_setupDigitalInPullUp()
 .text._ZN4Pwm423_setupDigitalInPullDownEv
                0x080056e8       0x2c ..\obj\pin.o
                0x080056e8                Pwm4::_setupDigitalInPullDown()
 .text._ZN4Pwm513_digitalWriteEv
                0x08005714       0x24 ..\obj\pin.o
                0x08005714                Pwm5::_digitalWrite()
 .text._ZN4Pwm513_digitalWriteEi
                0x08005738       0x38 ..\obj\pin.o
                0x08005738                Pwm5::_digitalWrite(int)
 .text._ZN4Pwm512_digitalReadEv
                0x08005770       0x24 ..\obj\pin.o
                0x08005770                Pwm5::_digitalRead()
 .text._ZN4Pwm515_setupDigitalInEv
                0x08005794       0x2c ..\obj\pin.o
                0x08005794                Pwm5::_setupDigitalIn()
 .text._ZN4Pwm516_setupDigitalOutEv
                0x080057c0       0x30 ..\obj\pin.o
                0x080057c0                Pwm5::_setupDigitalOut()
 .text._ZN4Pwm521_setupDigitalInPullUpEv
                0x080057f0       0x2c ..\obj\pin.o
                0x080057f0                Pwm5::_setupDigitalInPullUp()
 .text._ZN4Pwm523_setupDigitalInPullDownEv
                0x0800581c       0x2c ..\obj\pin.o
                0x0800581c                Pwm5::_setupDigitalInPullDown()
 .text._ZN2A014_setupAnalogInEv
                0x08005848       0x28 ..\obj\pin.o
                0x08005848                A0::_setupAnalogIn()
 .text._ZThn8_N2A014_setupAnalogInEv
                0x08005870        0x8 ..\obj\pin.o
                0x08005870                non-virtual thunk to A0::_setupAnalogIn()
 .text._ZN2A011_analogReadEv
                0x08005878       0x40 ..\obj\pin.o
                0x08005878                A0::_analogRead()
 .text._ZThn8_N2A011_analogReadEv
                0x080058b8        0x8 ..\obj\pin.o
                0x080058b8                non-virtual thunk to A0::_analogRead()
 .text._ZN2A114_setupAnalogInEv
                0x080058c0       0x28 ..\obj\pin.o
                0x080058c0                A1::_setupAnalogIn()
 .text._ZThn8_N2A114_setupAnalogInEv
                0x080058e8        0x8 ..\obj\pin.o
                0x080058e8                non-virtual thunk to A1::_setupAnalogIn()
 .text._ZN2A111_analogReadEv
                0x080058f0       0x40 ..\obj\pin.o
                0x080058f0                A1::_analogRead()
 .text._ZThn8_N2A111_analogReadEv
                0x08005930        0x8 ..\obj\pin.o
                0x08005930                non-virtual thunk to A1::_analogRead()
 .text._ZN2A214_setupAnalogInEv
                0x08005938       0x28 ..\obj\pin.o
                0x08005938                A2::_setupAnalogIn()
 .text._ZThn8_N2A214_setupAnalogInEv
                0x08005960        0x8 ..\obj\pin.o
                0x08005960                non-virtual thunk to A2::_setupAnalogIn()
 .text._ZN2A211_analogReadEv
                0x08005968       0x40 ..\obj\pin.o
                0x08005968                A2::_analogRead()
 .text._ZThn8_N2A211_analogReadEv
                0x080059a8        0x8 ..\obj\pin.o
                0x080059a8                non-virtual thunk to A2::_analogRead()
 .text._ZN2A314_setupAnalogInEv
                0x080059b0       0x28 ..\obj\pin.o
                0x080059b0                A3::_setupAnalogIn()
 .text._ZThn8_N2A314_setupAnalogInEv
                0x080059d8        0x8 ..\obj\pin.o
                0x080059d8                non-virtual thunk to A3::_setupAnalogIn()
 .text._ZN2A311_analogReadEv
                0x080059e0       0x40 ..\obj\pin.o
                0x080059e0                A3::_analogRead()
 .text._ZThn8_N2A311_analogReadEv
                0x08005a20        0x8 ..\obj\pin.o
                0x08005a20                non-virtual thunk to A3::_analogRead()
 .text._ZN2A414_setupAnalogInEv
                0x08005a28       0x28 ..\obj\pin.o
                0x08005a28                A4::_setupAnalogIn()
 .text._ZThn8_N2A414_setupAnalogInEv
                0x08005a50        0x8 ..\obj\pin.o
                0x08005a50                non-virtual thunk to A4::_setupAnalogIn()
 .text._ZN2A411_analogReadEv
                0x08005a58       0x40 ..\obj\pin.o
                0x08005a58                A4::_analogRead()
 .text._ZThn8_N2A411_analogReadEv
                0x08005a98        0x8 ..\obj\pin.o
                0x08005a98                non-virtual thunk to A4::_analogRead()
 .text._ZN4Enc05setupEv
                0x08005aa0       0x2c ..\obj\pin.o
                0x08005aa0                Enc0::setup()
 .text._ZN4Enc05countEv
                0x08005acc       0x38 ..\obj\pin.o
                0x08005acc                Enc0::count()
 .text._ZN4Enc15setupEv
                0x08005b04       0x28 ..\obj\pin.o
                0x08005b04                Enc1::setup()
 .text._ZN4Enc15countEv
                0x08005b2c       0x38 ..\obj\pin.o
                0x08005b2c                Enc1::count()
 .text._ZN4Enc25setupEv
                0x08005b64       0x28 ..\obj\pin.o
                0x08005b64                Enc2::setup()
 .text._ZN4Enc25countEv
                0x08005b8c       0x38 ..\obj\pin.o
                0x08005b8c                Enc2::count()
 .text._ZN4Pwm012_setupPwmOutEff
                0x08005bc4       0x4c ..\obj\pin.o
                0x08005bc4                Pwm0::_setupPwmOut(float, float)
 .text._ZThn8_N4Pwm012_setupPwmOutEff
                0x08005c10        0x8 ..\obj\pin.o
                0x08005c10                non-virtual thunk to Pwm0::_setupPwmOut(float, float)
 .text._ZN4Pwm09_pwmWriteEf
                0x08005c18       0x20 ..\obj\pin.o
                0x08005c18                Pwm0::_pwmWrite(float)
 .text._ZThn8_N4Pwm09_pwmWriteEf
                0x08005c38        0x8 ..\obj\pin.o
                0x08005c38                non-virtual thunk to Pwm0::_pwmWrite(float)
 .text._ZN4Pwm09_pwmWriteEv
                0x08005c40       0x20 ..\obj\pin.o
                0x08005c40                Pwm0::_pwmWrite()
 .text._ZThn8_N4Pwm09_pwmWriteEv
                0x08005c60        0x8 ..\obj\pin.o
                0x08005c60                non-virtual thunk to Pwm0::_pwmWrite()
 .text._ZN4Pwm112_setupPwmOutEff
                0x08005c68       0x50 ..\obj\pin.o
                0x08005c68                Pwm1::_setupPwmOut(float, float)
 .text._ZThn8_N4Pwm112_setupPwmOutEff
                0x08005cb8        0x8 ..\obj\pin.o
                0x08005cb8                non-virtual thunk to Pwm1::_setupPwmOut(float, float)
 .text._ZN4Pwm19_pwmWriteEf
                0x08005cc0       0x20 ..\obj\pin.o
                0x08005cc0                Pwm1::_pwmWrite(float)
 .text._ZThn8_N4Pwm19_pwmWriteEf
                0x08005ce0        0x8 ..\obj\pin.o
                0x08005ce0                non-virtual thunk to Pwm1::_pwmWrite(float)
 .text._ZN4Pwm19_pwmWriteEv
                0x08005ce8       0x20 ..\obj\pin.o
                0x08005ce8                Pwm1::_pwmWrite()
 .text._ZThn8_N4Pwm19_pwmWriteEv
                0x08005d08        0x8 ..\obj\pin.o
                0x08005d08                non-virtual thunk to Pwm1::_pwmWrite()
 .text._ZN4Pwm212_setupPwmOutEff
                0x08005d10       0x50 ..\obj\pin.o
                0x08005d10                Pwm2::_setupPwmOut(float, float)
 .text._ZThn8_N4Pwm212_setupPwmOutEff
                0x08005d60        0x8 ..\obj\pin.o
                0x08005d60                non-virtual thunk to Pwm2::_setupPwmOut(float, float)
 .text._ZN4Pwm29_pwmWriteEf
                0x08005d68       0x20 ..\obj\pin.o
                0x08005d68                Pwm2::_pwmWrite(float)
 .text._ZThn8_N4Pwm29_pwmWriteEf
                0x08005d88        0x8 ..\obj\pin.o
                0x08005d88                non-virtual thunk to Pwm2::_pwmWrite(float)
 .text._ZN4Pwm29_pwmWriteEv
                0x08005d90       0x20 ..\obj\pin.o
                0x08005d90                Pwm2::_pwmWrite()
 .text._ZThn8_N4Pwm29_pwmWriteEv
                0x08005db0        0x8 ..\obj\pin.o
                0x08005db0                non-virtual thunk to Pwm2::_pwmWrite()
 .text._ZN4Pwm312_setupPwmOutEff
                0x08005db8       0x4c ..\obj\pin.o
                0x08005db8                Pwm3::_setupPwmOut(float, float)
 .text._ZThn8_N4Pwm312_setupPwmOutEff
                0x08005e04        0x8 ..\obj\pin.o
                0x08005e04                non-virtual thunk to Pwm3::_setupPwmOut(float, float)
 .text._ZN4Pwm39_pwmWriteEf
                0x08005e0c       0x20 ..\obj\pin.o
                0x08005e0c                Pwm3::_pwmWrite(float)
 .text._ZThn8_N4Pwm39_pwmWriteEf
                0x08005e2c        0x8 ..\obj\pin.o
                0x08005e2c                non-virtual thunk to Pwm3::_pwmWrite(float)
 .text._ZN4Pwm39_pwmWriteEv
                0x08005e34       0x20 ..\obj\pin.o
                0x08005e34                Pwm3::_pwmWrite()
 .text._ZThn8_N4Pwm39_pwmWriteEv
                0x08005e54        0x8 ..\obj\pin.o
                0x08005e54                non-virtual thunk to Pwm3::_pwmWrite()
 .text._ZN4Pwm412_setupPwmOutEff
                0x08005e5c       0x4c ..\obj\pin.o
                0x08005e5c                Pwm4::_setupPwmOut(float, float)
 .text._ZThn8_N4Pwm412_setupPwmOutEff
                0x08005ea8        0x8 ..\obj\pin.o
                0x08005ea8                non-virtual thunk to Pwm4::_setupPwmOut(float, float)
 .text._ZN4Pwm49_pwmWriteEf
                0x08005eb0       0x20 ..\obj\pin.o
                0x08005eb0                Pwm4::_pwmWrite(float)
 .text._ZThn8_N4Pwm49_pwmWriteEf
                0x08005ed0        0x8 ..\obj\pin.o
                0x08005ed0                non-virtual thunk to Pwm4::_pwmWrite(float)
 .text._ZN4Pwm49_pwmWriteEv
                0x08005ed8       0x20 ..\obj\pin.o
                0x08005ed8                Pwm4::_pwmWrite()
 .text._ZThn8_N4Pwm49_pwmWriteEv
                0x08005ef8        0x8 ..\obj\pin.o
                0x08005ef8                non-virtual thunk to Pwm4::_pwmWrite()
 .text._ZN4Pwm512_setupPwmOutEff
                0x08005f00       0x4c ..\obj\pin.o
                0x08005f00                Pwm5::_setupPwmOut(float, float)
 .text._ZThn8_N4Pwm512_setupPwmOutEff
                0x08005f4c        0x8 ..\obj\pin.o
                0x08005f4c                non-virtual thunk to Pwm5::_setupPwmOut(float, float)
 .text._ZN4Pwm59_pwmWriteEf
                0x08005f54       0x20 ..\obj\pin.o
                0x08005f54                Pwm5::_pwmWrite(float)
 .text._ZThn8_N4Pwm59_pwmWriteEf
                0x08005f74        0x8 ..\obj\pin.o
                0x08005f74                non-virtual thunk to Pwm5::_pwmWrite(float)
 .text._ZN4Pwm59_pwmWriteEv
                0x08005f7c       0x20 ..\obj\pin.o
                0x08005f7c                Pwm5::_pwmWrite()
 .text._ZThn8_N4Pwm59_pwmWriteEv
                0x08005f9c        0x8 ..\obj\pin.o
                0x08005f9c                non-virtual thunk to Pwm5::_pwmWrite()
 .text._ZN4Led212_setupPwmOutEff
                0x08005fa4       0x50 ..\obj\pin.o
                0x08005fa4                Led2::_setupPwmOut(float, float)
 .text._ZThn8_N4Led212_setupPwmOutEff
                0x08005ff4        0x8 ..\obj\pin.o
                0x08005ff4                non-virtual thunk to Led2::_setupPwmOut(float, float)
 .text._ZN4Led29_pwmWriteEf
                0x08005ffc       0x20 ..\obj\pin.o
                0x08005ffc                Led2::_pwmWrite(float)
 .text._ZThn8_N4Led29_pwmWriteEf
                0x0800601c        0x8 ..\obj\pin.o
                0x0800601c                non-virtual thunk to Led2::_pwmWrite(float)
 .text._ZN4Led29_pwmWriteEv
                0x08006024       0x20 ..\obj\pin.o
                0x08006024                Led2::_pwmWrite()
 .text._ZThn8_N4Led29_pwmWriteEv
                0x08006044        0x8 ..\obj\pin.o
                0x08006044                non-virtual thunk to Led2::_pwmWrite()
 .text._ZN4Led312_setupPwmOutEff
                0x0800604c       0x50 ..\obj\pin.o
                0x0800604c                Led3::_setupPwmOut(float, float)
 .text._ZThn8_N4Led312_setupPwmOutEff
                0x0800609c        0x8 ..\obj\pin.o
                0x0800609c                non-virtual thunk to Led3::_setupPwmOut(float, float)
 .text._ZN4Led39_pwmWriteEf
                0x080060a4       0x20 ..\obj\pin.o
                0x080060a4                Led3::_pwmWrite(float)
 .text._ZThn8_N4Led39_pwmWriteEf
                0x080060c4        0x8 ..\obj\pin.o
                0x080060c4                non-virtual thunk to Led3::_pwmWrite(float)
 .text._ZN4Led39_pwmWriteEv
                0x080060cc       0x20 ..\obj\pin.o
                0x080060cc                Led3::_pwmWrite()
 .text._ZThn8_N4Led39_pwmWriteEv
                0x080060ec        0x8 ..\obj\pin.o
                0x080060ec                non-virtual thunk to Led3::_pwmWrite()
 .text._ZN6Buzzer12_setupPwmOutEff
                0x080060f4       0x50 ..\obj\pin.o
                0x080060f4                Buzzer::_setupPwmOut(float, float)
 .text._ZThn8_N6Buzzer12_setupPwmOutEff
                0x08006144        0x8 ..\obj\pin.o
                0x08006144                non-virtual thunk to Buzzer::_setupPwmOut(float, float)
 .text._ZN6Buzzer9_pwmWriteEf
                0x0800614c       0x20 ..\obj\pin.o
                0x0800614c                Buzzer::_pwmWrite(float)
 .text._ZThn8_N6Buzzer9_pwmWriteEf
                0x0800616c        0x8 ..\obj\pin.o
                0x0800616c                non-virtual thunk to Buzzer::_pwmWrite(float)
 .text._ZN6Buzzer9_pwmWriteEv
                0x08006174       0x20 ..\obj\pin.o
                0x08006174                Buzzer::_pwmWrite()
 .text._ZThn8_N6Buzzer9_pwmWriteEv
                0x08006194        0x8 ..\obj\pin.o
                0x08006194                non-virtual thunk to Buzzer::_pwmWrite()
 .text._ZN7Serial06_setupEiR15SerialInterfaceii
                0x0800619c       0x6c ..\obj\pin.o
                0x0800619c                Serial0::_setup(int, SerialInterface&, int, int)
 .text._ZN7Serial09charWriteEc
                0x08006208       0x1c ..\obj\pin.o
                0x08006208                Serial0::charWrite(char)
 .text._Z17serial0_interruptv
                0x08006224       0x34 ..\obj\pin.o
                0x08006224                serial0_interrupt()
 .text._ZN7Serial08transmitEc
                0x08006258       0x44 ..\obj\pin.o
                0x08006258                Serial0::transmit(char)
 .text.USART2_IRQHandler
                0x0800629c        0xc ..\obj\pin.o
                0x0800629c                USART2_IRQHandler
 .text._ZN7Serial16_setupEiR15SerialInterfaceii
                0x080062a8       0x74 ..\obj\pin.o
                0x080062a8                Serial1::_setup(int, SerialInterface&, int, int)
 .text._Z17serial1_interruptv
                0x0800631c       0x34 ..\obj\pin.o
                0x0800631c                serial1_interrupt()
 .text.USART3_IRQHandler
                0x08006350        0xc ..\obj\pin.o
                0x08006350                USART3_IRQHandler
 .text._ZN7Serial19charWriteEc
                0x0800635c       0x1c ..\obj\pin.o
                0x0800635c                Serial1::charWrite(char)
 .text._ZN7Serial18transmitEc
                0x08006378       0x44 ..\obj\pin.o
                0x08006378                Serial1::transmit(char)
 .text.std_char_out
                0x080063bc       0x44 ..\obj\pin.o
                0x080063bc                std_char_out
 .text.std_char_out_setup
                0x08006400       0x68 ..\obj\pin.o
                0x08006400                std_char_out_setup
 .text._ZN4Can05setupEv
                0x08006468       0x80 ..\obj\pin.o
                0x08006468                Can0::setup()
 .text._ZN4Can013setupLoopBackEv
                0x080064e8       0x60 ..\obj\pin.o
                0x080064e8                Can0::setupLoopBack()
 .text._ZN4Can012addInterfaceER12CanInterface
                0x08006548       0x58 ..\obj\pin.o
                0x08006548                Can0::addInterface(CanInterface&)
 .text._ZN4Can05setIdEi
                0x080065a0       0xb0 ..\obj\pin.o
                0x080065a0                Can0::setId(int)
 .text._ZN4Can08setIdAllEv
                0x08006650       0x38 ..\obj\pin.o
                0x08006650                Can0::setIdAll()
 .text._ZN4Can04readEiiPh
                0x08006688       0x94 ..\obj\pin.o
                0x08006688                Can0::read(int, int, unsigned char*)
 .text._ZN4Can05writeEiiPh
                0x0800671c       0xe4 ..\obj\pin.o
                0x0800671c                Can0::write(int, int, unsigned char*)
 .text._Z14Can0_Interruptv
                0x08006800       0x60 ..\obj\pin.o
                0x08006800                Can0_Interrupt()
 .text.CAN1_RX0_IRQHandler
                0x08006860        0xc ..\obj\pin.o
                0x08006860                CAN1_RX0_IRQHandler
 .text._ZN10RingBufferIcLi256EEC2Ev
                0x0800686c       0x28 ..\obj\pin.o
                0x0800686c                RingBuffer<char, 256>::RingBuffer()
                0x0800686c                RingBuffer<char, 256>::RingBuffer()
 .text._ZN10RingBufferIcLi256EE5writeEc
                0x08006894       0x64 ..\obj\pin.o
                0x08006894                RingBuffer<char, 256>::write(char)
 .text._ZN10RingBufferIcLi256EE7isEmptyEv
                0x080068f8       0x2c ..\obj\pin.o
                0x080068f8                RingBuffer<char, 256>::isEmpty()
 .text._ZN10RingBufferIcLi256EE4readEv
                0x08006924       0x60 ..\obj\pin.o
                0x08006924                RingBuffer<char, 256>::read()
 .text._ZN7DigitalC2Ev
                0x08006984       0x20 ..\obj\main.o
                0x08006984                Digital::Digital()
                0x08006984                Digital::Digital()
 .text._ZN3PwmC2Ev
                0x080069a4       0x20 ..\obj\main.o
                0x080069a4                Pwm::Pwm()
                0x080069a4                Pwm::Pwm()
 .text._ZN4Pwm0C2Ev
                0x080069c4       0x40 ..\obj\main.o
                0x080069c4                Pwm0::Pwm0()
                0x080069c4                Pwm0::Pwm0()
 .text._ZN4Led3C2Ev
                0x08006a04       0x38 ..\obj\main.o
                0x08006a04                Led3::Led3()
                0x08006a04                Led3::Led3()
 .text._ZN3Sw0C2Ev
                0x08006a3c       0x24 ..\obj\main.o
                0x08006a3c                Sw0::Sw0()
                0x08006a3c                Sw0::Sw0()
 .text._ZN6SerialC2Ev
                0x08006a60       0x20 ..\obj\main.o
                0x08006a60                Serial::Serial()
                0x08006a60                Serial::Serial()
 .text._ZN7Serial0C2Ev
                0x08006a80       0x24 ..\obj\main.o
                0x08006a80                Serial0::Serial0()
                0x08006a80                Serial0::Serial0()
 .text.main     0x08006aa4      0x1a0 ..\obj\main.o
                0x08006aa4                main
 .text.RCC_GetClocksFreq
                0x08006c44      0x1a8 ..\obj\stm32f4xx_rcc.o
                0x08006c44                RCC_GetClocksFreq
 .text.RCC_AHB1PeriphClockCmd
                0x08006dec       0x50 ..\obj\stm32f4xx_rcc.o
                0x08006dec                RCC_AHB1PeriphClockCmd
 .text.RCC_APB1PeriphClockCmd
                0x08006e3c       0x50 ..\obj\stm32f4xx_rcc.o
                0x08006e3c                RCC_APB1PeriphClockCmd
 .text.RCC_APB2PeriphClockCmd
                0x08006e8c       0x50 ..\obj\stm32f4xx_rcc.o
                0x08006e8c                RCC_APB2PeriphClockCmd
 .text.RCC_APB1PeriphResetCmd
                0x08006edc       0x50 ..\obj\stm32f4xx_rcc.o
                0x08006edc                RCC_APB1PeriphResetCmd
 .text.RCC_APB2PeriphResetCmd
                0x08006f2c       0x50 ..\obj\stm32f4xx_rcc.o
                0x08006f2c                RCC_APB2PeriphResetCmd
 .text.system_setup
                0x08006f7c       0x30 ..\obj\system.o
                0x08006f7c                system_setup
 .text.ADC_DeInit
                0x08006fac       0x1c ..\obj\stm32f4xx_adc.o
                0x08006fac                ADC_DeInit
 .text.ADC_Init
                0x08006fc8       0xac ..\obj\stm32f4xx_adc.o
                0x08006fc8                ADC_Init
 .text.ADC_StructInit
                0x08007074       0x3c ..\obj\stm32f4xx_adc.o
                0x08007074                ADC_StructInit
 .text.ADC_CommonInit
                0x080070b0       0x58 ..\obj\stm32f4xx_adc.o
                0x080070b0                ADC_CommonInit
 .text.ADC_CommonStructInit
                0x08007108       0x2c ..\obj\stm32f4xx_adc.o
                0x08007108                ADC_CommonStructInit
 .text.ADC_Cmd  0x08007134       0x38 ..\obj\stm32f4xx_adc.o
                0x08007134                ADC_Cmd
 .text.ADC_RegularChannelConfig
                0x0800716c      0x188 ..\obj\stm32f4xx_adc.o
                0x0800716c                ADC_RegularChannelConfig
 .text.ADC_SoftwareStartConv
                0x080072f4       0x20 ..\obj\stm32f4xx_adc.o
                0x080072f4                ADC_SoftwareStartConv
 .text.ADC_DMACmd
                0x08007314       0x38 ..\obj\stm32f4xx_adc.o
                0x08007314                ADC_DMACmd
 .text.ADC_DMARequestAfterLastTransferCmd
                0x0800734c       0x38 ..\obj\stm32f4xx_adc.o
                0x0800734c                ADC_DMARequestAfterLastTransferCmd
 .text._ZN5BlinkC2ER7Digital
                0x08007384       0x2c ..\obj\blink.o
                0x08007384                Blink::Blink(Digital&)
                0x08007384                Blink::Blink(Digital&)
 .text._ZN5Blink5setupEv
                0x080073b0       0x24 ..\obj\blink.o
                0x080073b0                Blink::setup()
 .text._ZN5Blink5cycleEv
                0x080073d4       0x5c ..\obj\blink.o
                0x080073d4                Blink::cycle()
 .text._ZN5Blink4timeEi
                0x08007430       0x30 ..\obj\blink.o
                0x08007430                Blink::time(int)
 .text._ZN12CanInterface17canInterfaceSetupEP3Can
                0x08007460       0x20 ..\obj\can.o
                0x08007460                CanInterface::canInterfaceSetup(Can*)
 .text.Select_ADC_channel
                0x08007480      0x104 ..\obj\config_adc.o
                0x08007480                Select_ADC_channel
 .text.Init_ADC1
                0x08007584      0x238 ..\obj\config_adc.o
                0x08007584                Init_ADC1
 .text.get_ADC1_value
                0x080077bc       0x68 ..\obj\config_adc.o
                0x080077bc                get_ADC1_value
 .text.NMI_Handler
                0x08007824       0x20 ..\obj\error.o
                0x08007824                NMI_Handler
 .text.HardFault_Handler
                0x08007844       0x20 ..\obj\error.o
                0x08007844                HardFault_Handler
 .text.MemManage_Handler
                0x08007864       0x20 ..\obj\error.o
                0x08007864                MemManage_Handler
 .text.BusFault_Handler
                0x08007884       0x20 ..\obj\error.o
                0x08007884                BusFault_Handler
 .text.UsageFault_Handler
                0x080078a4       0x20 ..\obj\error.o
                0x080078a4                UsageFault_Handler
 .text.SVC_Handler
                0x080078c4       0x20 ..\obj\error.o
                0x080078c4                SVC_Handler
 .text.DebugMon_Handler
                0x080078e4       0x20 ..\obj\error.o
                0x080078e4                DebugMon_Handler
 .text.PendSV_Handler
                0x08007904       0x20 ..\obj\error.o
                0x08007904                PendSV_Handler
 .text.NVIC_SetPriority
                0x08007924       0x58 ..\obj\config_systick.o
 .text.SysTick_Config
                0x0800797c       0x54 ..\obj\config_systick.o
 .text.Init_SysTick
                0x080079d0       0x48 ..\obj\config_systick.o
                0x080079d0                Init_SysTick
 .text._ZN5ServoC2ER3Pwm
                0x08007a18       0x20 ..\obj\servo.o
                0x08007a18                Servo::Servo(Pwm&)
                0x08007a18                Servo::Servo(Pwm&)
 .text._ZN5Servo5setupEffff
                0x08007a38       0x68 ..\obj\servo.o
                0x08007a38                Servo::setup(float, float, float, float)
 .text._ZN5Servo4dutyEf
                0x08007aa0      0x1a4 ..\obj\servo.o
                0x08007aa0                Servo::duty(float)
 .text._ZN5Servo5cycleEv
                0x08007c44       0x28 ..\obj\servo.o
                0x08007c44                Servo::cycle()
 .text.SD_ProcessIRQSrc
                0x08007c6c       0xf0 ..\obj\stm32_ub_sdcard.o
                0x08007c6c                SD_ProcessIRQSrc
 .text.SD_ProcessDMAIRQ
                0x08007d5c       0x34 ..\obj\stm32_ub_sdcard.o
                0x08007d5c                SD_ProcessDMAIRQ
 .text.SDIO_IRQHandler
                0x08007d90        0xc ..\obj\stm32_ub_sdcard.o
                0x08007d90                SDIO_IRQHandler
 .text.DMA2_Stream3_IRQHandler
                0x08007d9c        0xc ..\obj\stm32_ub_sdcard.o
                0x08007d9c                DMA2_Stream3_IRQHandler
 .text.GPIO_Init
                0x08007da8      0x11c ..\obj\stm32f4xx_gpio.o
                0x08007da8                GPIO_Init
 .text.GPIO_StructInit
                0x08007ec4       0x34 ..\obj\stm32f4xx_gpio.o
                0x08007ec4                GPIO_StructInit
 .text.GPIO_ReadInputDataBit
                0x08007ef8       0x34 ..\obj\stm32f4xx_gpio.o
                0x08007ef8                GPIO_ReadInputDataBit
 .text.GPIO_ReadOutputDataBit
                0x08007f2c       0x34 ..\obj\stm32f4xx_gpio.o
                0x08007f2c                GPIO_ReadOutputDataBit
 .text.GPIO_SetBits
                0x08007f60       0x1c ..\obj\stm32f4xx_gpio.o
                0x08007f60                GPIO_SetBits
 .text.GPIO_ResetBits
                0x08007f7c       0x1c ..\obj\stm32f4xx_gpio.o
                0x08007f7c                GPIO_ResetBits
 .text.GPIO_PinAFConfig
                0x08007f98       0x8c ..\obj\stm32f4xx_gpio.o
                0x08007f98                GPIO_PinAFConfig
 .text.SystemInit
                0x08008024       0x90 ..\obj\system_stm32f4xx.o
                0x08008024                SystemInit
 .text.SystemCoreClockUpdate
                0x080080b4      0x154 ..\obj\system_stm32f4xx.o
                0x080080b4                SystemCoreClockUpdate
 .text.SetSysClock
                0x08008208      0x17c ..\obj\system_stm32f4xx.o
 .text._sbrk    0x08008384       0x5c ..\obj\syscalls.o
                0x08008384                _sbrk
 .text._close   0x080083e0       0x18 ..\obj\syscalls.o
                0x080083e0                _close
 .text._fstat   0x080083f8       0x20 ..\obj\syscalls.o
                0x080083f8                _fstat
 .text._isatty  0x08008418       0x18 ..\obj\syscalls.o
                0x08008418                _isatty
 .text._lseek   0x08008430       0x1c ..\obj\syscalls.o
                0x08008430                _lseek
 .text._read    0x0800844c       0x1c ..\obj\syscalls.o
                0x0800844c                _read
 .text._write   0x08008468       0x38 ..\obj\syscalls.o
                0x08008468                _write
 .text.abort    0x080084a0        0x8 ..\obj\syscalls.o
                0x080084a0                abort
 .text.DMA_DeInit
                0x080084a8      0x22c ..\obj\stm32f4xx_dma.o
                0x080084a8                DMA_DeInit
 .text.DMA_Init
                0x080086d4       0xb0 ..\obj\stm32f4xx_dma.o
                0x080086d4                DMA_Init
 .text.DMA_StructInit
                0x08008784       0x6c ..\obj\stm32f4xx_dma.o
                0x08008784                DMA_StructInit
 .text.DMA_Cmd  0x080087f0       0x38 ..\obj\stm32f4xx_dma.o
                0x080087f0                DMA_Cmd
 .text.DMA_ClearFlag
                0x08008828       0x60 ..\obj\stm32f4xx_dma.o
                0x08008828                DMA_ClearFlag
 .text.USB_OTG_BSP_uDelay
                0x08008888       0x4c ..\obj\usb_bsp.o
                0x08008888                USB_OTG_BSP_uDelay
 .text.USBD_StdDevReq
                0x080088d4       0xa0 ..\obj\usbd_req.o
                0x080088d4                USBD_StdDevReq
 .text.USBD_StdItfReq
                0x08008974       0x68 ..\obj\usbd_req.o
                0x08008974                USBD_StdItfReq
 .text.USBD_StdEPReq
                0x080089dc      0x1c8 ..\obj\usbd_req.o
                0x080089dc                USBD_StdEPReq
 .text.USBD_GetDescriptor
                0x08008ba4      0x1b8 ..\obj\usbd_req.o
 .text.USBD_SetAddress
                0x08008d5c       0x7c ..\obj\usbd_req.o
 .text.USBD_SetConfig
                0x08008dd8      0x130 ..\obj\usbd_req.o
 .text.USBD_GetConfig
                0x08008f08       0x60 ..\obj\usbd_req.o
 .text.USBD_GetStatus
                0x08008f68       0x5c ..\obj\usbd_req.o
 .text.USBD_SetFeature
                0x08008fc4       0xcc ..\obj\usbd_req.o
 .text.USBD_ClrFeature
                0x08009090       0x50 ..\obj\usbd_req.o
 .text.USBD_ParseSetupRequest
                0x080090e0       0x8c ..\obj\usbd_req.o
                0x080090e0                USBD_ParseSetupRequest
 .text.USBD_CtlError
                0x0800916c       0x48 ..\obj\usbd_req.o
                0x0800916c                USBD_CtlError
 .text.USBD_OTG_ISR_Handler
                0x080091b4      0x15c ..\obj\usb_dcd_int.o
                0x080091b4                USBD_OTG_ISR_Handler
 .text.DCD_HandleResume_ISR
                0x08009310       0x80 ..\obj\usb_dcd_int.o
 .text.DCD_HandleUSBSuspend_ISR
                0x08009390       0xa8 ..\obj\usb_dcd_int.o
 .text.DCD_HandleInEP_ISR
                0x08009438      0x1ec ..\obj\usb_dcd_int.o
 .text.DCD_HandleOutEP_ISR
                0x08009624      0x180 ..\obj\usb_dcd_int.o
 .text.DCD_HandleSof_ISR
                0x080097a4       0x38 ..\obj\usb_dcd_int.o
 .text.DCD_HandleRxStatusQueueLevel_ISR
                0x080097dc      0x104 ..\obj\usb_dcd_int.o
 .text.DCD_WriteEmptyTxFifo
                0x080098e0       0xe4 ..\obj\usb_dcd_int.o
 .text.DCD_HandleUsbReset_ISR
                0x080099c4      0x144 ..\obj\usb_dcd_int.o
 .text.DCD_HandleEnumDone_ISR
                0x08009b08       0x78 ..\obj\usb_dcd_int.o
 .text.DCD_IsoINIncomplete_ISR
                0x08009b80       0x38 ..\obj\usb_dcd_int.o
 .text.DCD_IsoOUTIncomplete_ISR
                0x08009bb8       0x38 ..\obj\usb_dcd_int.o
 .text.DCD_ReadDevInEP
                0x08009bf0       0x50 ..\obj\usb_dcd_int.o
 .text.EXTI_ClearITPendingBit
                0x08009c40       0x20 ..\obj\stm32f4xx_exti.o
                0x08009c40                EXTI_ClearITPendingBit
 .text.Analysis_GPIO_Pin
                0x08009c60      0x168 ..\obj\name_converter.o
                0x08009c60                Analysis_GPIO_Pin
 .text.GPIO_af_USART_select
                0x08009dc8       0x90 ..\obj\name_converter.o
                0x08009dc8                GPIO_af_USART_select
 .text.USART_irqn_select
                0x08009e58       0x90 ..\obj\name_converter.o
                0x08009e58                USART_irqn_select
 .text.Tim_irqn_select
                0x08009ee8       0x9c ..\obj\name_converter.o
                0x08009ee8                Tim_irqn_select
 .text.RCC_PeriphClock_TIM
                0x08009f84      0x25c ..\obj\name_converter.o
                0x08009f84                RCC_PeriphClock_TIM
 .text.RCC_PeriphClock_USART
                0x0800a1e0      0x1a0 ..\obj\name_converter.o
                0x0800a1e0                RCC_PeriphClock_USART
 .text.NVIC_Configuration
                0x0800a380       0x2c ..\obj\name_converter.o
                0x0800a380                NVIC_Configuration
 .text.Pin_select_source
                0x0800a3ac       0xec ..\obj\name_converter.o
                0x0800a3ac                Pin_select_source
 .text.Tim_select_af
                0x0800a498       0xc4 ..\obj\name_converter.o
                0x0800a498                Tim_select_af
 .text.NVIC_PriorityGroupConfig
                0x0800a55c       0x28 ..\obj\misc.o
                0x0800a55c                NVIC_PriorityGroupConfig
 .text.NVIC_Init
                0x0800a584       0xcc ..\obj\misc.o
                0x0800a584                NVIC_Init
 .text.DCD_EP_Open
                0x0800a650       0x9c ..\obj\usb_dcd.o
                0x0800a650                DCD_EP_Open
 .text.DCD_EP_PrepareRx
                0x0800a6ec       0x80 ..\obj\usb_dcd.o
                0x0800a6ec                DCD_EP_PrepareRx
 .text.DCD_EP_Tx
                0x0800a76c       0x78 ..\obj\usb_dcd.o
                0x0800a76c                DCD_EP_Tx
 .text.DCD_EP_Stall
                0x0800a7e4       0x74 ..\obj\usb_dcd.o
                0x0800a7e4                DCD_EP_Stall
 .text.DCD_EP_ClrStall
                0x0800a858       0x74 ..\obj\usb_dcd.o
                0x0800a858                DCD_EP_ClrStall
 .text.DCD_EP_SetAddress
                0x0800a8cc       0x3c ..\obj\usb_dcd.o
                0x0800a8cc                DCD_EP_SetAddress
 .text._ZN15SerialInterface14serialReadCharEc
                0x0800a908       0xd4 ..\obj\serial.o
                0x0800a908                SerialInterface::serialReadChar(char)
 .text._ZN6Serial6printfEPKcz
                0x0800a9dc       0x4c ..\obj\serial.o
                0x0800a9dc                Serial::printf(char const*, ...)
 .text.USBD_CtlSendData
                0x0800aa28       0x40 ..\obj\usbd_ioreq.o
                0x0800aa28                USBD_CtlSendData
 .text.USBD_CtlContinueSendData
                0x0800aa68       0x28 ..\obj\usbd_ioreq.o
                0x0800aa68                USBD_CtlContinueSendData
 .text.USBD_CtlContinueRx
                0x0800aa90       0x28 ..\obj\usbd_ioreq.o
                0x0800aa90                USBD_CtlContinueRx
 .text.USBD_CtlSendStatus
                0x0800aab8       0x30 ..\obj\usbd_ioreq.o
                0x0800aab8                USBD_CtlSendStatus
 .text.USBD_CtlReceiveStatus
                0x0800aae8       0x30 ..\obj\usbd_ioreq.o
                0x0800aae8                USBD_CtlReceiveStatus
 .text.Init_USART
                0x0800ab18       0xe0 ..\obj\config_usart.o
                0x0800ab18                Init_USART
 .text.TIM_TimeBaseInit
                0x0800abf8       0xec ..\obj\stm32f4xx_tim.o
                0x0800abf8                TIM_TimeBaseInit
 .text.TIM_PrescalerConfig
                0x0800ace4       0x28 ..\obj\stm32f4xx_tim.o
                0x0800ace4                TIM_PrescalerConfig
 .text.TIM_SetCounter
                0x0800ad0c       0x1c ..\obj\stm32f4xx_tim.o
                0x0800ad0c                TIM_SetCounter
 .text.TIM_GetCounter
                0x0800ad28       0x18 ..\obj\stm32f4xx_tim.o
                0x0800ad28                TIM_GetCounter
 .text.TIM_ARRPreloadConfig
                0x0800ad40       0x40 ..\obj\stm32f4xx_tim.o
                0x0800ad40                TIM_ARRPreloadConfig
 .text.TIM_Cmd  0x0800ad80       0x40 ..\obj\stm32f4xx_tim.o
                0x0800ad80                TIM_Cmd
 .text.TIM_OC1Init
                0x0800adc0       0xf4 ..\obj\stm32f4xx_tim.o
                0x0800adc0                TIM_OC1Init
 .text.TIM_OC2Init
                0x0800aeb4      0x110 ..\obj\stm32f4xx_tim.o
                0x0800aeb4                TIM_OC2Init
 .text.TIM_OC3Init
                0x0800afc4      0x10c ..\obj\stm32f4xx_tim.o
                0x0800afc4                TIM_OC3Init
 .text.TIM_OC4Init
                0x0800b0d0       0xd0 ..\obj\stm32f4xx_tim.o
                0x0800b0d0                TIM_OC4Init
 .text.TIM_OC1PreloadConfig
                0x0800b1a0       0x38 ..\obj\stm32f4xx_tim.o
                0x0800b1a0                TIM_OC1PreloadConfig
 .text.TIM_OC2PreloadConfig
                0x0800b1d8       0x3c ..\obj\stm32f4xx_tim.o
                0x0800b1d8                TIM_OC2PreloadConfig
 .text.TIM_OC3PreloadConfig
                0x0800b214       0x38 ..\obj\stm32f4xx_tim.o
                0x0800b214                TIM_OC3PreloadConfig
 .text.TIM_OC4PreloadConfig
                0x0800b24c       0x3c ..\obj\stm32f4xx_tim.o
                0x0800b24c                TIM_OC4PreloadConfig
 .text.TIM_BDTRConfig
                0x0800b288       0x50 ..\obj\stm32f4xx_tim.o
                0x0800b288                TIM_BDTRConfig
 .text.TIM_BDTRStructInit
                0x0800b2d8       0x3c ..\obj\stm32f4xx_tim.o
                0x0800b2d8                TIM_BDTRStructInit
 .text.TIM_CtrlPWMOutputs
                0x0800b314       0x4c ..\obj\stm32f4xx_tim.o
                0x0800b314                TIM_CtrlPWMOutputs
 .text.TIM_ITConfig
                0x0800b360       0x48 ..\obj\stm32f4xx_tim.o
                0x0800b360                TIM_ITConfig
 .text.TIM_ClearITPendingBit
                0x0800b3a8       0x20 ..\obj\stm32f4xx_tim.o
                0x0800b3a8                TIM_ClearITPendingBit
 .text.TIM_EncoderInterfaceConfig
                0x0800b3c8       0x8c ..\obj\stm32f4xx_tim.o
                0x0800b3c8                TIM_EncoderInterfaceConfig
 .text          0x0800b454      0x338 c:/users/ózê∂/mentorgraphics/sourcery_codebench_lite_for_arm_eabi/bin/../lib/gcc/arm-none-eabi/4.8.3/../../../../arm-none-eabi/lib/thumb2\libm.a(lib_a-w_pow.o)
                0x0800b454                pow
 *fill*         0x0800b78c        0x4 
 .text          0x0800b790      0xb68 c:/users/ózê∂/mentorgraphics/sourcery_codebench_lite_for_arm_eabi/bin/../lib/gcc/arm-none-eabi/4.8.3/../../../../arm-none-eabi/lib/thumb2\libm.a(lib_a-e_pow.o)
                0x0800b790                __ieee754_pow
 .text          0x0800c2f8      0x17c c:/users/ózê∂/mentorgraphics/sourcery_codebench_lite_for_arm_eabi/bin/../lib/gcc/arm-none-eabi/4.8.3/../../../../arm-none-eabi/lib/thumb2\libm.a(lib_a-e_sqrt.o)
                0x0800c2f8                __ieee754_sqrt
 .text          0x0800c474        0x8 c:/users/ózê∂/mentorgraphics/sourcery_codebench_lite_for_arm_eabi/bin/../lib/gcc/arm-none-eabi/4.8.3/../../../../arm-none-eabi/lib/thumb2\libm.a(lib_a-s_fabs.o)