Archive member included to satisfy reference by file (symbol)

c:/users/ózê∂/mentorgraphics/sourcery_codebench_lite_for_arm_eabi/bin/../lib/gcc/arm-none-eabi/4.8.3/../../../../arm-none-eabi/lib/thumb2\libm.a(lib_a-s_cos.o)
                              ..\obj\calculate.o (cos)
c:/users/ózê∂/mentorgraphics/sourcery_codebench_lite_for_arm_eabi/bin/../lib/gcc/arm-none-eabi/4.8.3/../../../../arm-none-eabi/lib/thumb2\libm.a(lib_a-s_sin.o)
                              ..\obj\utilplus.o (sin)
c:/users/ózê∂/mentorgraphics/sourcery_codebench_lite_for_arm_eabi/bin/../lib/gcc/arm-none-eabi/4.8.3/../../../../arm-none-eabi/lib/thumb2\libm.a(lib_a-sf_cos.o)
                              ..\obj\utilplus.o (cosf)
c:/users/ózê∂/mentorgraphics/sourcery_codebench_lite_for_arm_eabi/bin/../lib/gcc/arm-none-eabi/4.8.3/../../../../arm-none-eabi/lib/thumb2\libm.a(lib_a-sf_sin.o)
                              ..\obj\utilplus.o (sinf)
c:/users/ózê∂/mentorgraphics/sourcery_codebench_lite_for_arm_eabi/bin/../lib/gcc/arm-none-eabi/4.8.3/../../../../arm-none-eabi/lib/thumb2\libm.a(lib_a-w_atan2.o)
                              ..\obj\calculate.o (atan2)
c:/users/ózê∂/mentorgraphics/sourcery_codebench_lite_for_arm_eabi/bin/../lib/gcc/arm-none-eabi/4.8.3/../../../../arm-none-eabi/lib/thumb2\libm.a(lib_a-w_pow.o)
                              ..\obj\name_converter.o (pow)
c:/users/ózê∂/mentorgraphics/sourcery_codebench_lite_for_arm_eabi/bin/../lib/gcc/arm-none-eabi/4.8.3/../../../../arm-none-eabi/lib/thumb2\libm.a(lib_a-wf_acos.o)
                              ..\obj\utilplus.o (acosf)
c:/users/ózê∂/mentorgraphics/sourcery_codebench_lite_for_arm_eabi/bin/../lib/gcc/arm-none-eabi/4.8.3/../../../../arm-none-eabi/lib/thumb2\libm.a(lib_a-wf_atan2.o)
                              ..\obj\utilplus.o (atan2f)
c:/users/ózê∂/mentorgraphics/sourcery_codebench_lite_for_arm_eabi/bin/../lib/gcc/arm-none-eabi/4.8.3/../../../../arm-none-eabi/lib/thumb2\libm.a(lib_a-wf_pow.o)
                              ..\obj\calculate.o (powf)
c:/users/ózê∂/mentorgraphics/sourcery_codebench_lite_for_arm_eabi/bin/../lib/gcc/arm-none-eabi/4.8.3/../../../../arm-none-eabi/lib/thumb2\libm.a(lib_a-wf_sqrt.o)
                              ..\obj\calculate.o (sqrtf)
c:/users/ózê∂/mentorgraphics/sourcery_codebench_lite_for_arm_eabi/bin/../lib/gcc/arm-none-eabi/4.8.3/../../../../arm-none-eabi/lib/thumb2\libm.a(lib_a-e_atan2.o)
                              c:/users/ózê∂/mentorgraphics/sourcery_codebench_lite_for_arm_eabi/bin/../lib/gcc/arm-none-eabi/4.8.3/../../../../arm-none-eabi/lib/thumb2\libm.a(lib_a-w_atan2.o) (__ieee754_atan2)
c:/users/ózê∂/mentorgraphics/sourcery_codebench_lite_for_arm_eabi/bin/../lib/gcc/arm-none-eabi/4.8.3/../../../../arm-none-eabi/lib/thumb2\libm.a(lib_a-e_pow.o)
                              c:/users/ózê∂/mentorgraphics/sourcery_codebench_lite_for_arm_eabi/bin/../lib/gcc/arm-none-eabi/4.8.3/../../../../arm-none-eabi/lib/thumb2\libm.a(lib_a-w_pow.o) (__ieee754_pow)
c:/users/ózê∂/mentorgraphics/sourcery_codebench_lite_for_arm_eabi/bin/../lib/gcc/arm-none-eabi/4.8.3/../../../../arm-none-eabi/lib/thumb2\libm.a(lib_a-e_rem_pio2.o)
                              c:/users/ózê∂/mentorgraphics/sourcery_codebench_lite_for_arm_eabi/bin/../lib/gcc/arm-none-eabi/4.8.3/../../../../arm-none-eabi/lib/thumb2\libm.a(lib_a-s_cos.o) (__ieee754_rem_pio2)
c:/users/ózê∂/mentorgraphics/sourcery_codebench_lite_for_arm_eabi/bin/../lib/gcc/arm-none-eabi/4.8.3/../../../../arm-none-eabi/lib/thumb2\libm.a(lib_a-e_sqrt.o)
                              c:/users/ózê∂/mentorgraphics/sourcery_codebench_lite_for_arm_eabi/bin/../lib/gcc/arm-none-eabi/4.8.3/../../../../arm-none-eabi/lib/thumb2\libm.a(lib_a-e_pow.o) (__ieee754_sqrt)
c:/users/ózê∂/mentorgraphics/sourcery_codebench_lite_for_arm_eabi/bin/../lib/gcc/arm-none-eabi/4.8.3/../../../../arm-none-eabi/lib/thumb2\libm.a(lib_a-ef_acos.o)
                              c:/users/ózê∂/mentorgraphics/sourcery_codebench_lite_for_arm_eabi/bin/../lib/gcc/arm-none-eabi/4.8.3/../../../../arm-none-eabi/lib/thumb2\libm.a(lib_a-wf_acos.o) (__ieee754_acosf)
c:/users/ózê∂/mentorgraphics/sourcery_codebench_lite_for_arm_eabi/bin/../lib/gcc/arm-none-eabi/4.8.3/../../../../arm-none-eabi/lib/thumb2\libm.a(lib_a-ef_atan2.o)
                              c:/users/ózê∂/mentorgraphics/sourcery_codebench_lite_for_arm_eabi/bin/../lib/gcc/arm-none-eabi/4.8.3/../../../../arm-none-eabi/lib/thumb2\libm.a(lib_a-wf_atan2.o) (__ieee754_atan2f)
c:/users/ózê∂/mentorgraphics/sourcery_codebench_lite_for_arm_eabi/bin/../lib/gcc/arm-none-eabi/4.8.3/../../../../arm-none-eabi/lib/thumb2\libm.a(lib_a-ef_pow.o)
                              c:/users/ózê∂/mentorgraphics/sourcery_codebench_lite_for_arm_eabi/bin/../lib/gcc/arm-none-eabi/4.8.3/../../../../arm-none-eabi/lib/thumb2\libm.a(lib_a-wf_pow.o) (__ieee754_powf)
[...]
Memory Configuration

Name             Origin             Length             Attributes
rom              0x08000000         0x00100000         xr
ram              0x20000000         0x00020000         xrw
ram1             0x10000000         0x00010000         xrw
*default*        0x00000000         0xffffffff

Linker script and memory map

LOAD c:/users/ózê∂/mentorgraphics/sourcery_codebench_lite_for_arm_eabi/bin/../lib/gcc/arm-none-eabi/4.8.3/thumb2/crti.o
LOAD c:/users/ózê∂/mentorgraphics/sourcery_codebench_lite_for_arm_eabi/bin/../lib/gcc/arm-none-eabi/4.8.3/thumb2/crtbegin.o
                0x20020000                _eram = 0x20020000

.text           0x08000000    0x27124
 *(.isr_vector)
 .isr_vector    0x08000000      0x188 ..\obj\startup_stm32f4xx.o
                0x08000000                g_pfnVectors
 *(.text*)
 .text          0x08000188       0xc8 c:/users/ózê∂/mentorgraphics/sourcery_codebench_lite_for_arm_eabi/bin/../lib/gcc/arm-none-eabi/4.8.3/thumb2/crtbegin.o
 .text.Set_duty
                0x08000250       0xc4 ..\obj\config_pwm.o
                0x08000250                Set_duty
 .text.Read_duty
                0x08000314       0x68 ..\obj\config_pwm.o
                0x08000314                Read_duty
 .text.Init_PWM
                0x0800037c      0x2c8 ..\obj\config_pwm.o
                0x0800037c                Init_PWM
 .text._ZN10LineSensorC2ER6AnalogS1_S1_S1_S1_
                0x08000644       0x3c ..\obj\line_sensor.o
                0x08000644                LineSensor::LineSensor(Analog&, Analog&, Analog&, Analog&, Analog&)
                0x08000644                LineSensor::LineSensor(Analog&, Analog&, Analog&, Analog&, Analog&)
 .text._ZN10LineSensor5setupEv
                0x08000680       0x18 ..\obj\line_sensor.o
                0x08000680                LineSensor::setup()
 .text.USB_OTG_WritePacket
                0x08000698       0x70 ..\obj\usb_core.o
                0x08000698                USB_OTG_WritePacket
 .text.USB_OTG_ReadPacket
                0x08000708       0x5c ..\obj\usb_core.o
                0x08000708                USB_OTG_ReadPacket
 .text.USB_OTG_FlushTxFifo
                0x08000764       0x74 ..\obj\usb_core.o
                0x08000764                USB_OTG_FlushTxFifo
 .text.USB_OTG_GetMode
                0x080007d8       0x20 ..\obj\usb_core.o
                0x080007d8                USB_OTG_GetMode
 .text.USB_OTG_IsDeviceMode
                0x080007f8       0x24 ..\obj\usb_core.o
                0x080007f8                USB_OTG_IsDeviceMode
 .text.USB_OTG_ReadCoreItr
                0x0800081c       0x30 ..\obj\usb_core.o
                0x0800081c                USB_OTG_ReadCoreItr
 .text.USB_OTG_GetDeviceSpeed
                0x0800084c       0x48 ..\obj\usb_core.o
                0x0800084c                USB_OTG_GetDeviceSpeed
 .text.USB_OTG_EP0Activate
                0x08000894       0x78 ..\obj\usb_core.o
                0x08000894                USB_OTG_EP0Activate
 .text.USB_OTG_EPActivate
                0x0800090c       0xdc ..\obj\usb_core.o
                0x0800090c                USB_OTG_EPActivate
 .text.USB_OTG_EPStartXfer
                0x080009e8      0x280 ..\obj\usb_core.o
                0x080009e8                USB_OTG_EPStartXfer
 .text.USB_OTG_EP0StartXfer
                0x08000c68      0x1d4 ..\obj\usb_core.o
                0x08000c68                USB_OTG_EP0StartXfer
 .text.USB_OTG_EPSetStall
                0x08000e3c       0x88 ..\obj\usb_core.o
                0x08000e3c                USB_OTG_EPSetStall
 .text.USB_OTG_EPClearStall
                0x08000ec4       0x78 ..\obj\usb_core.o
                0x08000ec4                USB_OTG_EPClearStall
 .text.USB_OTG_ReadDevAllOutEp_itr
                0x08000f3c       0x2c ..\obj\usb_core.o
                0x08000f3c                USB_OTG_ReadDevAllOutEp_itr
 .text.USB_OTG_ReadDevOutEP_itr
                0x08000f68       0x38 ..\obj\usb_core.o
                0x08000f68                USB_OTG_ReadDevOutEP_itr
 .text.USB_OTG_ReadDevAllInEPItr
                0x08000fa0       0x2c ..\obj\usb_core.o
                0x08000fa0                USB_OTG_ReadDevAllInEPItr
 .text.USB_OTG_EP0_OutStart
                0x08000fcc       0x70 ..\obj\usb_core.o
                0x08000fcc                USB_OTG_EP0_OutStart
 .text.USB_OTG_UngateClock
                0x0800103c       0x54 ..\obj\usb_core.o
                0x0800103c                USB_OTG_UngateClock
 .text._ZN10ButtonInfoC2ER7Digital
                0x08001090       0x64 ..\obj\button_info.o
                0x08001090                ButtonInfo::ButtonInfo(Digital&)
                0x08001090                ButtonInfo::ButtonInfo(Digital&)
 .text._ZN10ButtonInfo5setupEbi
                0x080010f4       0x48 ..\obj\button_info.o
                0x080010f4                ButtonInfo::setup(bool, int)
 .text._ZN10ButtonInfo5cycleEv
                0x0800113c      0x128 ..\obj\button_info.o
                0x0800113c                ButtonInfo::cycle()
 .text.Init_port
                0x08001264       0xc4 ..\obj\config_port.o
                0x08001264                Init_port
 .text.SDIO_ITConfig
                0x08001328       0x50 ..\obj\stm32f4xx_sdio.o
                0x08001328                SDIO_ITConfig
 .text.SDIO_GetITStatus
                0x08001378       0x38 ..\obj\stm32f4xx_sdio.o
                0x08001378                SDIO_GetITStatus
 .text.SDIO_ClearITPendingBit
                0x080013b0       0x20 ..\obj\stm32f4xx_sdio.o
                0x080013b0                SDIO_ClearITPendingBit
 .text._ZN12I2cInterface17i2cInterfaceSetupEP3I2c
                0x080013d0       0x20 ..\obj\i2c.o
                0x080013d0                I2cInterface::i2cInterfaceSetup(I2c*)
 .text._ZN15SerialInterface16serialReadStringEPc
                0x080013f0       0x14 ..\obj\kondo_servo.o
                0x080013f0                SerialInterface::serialReadString(char*)
 .text._ZN15SerialInterfaceC2Ev
                0x08001404       0x28 ..\obj\kondo_servo.o
                0x08001404                SerialInterface::SerialInterface()
                0x08001404                SerialInterface::SerialInterface()
 .text._ZN10RingBufferIcLi256EEC2Ev
                0x0800142c       0x28 ..\obj\kondo_servo.o
                0x0800142c                RingBuffer<char, 256>::RingBuffer()
                0x0800142c                RingBuffer<char, 256>::RingBuffer()
 *fill*         0x08001454        0x4 
 .text._ZN6R1350n5angleEv
                0x08001458      0x198 ..\obj\r1350n.o
                0x08001458                R1350n::angle()
 .text._ZN6R1350n14serialReadCharEc
                0x080015f0      0x24c ..\obj\r1350n.o
                0x080015f0                R1350n::serialReadChar(char)
 .text.radiusReverse
                0x0800183c       0x30 ..\obj\calculate.o
                0x0800183c                radiusReverse
 .text.getTargetRadian
                0x0800186c       0xac ..\obj\calculate.o
                0x0800186c                getTargetRadian
 .text.get_distance
                0x08001918       0x54 ..\obj\calculate.o
                0x08001918                get_distance
 .text.get_gap_radian
                0x0800196c       0x40 ..\obj\calculate.o
                0x0800196c                get_gap_radian
 *fill*         0x080019ac        0x4 
 .text.get_vertical_distance
                0x080019b0      0x140 ..\obj\calculate.o
                0x080019b0                get_vertical_distance
 .text.get_vertical_distance_position
                0x08001af0       0x48 ..\obj\calculate.o
                0x08001af0                get_vertical_distance_position
 .text.TIM1_UP_TIM10_IRQHandler
                0x08001b38       0x64 ..\obj\config_encoder.o
                0x08001b38                TIM1_UP_TIM10_IRQHandler
 .text.TIM2_IRQHandler
                0x08001b9c       0x60 ..\obj\config_encoder.o
                0x08001b9c                TIM2_IRQHandler
 .text.TIM3_IRQHandler
                0x08001bfc       0x6c ..\obj\config_encoder.o
                0x08001bfc                TIM3_IRQHandler
 .text.TIM4_IRQHandler
                0x08001c68       0x6c ..\obj\config_encoder.o
                0x08001c68                TIM4_IRQHandler
 .text.TIM5_IRQHandler
                0x08001cd4       0x6c ..\obj\config_encoder.o
                0x08001cd4                TIM5_IRQHandler
 .text.TIM8_UP_TIM13_IRQHandler
                0x08001d40       0x6c ..\obj\config_encoder.o
                0x08001d40                TIM8_UP_TIM13_IRQHandler
 .text.TIM8_BRK_TIM12_IRQHandler
                0x08001dac       0x6c ..\obj\config_encoder.o
                0x08001dac                TIM8_BRK_TIM12_IRQHandler
 .text.tim1_count
                0x08001e18       0x24 ..\obj\config_encoder.o
                0x08001e18                tim1_count
 .text.tim2_count
                0x08001e3c       0x20 ..\obj\config_encoder.o
                0x08001e3c                tim2_count
 .text.tim3_count
                0x08001e5c       0x24 ..\obj\config_encoder.o
                0x08001e5c                tim3_count
 .text.tim4_count
                0x08001e80       0x24 ..\obj\config_encoder.o
                0x08001e80                tim4_count
 .text.tim5_count
                0x08001ea4       0x24 ..\obj\config_encoder.o
                0x08001ea4                tim5_count
 .text.tim8_count
                0x08001ec8       0x24 ..\obj\config_encoder.o
                0x08001ec8                tim8_count
 .text.tim12_count
                0x08001eec       0x24 ..\obj\config_encoder.o
                0x08001eec                tim12_count
 .text.Init_encoder
                0x08001f10      0x120 ..\obj\config_encoder.o
                0x08001f10                Init_encoder
 .text.Select_encoder_count
                0x08002030       0xa4 ..\obj\config_encoder.o
                0x08002030                Select_encoder_count
 .text.Reset_encoder_over_under_flow
                0x080020d4       0xb8 ..\obj\config_encoder.o
                0x080020d4                Reset_encoder_over_under_flow
 .text.OTG_FS_IRQHandler
                0x0800218c       0x14 ..\obj\config_usb.o
                0x0800218c                OTG_FS_IRQHandler
 .text.OTG_FS_WKUP_IRQHandler
                0x080021a0       0x44 ..\obj\config_usb.o
                0x080021a0                OTG_FS_WKUP_IRQHandler
 .text.USART_Init
                0x080021e4      0x188 ..\obj\stm32f4xx_usart.o
                0x080021e4                USART_Init
 .text.USART_Cmd
                0x0800236c       0x40 ..\obj\stm32f4xx_usart.o
                0x0800236c                USART_Cmd
 .text.USART_SendData
                0x080023ac       0x24 ..\obj\stm32f4xx_usart.o
                0x080023ac                USART_SendData
 .text.USART_ReceiveData
                0x080023d0       0x20 ..\obj\stm32f4xx_usart.o
                0x080023d0                USART_ReceiveData
 .text.USART_ITConfig
                0x080023f0       0x90 ..\obj\stm32f4xx_usart.o
                0x080023f0                USART_ITConfig
 .text.USART_GetFlagStatus
                0x08002480       0x38 ..\obj\stm32f4xx_usart.o
                0x08002480                USART_GetFlagStatus
 .text.dtor     0x080024b8       0x58 ..\obj\util.o
                0x080024b8                dtor
 .text.rtod     0x08002510       0x50 ..\obj\util.o
                0x08002510                rtod
 .text.floatlimit
                0x08002560       0x3c ..\obj\util.o
                0x08002560                floatlimit
 .text.area     0x0800259c       0xa4 ..\obj\util.o
                0x0800259c                area
 .text.CAN_DeInit
                0x08002640       0x48 ..\obj\stm32f4xx_can.o
                0x08002640                CAN_DeInit
 .text.CAN_Init
                0x08002688      0x1a4 ..\obj\stm32f4xx_can.o
                0x08002688                CAN_Init
 .text.CAN_FilterInit
                0x0800282c      0x1f0 ..\obj\stm32f4xx_can.o
                0x0800282c                CAN_FilterInit
 .text.CAN_StructInit
                0x08002a1c       0x54 ..\obj\stm32f4xx_can.o
                0x08002a1c                CAN_StructInit
 .text.CAN_Transmit
                0x08002a70      0x190 ..\obj\stm32f4xx_can.o
                0x08002a70                CAN_Transmit
 .text.CAN_TransmitStatus
                0x08002c00       0xec ..\obj\stm32f4xx_can.o
                0x08002c00                CAN_TransmitStatus
 .text.CAN_Receive
                0x08002cec      0x170 ..\obj\stm32f4xx_can.o
                0x08002cec                CAN_Receive
 .text.CAN_ITConfig
                0x08002e5c       0x3c ..\obj\stm32f4xx_can.o
                0x08002e5c                CAN_ITConfig
 .text.CAN_GetITStatus
                0x08002e98      0x194 ..\obj\stm32f4xx_can.o
                0x08002e98                CAN_GetITStatus
 .text.CheckITStatus
                0x0800302c       0x30 ..\obj\stm32f4xx_can.o
 .text.SysTick_Handler
                0x0800305c       0x2c ..\obj\mcutime.o
                0x0800305c                SysTick_Handler
 .text.millis   0x08003088       0x28 ..\obj\mcutime.o
                0x08003088                millis
 .text.micros   0x080030b0       0x34 ..\obj\mcutime.o
                0x080030b0                micros
 .text.timer_setup
                0x080030e4       0x14 ..\obj\mcutime.o
                0x080030e4                timer_setup
 .text.delay_ms
                0x080030f8       0x40 ..\obj\mcutime.o
                0x080030f8                delay_ms
 .text.Init_CAN
                0x08003138      0x17c ..\obj\config_can.o
                0x08003138                Init_CAN
 .text.Init_CANfilter
                0x080032b4       0xd4 ..\obj\config_can.o
                0x080032b4                Init_CANfilter
 .text.send_can1
                0x08003388       0x34 ..\obj\config_can.o
                0x08003388                send_can1
 .text.Default_Reset_Handler
                0x080033bc       0x64 ..\obj\startup_stm32f4xx.o
                0x080033bc                Default_Reset_Handler
                0x080033bc                Reset_Handler
 .text.Default_Handler
                0x08003420        0x8 ..\obj\startup_stm32f4xx.o
                0x08003420                RTC_Alarm_IRQHandler
                0x08003420                HASH_RNG_IRQHandler
                0x08003420                EXTI2_IRQHandler
                0x08003420                TIM8_CC_IRQHandler
                0x08003420                TIM1_CC_IRQHandler
                0x08003420                DMA2_Stream5_IRQHandler
                0x08003420                DMA1_Stream5_IRQHandler
                0x08003420                PVD_IRQHandler
                0x08003420                TAMP_STAMP_IRQHandler
                0x08003420                CAN2_RX1_IRQHandler
                0x08003420                EXTI3_IRQHandler
                0x08003420                TIM8_TRG_COM_TIM14_IRQHandler
                0x08003420                I2C3_ER_IRQHandler
                0x08003420                EXTI0_IRQHandler
                0x08003420                DMA1_Stream2_IRQHandler
                0x08003420                FPU_IRQHandler
                0x08003420                OTG_HS_WKUP_IRQHandler
                0x08003420                CAN2_SCE_IRQHandler
                0x08003420                DMA2_Stream2_IRQHandler
                0x08003420                SPI1_IRQHandler
                0x08003420                TIM6_DAC_IRQHandler
                0x08003420                TIM1_BRK_TIM9_IRQHandler
                0x08003420                DCMI_IRQHandler
                0x08003420                CAN2_RX0_IRQHandler
                0x08003420                USART6_IRQHandler
                0x08003420                CRYP_IRQHandler
                0x08003420                CAN1_RX1_IRQHandler
                0x08003420                UART5_IRQHandler
                0x08003420                DMA2_Stream0_IRQHandler
                0x08003420                I2C1_EV_IRQHandler
                0x08003420                DMA1_Stream6_IRQHandler
                0x08003420                DMA1_Stream1_IRQHandler
                0x08003420                UART4_IRQHandler
                0x08003420                RCC_IRQHandler
                0x08003420                EXTI15_10_IRQHandler
                0x08003420                ADC_IRQHandler
                0x08003420                DMA1_Stream7_IRQHandler
                0x08003420                TIM7_IRQHandler
                0x08003420                CAN2_TX_IRQHandler
                0x08003420                DMA2_Stream7_IRQHandler
                0x08003420                I2C3_EV_IRQHandler
                0x08003420                EXTI9_5_IRQHandler
                0x08003420                RTC_WKUP_IRQHandler
                0x08003420                ETH_WKUP_IRQHandler
                0x08003420                SPI2_IRQHandler
                0x08003420                OTG_HS_EP1_IN_IRQHandler
                0x08003420                DMA1_Stream0_IRQHandler
                0x08003420                CAN1_TX_IRQHandler
                0x08003420                EXTI4_IRQHandler
                0x08003420                FSMC_IRQHandler
                0x08003420                ETH_IRQHandler
                0x08003420                OTG_HS_EP1_OUT_IRQHandler
                0x08003420                WWDG_IRQHandler
                0x08003420                TIM1_TRG_COM_TIM11_IRQHandler
                0x08003420                OTG_HS_IRQHandler
                0x08003420                EXTI1_IRQHandler
                0x08003420                I2C2_ER_IRQHandler
                0x08003420                DMA2_Stream1_IRQHandler
                0x08003420                CAN1_SCE_IRQHandler
                0x08003420                FLASH_IRQHandler
                0x08003420                DMA2_Stream4_IRQHandler
                0x08003420                USART1_IRQHandler
                0x08003420                SPI3_IRQHandler
                0x08003420                DMA1_Stream4_IRQHandler
                0x08003420                I2C1_ER_IRQHandler
                0x08003420                DMA2_Stream6_IRQHandler
                0x08003420                DMA1_Stream3_IRQHandler
 .text.USBD_SetupStage
                0x08003428       0x6c ..\obj\usbd_core.o
 .text.USBD_DataOutStage
                0x08003494       0xd0 ..\obj\usbd_core.o
 .text.USBD_DataInStage
                0x08003564      0x104 ..\obj\usbd_core.o
 .text.USBD_Reset
                0x08003668       0x44 ..\obj\usbd_core.o
 .text.USBD_Resume
                0x080036ac       0x24 ..\obj\usbd_core.o
 .text.USBD_Suspend
                0x080036d0       0x24 ..\obj\usbd_core.o
 .text.USBD_SOF
                0x080036f4       0x2c ..\obj\usbd_core.o
 .text.USBD_SetCfg
                0x08003720       0x30 ..\obj\usbd_core.o
                0x08003720                USBD_SetCfg
 .text.USBD_ClrCfg
                0x08003750       0x28 ..\obj\usbd_core.o
                0x08003750                USBD_ClrCfg
 .text.USBD_IsoINIncomplete
                0x08003778       0x20 ..\obj\usbd_core.o
 .text.USBD_IsoOUTIncomplete
                0x08003798       0x20 ..\obj\usbd_core.o
 .text._ZN6Serial8ReceiverC2EPS_
                0x080037b8       0x38 ..\obj\pin.o
                0x080037b8                Serial::Receiver::Receiver(Serial*)
                0x080037b8                Serial::Receiver::Receiver(Serial*)
 .text._ZN6Serial8Receiver14serialReadCharEc
                0x080037f0       0x60 ..\obj\pin.o
                0x080037f0                Serial::Receiver::serialReadChar(char)
 .text._ZN6Serial8Receiver13charAvailableEv
                0x08003850       0x28 ..\obj\pin.o
                0x08003850                Serial::Receiver::charAvailable()
 .text._ZN6Serial8Receiver15stringAvailableEv
                0x08003878       0x1c ..\obj\pin.o
                0x08003878                Serial::Receiver::stringAvailable()
 .text._ZN6Serial8Receiver8readCharEv
                0x08003894       0x1c ..\obj\pin.o
                0x08003894                Serial::Receiver::readChar()
 .text._ZN6Serial8Receiver10readStringEPc
                0x080038b0       0xe8 ..\obj\pin.o
                0x080038b0                Serial::Receiver::readString(char*)
 .text._ZN6Serial15stringAvailableEv
                0x08003998       0x28 ..\obj\pin.o
                0x08003998                Serial::stringAvailable()
 .text._ZN6Serial10readStringEPc
                0x080039c0       0x34 ..\obj\pin.o
                0x080039c0                Serial::readString(char*)
 .text._ZN6Serial13charAvailableEv
                0x080039f4       0x28 ..\obj\pin.o
                0x080039f4                Serial::charAvailable()
 .text._ZN6Serial8readCharEv
                0x08003a1c       0x28 ..\obj\pin.o
                0x08003a1c                Serial::readChar()
 .text._ZN6Serial11writeStringEPc
                0x08003a44       0x40 ..\obj\pin.o
                0x08003a44                Serial::writeString(char*)
 .text._ZN6Serial5setupEiR15SerialInterfaceii
                0x08003a84       0x34 ..\obj\pin.o
                0x08003a84                Serial::setup(int, SerialInterface&, int, int)
 .text._ZN6Serial5setupEiii
                0x08003ab8       0x4c ..\obj\pin.o
                0x08003ab8                Serial::setup(int, int, int)
 .text._ZN6Analog13setupAnalogInEv
                0x08003b04       0x1c ..\obj\pin.o
                0x08003b04                Analog::setupAnalogIn()
 .text._ZN6Analog10analogReadEv
                0x08003b20       0x20 ..\obj\pin.o
                0x08003b20                Analog::analogRead()
 .text._ZN3Pwm11setupPwmOutEff
                0x08003b40       0x24 ..\obj\pin.o
                0x08003b40                Pwm::setupPwmOut(float, float)
 .text._ZN3Pwm8pwmWriteEf
                0x08003b64       0x20 ..\obj\pin.o
                0x08003b64                Pwm::pwmWrite(float)
 .text._ZN3Pwm8pwmWriteEv
                0x08003b84       0x20 ..\obj\pin.o
                0x08003b84                Pwm::pwmWrite()
 .text._ZN2A016analogResolutionEv
                0x08003ba4       0x20 ..\obj\pin.o
                0x08003ba4                A0::analogResolution()
                0x08003bbc                non-virtual thunk to A0::analogResolution()
 .text._ZN2A013analogVoltageEv
                0x08003bc4       0x24 ..\obj\pin.o
                0x08003bc4                A0::analogVoltage()
                0x08003be0                non-virtual thunk to A0::analogVoltage()
 .text._ZN2A116analogResolutionEv
                0x08003be8       0x20 ..\obj\pin.o
                0x08003be8                A1::analogResolution()
                0x08003c00                non-virtual thunk to A1::analogResolution()
 .text._ZN2A113analogVoltageEv
                0x08003c08       0x24 ..\obj\pin.o
                0x08003c08                A1::analogVoltage()
                0x08003c24                non-virtual thunk to A1::analogVoltage()
 .text._ZN2A216analogResolutionEv
                0x08003c2c       0x20 ..\obj\pin.o
                0x08003c2c                A2::analogResolution()
                0x08003c44                non-virtual thunk to A2::analogResolution()
 .text._ZN2A213analogVoltageEv
                0x08003c4c       0x24 ..\obj\pin.o
                0x08003c4c                A2::analogVoltage()
                0x08003c68                non-virtual thunk to A2::analogVoltage()
 .text._ZN2A316analogResolutionEv
                0x08003c70       0x20 ..\obj\pin.o
                0x08003c70                A3::analogResolution()
                0x08003c88                non-virtual thunk to A3::analogResolution()
 .text._ZN2A313analogVoltageEv
                0x08003c90       0x24 ..\obj\pin.o
                0x08003c90                A3::analogVoltage()
                0x08003cac                non-virtual thunk to A3::analogVoltage()
 .text._ZN2A416analogResolutionEv
                0x08003cb4       0x20 ..\obj\pin.o
                0x08003cb4                A4::analogResolution()
                0x08003ccc                non-virtual thunk to A4::analogResolution()
 .text._ZN2A413analogVoltageEv
                0x08003cd4       0x24 ..\obj\pin.o
                0x08003cd4                A4::analogVoltage()
                0x08003cf0                non-virtual thunk to A4::analogVoltage()
 .text._ZN4Led013_digitalWriteEv
                0x08003cf8       0x24 ..\obj\pin.o
                0x08003cf8                Led0::_digitalWrite()
 .text._ZN4Led013_digitalWriteEi
                0x08003d1c       0x38 ..\obj\pin.o
                0x08003d1c                Led0::_digitalWrite(int)
 .text._ZN4Led012_digitalReadEv
                0x08003d54       0x24 ..\obj\pin.o
                0x08003d54                Led0::_digitalRead()
 .text._ZN4Led015_setupDigitalInEv
                0x08003d78       0x2c ..\obj\pin.o
                0x08003d78                Led0::_setupDigitalIn()
 .text._ZN4Led016_setupDigitalOutEv
                0x08003da4       0x2c ..\obj\pin.o
                0x08003da4                Led0::_setupDigitalOut()
 .text._ZN4Led021_setupDigitalInPullUpEv
                0x08003dd0       0x2c ..\obj\pin.o
                0x08003dd0                Led0::_setupDigitalInPullUp()
 .text._ZN4Led023_setupDigitalInPullDownEv
                0x08003dfc       0x2c ..\obj\pin.o
                0x08003dfc                Led0::_setupDigitalInPullDown()
 .text._ZN4Led113_digitalWriteEv
                0x08003e28       0x24 ..\obj\pin.o
                0x08003e28                Led1::_digitalWrite()
 .text._ZN4Led113_digitalWriteEi
                0x08003e4c       0x38 ..\obj\pin.o
                0x08003e4c                Led1::_digitalWrite(int)
 .text._ZN4Led112_digitalReadEv
                0x08003e84       0x24 ..\obj\pin.o
                0x08003e84                Led1::_digitalRead()
 .text._ZN4Led115_setupDigitalInEv
                0x08003ea8       0x2c ..\obj\pin.o
                0x08003ea8                Led1::_setupDigitalIn()
 .text._ZN4Led116_setupDigitalOutEv
                0x08003ed4       0x2c ..\obj\pin.o
                0x08003ed4                Led1::_setupDigitalOut()
 .text._ZN4Led121_setupDigitalInPullUpEv
                0x08003f00       0x2c ..\obj\pin.o
                0x08003f00                Led1::_setupDigitalInPullUp()
 .text._ZN4Led123_setupDigitalInPullDownEv
                0x08003f2c       0x2c ..\obj\pin.o
                0x08003f2c                Led1::_setupDigitalInPullDown()
 .text._ZN4Led213_digitalWriteEv
                0x08003f58       0x24 ..\obj\pin.o
                0x08003f58                Led2::_digitalWrite()
 .text._ZN4Led213_digitalWriteEi
                0x08003f7c       0x38 ..\obj\pin.o
                0x08003f7c                Led2::_digitalWrite(int)
 .text._ZN4Led212_digitalReadEv
                0x08003fb4       0x24 ..\obj\pin.o
                0x08003fb4                Led2::_digitalRead()
 .text._ZN4Led215_setupDigitalInEv
                0x08003fd8       0x2c ..\obj\pin.o
                0x08003fd8                Led2::_setupDigitalIn()
 .text._ZN4Led216_setupDigitalOutEv
                0x08004004       0x2c ..\obj\pin.o
                0x08004004                Led2::_setupDigitalOut()
 .text._ZN4Led221_setupDigitalInPullUpEv
                0x08004030       0x2c ..\obj\pin.o
                0x08004030                Led2::_setupDigitalInPullUp()
 .text._ZN4Led223_setupDigitalInPullDownEv
                0x0800405c       0x2c ..\obj\pin.o
                0x0800405c                Led2::_setupDigitalInPullDown()
 .text._ZN4Led313_digitalWriteEv
                0x08004088       0x24 ..\obj\pin.o
                0x08004088                Led3::_digitalWrite()
 .text._ZN4Led313_digitalWriteEi
                0x080040ac       0x38 ..\obj\pin.o
                0x080040ac                Led3::_digitalWrite(int)
 .text._ZN4Led312_digitalReadEv
                0x080040e4       0x24 ..\obj\pin.o
                0x080040e4                Led3::_digitalRead()
 .text._ZN4Led315_setupDigitalInEv
                0x08004108       0x2c ..\obj\pin.o
                0x08004108                Led3::_setupDigitalIn()
 .text._ZN4Led316_setupDigitalOutEv
                0x08004134       0x2c ..\obj\pin.o
                0x08004134                Led3::_setupDigitalOut()
 .text._ZN4Led321_setupDigitalInPullUpEv
                0x08004160       0x2c ..\obj\pin.o
                0x08004160                Led3::_setupDigitalInPullUp()
 .text._ZN4Led323_setupDigitalInPullDownEv
                0x0800418c       0x2c ..\obj\pin.o
                0x0800418c                Led3::_setupDigitalInPullDown()
 .text._ZN3Sw013_digitalWriteEv
                0x080041b8       0x20 ..\obj\pin.o
                0x080041b8                Sw0::_digitalWrite()
 .text._ZN3Sw013_digitalWriteEi
                0x080041d8       0x34 ..\obj\pin.o
                0x080041d8                Sw0::_digitalWrite(int)
 .text._ZN3Sw012_digitalReadEv
                0x0800420c       0x20 ..\obj\pin.o
                0x0800420c                Sw0::_digitalRead()
 .text._ZN3Sw015_setupDigitalInEv
                0x0800422c       0x28 ..\obj\pin.o
                0x0800422c                Sw0::_setupDigitalIn()
 .text._ZN3Sw016_setupDigitalOutEv
                0x08004254       0x18 ..\obj\pin.o
                0x08004254                Sw0::_setupDigitalOut()
 .text._ZN3Sw021_setupDigitalInPullUpEv
                0x0800426c       0x28 ..\obj\pin.o
                0x0800426c                Sw0::_setupDigitalInPullUp()
 .text._ZN3Sw023_setupDigitalInPullDownEv
                0x08004294       0x28 ..\obj\pin.o
                0x08004294                Sw0::_setupDigitalInPullDown()
 .text._ZN3Sw113_digitalWriteEv
                0x080042bc       0x24 ..\obj\pin.o
                0x080042bc                Sw1::_digitalWrite()
 .text._ZN3Sw113_digitalWriteEi
                0x080042e0       0x38 ..\obj\pin.o
                0x080042e0                Sw1::_digitalWrite(int)
 .text._ZN3Sw112_digitalReadEv
                0x08004318       0x24 ..\obj\pin.o
                0x08004318                Sw1::_digitalRead()
 .text._ZN3Sw115_setupDigitalInEv
                0x0800433c       0x2c ..\obj\pin.o
                0x0800433c                Sw1::_setupDigitalIn()
 .text._ZN3Sw116_setupDigitalOutEv
                0x08004368       0x18 ..\obj\pin.o
                0x08004368                Sw1::_setupDigitalOut()
 .text._ZN3Sw121_setupDigitalInPullUpEv
                0x08004380       0x2c ..\obj\pin.o
                0x08004380                Sw1::_setupDigitalInPullUp()
 .text._ZN3Sw123_setupDigitalInPullDownEv
                0x080043ac       0x2c ..\obj\pin.o
                0x080043ac                Sw1::_setupDigitalInPullDown()
 .text._ZN3Sw213_digitalWriteEv
                0x080043d8       0x24 ..\obj\pin.o
                0x080043d8                Sw2::_digitalWrite()
 .text._ZN3Sw213_digitalWriteEi
                0x080043fc       0x38 ..\obj\pin.o
                0x080043fc                Sw2::_digitalWrite(int)
 .text._ZN3Sw212_digitalReadEv
                0x08004434       0x24 ..\obj\pin.o
                0x08004434                Sw2::_digitalRead()
 .text._ZN3Sw215_setupDigitalInEv
                0x08004458       0x2c ..\obj\pin.o
                0x08004458                Sw2::_setupDigitalIn()
 .text._ZN3Sw216_setupDigitalOutEv
                0x08004484       0x18 ..\obj\pin.o
                0x08004484                Sw2::_setupDigitalOut()
 .text._ZN3Sw221_setupDigitalInPullUpEv
                0x0800449c       0x2c ..\obj\pin.o
                0x0800449c                Sw2::_setupDigitalInPullUp()
 .text._ZN3Sw223_setupDigitalInPullDownEv
                0x080044c8       0x2c ..\obj\pin.o
                0x080044c8                Sw2::_setupDigitalInPullDown()
 .text._ZN3Sw313_digitalWriteEv
                0x080044f4       0x24 ..\obj\pin.o
                0x080044f4                Sw3::_digitalWrite()
 .text._ZN3Sw313_digitalWriteEi
                0x08004518       0x38 ..\obj\pin.o
                0x08004518                Sw3::_digitalWrite(int)
 .text._ZN3Sw312_digitalReadEv
                0x08004550       0x24 ..\obj\pin.o
                0x08004550                Sw3::_digitalRead()
 .text._ZN3Sw315_setupDigitalInEv
                0x08004574       0x2c ..\obj\pin.o
                0x08004574                Sw3::_setupDigitalIn()
 .text._ZN3Sw316_setupDigitalOutEv
                0x080045a0       0x18 ..\obj\pin.o
                0x080045a0                Sw3::_setupDigitalOut()
 .text._ZN3Sw321_setupDigitalInPullUpEv
                0x080045b8       0x2c ..\obj\pin.o
                0x080045b8                Sw3::_setupDigitalInPullUp()
 .text._ZN3Sw323_setupDigitalInPullDownEv
                0x080045e4       0x2c ..\obj\pin.o
                0x080045e4                Sw3::_setupDigitalInPullDown()
 .text._ZN6Buzzer13_digitalWriteEv
                0x08004610       0x20 ..\obj\pin.o
                0x08004610                Buzzer::_digitalWrite()
 .text._ZN6Buzzer13_digitalWriteEi
                0x08004630       0x34 ..\obj\pin.o
                0x08004630                Buzzer::_digitalWrite(int)
 .text._ZN6Buzzer12_digitalReadEv
                0x08004664       0x20 ..\obj\pin.o
                0x08004664                Buzzer::_digitalRead()
 .text._ZN6Buzzer15_setupDigitalInEv
                0x08004684       0x28 ..\obj\pin.o
                0x08004684                Buzzer::_setupDigitalIn()
 .text._ZN6Buzzer16_setupDigitalOutEv
                0x080046ac       0x28 ..\obj\pin.o
                0x080046ac                Buzzer::_setupDigitalOut()
 .text._ZN6Buzzer21_setupDigitalInPullUpEv
                0x080046d4       0x28 ..\obj\pin.o
                0x080046d4                Buzzer::_setupDigitalInPullUp()
 .text._ZN6Buzzer23_setupDigitalInPullDownEv
                0x080046fc       0x28 ..\obj\pin.o
                0x080046fc                Buzzer::_setupDigitalInPullDown()
 .text._ZN3CW013_digitalWriteEv
                0x08004724       0x20 ..\obj\pin.o
                0x08004724                CW0::_digitalWrite()
 .text._ZN3CW013_digitalWriteEi
                0x08004744       0x30 ..\obj\pin.o
                0x08004744                CW0::_digitalWrite(int)
 .text._ZN3CW012_digitalReadEv
                0x08004774       0x20 ..\obj\pin.o
                0x08004774                CW0::_digitalRead()
 .text._ZN3CW015_setupDigitalInEv
                0x08004794       0x28 ..\obj\pin.o
                0x08004794                CW0::_setupDigitalIn()
 .text._ZN3CW016_setupDigitalOutEv
                0x080047bc       0x28 ..\obj\pin.o
                0x080047bc                CW0::_setupDigitalOut()
 .text._ZN3CW021_setupDigitalInPullUpEv
                0x080047e4       0x28 ..\obj\pin.o
                0x080047e4                CW0::_setupDigitalInPullUp()
 .text._ZN3CW023_setupDigitalInPullDownEv
                0x0800480c       0x28 ..\obj\pin.o
                0x0800480c                CW0::_setupDigitalInPullDown()
 .text._ZN4CCW013_digitalWriteEv
                0x08004834       0x20 ..\obj\pin.o
                0x08004834                CCW0::_digitalWrite()
 .text._ZN4CCW013_digitalWriteEi
                0x08004854       0x34 ..\obj\pin.o
                0x08004854                CCW0::_digitalWrite(int)
 .text._ZN4CCW012_digitalReadEv
                0x08004888       0x20 ..\obj\pin.o
                0x08004888                CCW0::_digitalRead()
 .text._ZN4CCW015_setupDigitalInEv
                0x080048a8       0x28 ..\obj\pin.o
                0x080048a8                CCW0::_setupDigitalIn()
 .text._ZN4CCW016_setupDigitalOutEv
                0x080048d0       0x28 ..\obj\pin.o
                0x080048d0                CCW0::_setupDigitalOut()
 .text._ZN4CCW021_setupDigitalInPullUpEv
                0x080048f8       0x28 ..\obj\pin.o
                0x080048f8                CCW0::_setupDigitalInPullUp()
 .text._ZN4CCW023_setupDigitalInPullDownEv
                0x08004920       0x28 ..\obj\pin.o
                0x08004920                CCW0::_setupDigitalInPullDown()
 .text._ZN3CW113_digitalWriteEv
                0x08004948       0x24 ..\obj\pin.o
                0x08004948                CW1::_digitalWrite()
 .text._ZN3CW113_digitalWriteEi
                0x0800496c       0x38 ..\obj\pin.o
                0x0800496c                CW1::_digitalWrite(int)
 .text._ZN3CW112_digitalReadEv
                0x080049a4       0x24 ..\obj\pin.o
                0x080049a4                CW1::_digitalRead()
 .text._ZN3CW115_setupDigitalInEv
                0x080049c8       0x2c ..\obj\pin.o
                0x080049c8                CW1::_setupDigitalIn()
 .text._ZN3CW116_setupDigitalOutEv
                0x080049f4       0x2c ..\obj\pin.o
                0x080049f4                CW1::_setupDigitalOut()
 .text._ZN3CW121_setupDigitalInPullUpEv
                0x08004a20       0x2c ..\obj\pin.o
                0x08004a20                CW1::_setupDigitalInPullUp()
 .text._ZN3CW123_setupDigitalInPullDownEv
                0x08004a4c       0x2c ..\obj\pin.o
                0x08004a4c                CW1::_setupDigitalInPullDown()
 .text._ZN4CCW113_digitalWriteEv
                0x08004a78       0x20 ..\obj\pin.o
                0x08004a78                CCW1::_digitalWrite()
 .text._ZN4CCW113_digitalWriteEi
                0x08004a98       0x30 ..\obj\pin.o
                0x08004a98                CCW1::_digitalWrite(int)
 .text._ZN4CCW112_digitalReadEv
                0x08004ac8       0x20 ..\obj\pin.o
                0x08004ac8                CCW1::_digitalRead()
 .text._ZN4CCW115_setupDigitalInEv
                0x08004ae8       0x28 ..\obj\pin.o
                0x08004ae8                CCW1::_setupDigitalIn()
 .text._ZN4CCW116_setupDigitalOutEv
                0x08004b10       0x28 ..\obj\pin.o
                0x08004b10                CCW1::_setupDigitalOut()
 .text._ZN4CCW121_setupDigitalInPullUpEv
                0x08004b38       0x28 ..\obj\pin.o
                0x08004b38                CCW1::_setupDigitalInPullUp()
 .text._ZN4CCW123_setupDigitalInPullDownEv
                0x08004b60       0x28 ..\obj\pin.o
                0x08004b60                CCW1::_setupDigitalInPullDown()
 .text._ZN3CW213_digitalWriteEv
                0x08004b88       0x20 ..\obj\pin.o
                0x08004b88                CW2::_digitalWrite()
 .text._ZN3CW213_digitalWriteEi
                0x08004ba8       0x34 ..\obj\pin.o
                0x08004ba8                CW2::_digitalWrite(int)
 .text._ZN3CW212_digitalReadEv
                0x08004bdc       0x20 ..\obj\pin.o
                0x08004bdc                CW2::_digitalRead()
 .text._ZN3CW215_setupDigitalInEv
                0x08004bfc       0x28 ..\obj\pin.o
                0x08004bfc                CW2::_setupDigitalIn()
 .text._ZN3CW216_setupDigitalOutEv
                0x08004c24       0x28 ..\obj\pin.o
                0x08004c24                CW2::_setupDigitalOut()
 .text._ZN3CW221_setupDigitalInPullUpEv
                0x08004c4c       0x28 ..\obj\pin.o
                0x08004c4c                CW2::_setupDigitalInPullUp()
 .text._ZN3CW223_setupDigitalInPullDownEv
                0x08004c74       0x28 ..\obj\pin.o
                0x08004c74                CW2::_setupDigitalInPullDown()
 .text._ZN4CCW213_digitalWriteEv
                0x08004c9c       0x20 ..\obj\pin.o
                0x08004c9c                CCW2::_digitalWrite()
 .text._ZN4CCW213_digitalWriteEi
                0x08004cbc       0x34 ..\obj\pin.o
                0x08004cbc                CCW2::_digitalWrite(int)
 .text._ZN4CCW212_digitalReadEv
                0x08004cf0       0x20 ..\obj\pin.o
                0x08004cf0                CCW2::_digitalRead()
 .text._ZN4CCW215_setupDigitalInEv
                0x08004d10       0x28 ..\obj\pin.o
                0x08004d10                CCW2::_setupDigitalIn()
 .text._ZN4CCW216_setupDigitalOutEv
                0x08004d38       0x28 ..\obj\pin.o
                0x08004d38                CCW2::_setupDigitalOut()
 .text._ZN4CCW221_setupDigitalInPullUpEv
                0x08004d60       0x28 ..\obj\pin.o
                0x08004d60                CCW2::_setupDigitalInPullUp()
 .text._ZN4CCW223_setupDigitalInPullDownEv
                0x08004d88       0x28 ..\obj\pin.o
                0x08004d88                CCW2::_setupDigitalInPullDown()
 .text._ZN3CW313_digitalWriteEv
                0x08004db0       0x24 ..\obj\pin.o
                0x08004db0                CW3::_digitalWrite()
 .text._ZN3CW313_digitalWriteEi
                0x08004dd4       0x38 ..\obj\pin.o
                0x08004dd4                CW3::_digitalWrite(int)
 .text._ZN3CW312_digitalReadEv
                0x08004e0c       0x24 ..\obj\pin.o
                0x08004e0c                CW3::_digitalRead()
 .text._ZN3CW315_setupDigitalInEv
                0x08004e30       0x2c ..\obj\pin.o
                0x08004e30                CW3::_setupDigitalIn()
 .text._ZN3CW316_setupDigitalOutEv
                0x08004e5c       0x2c ..\obj\pin.o
                0x08004e5c                CW3::_setupDigitalOut()
 .text._ZN3CW321_setupDigitalInPullUpEv
                0x08004e88       0x2c ..\obj\pin.o
                0x08004e88                CW3::_setupDigitalInPullUp()
 .text._ZN3CW323_setupDigitalInPullDownEv
                0x08004eb4       0x2c ..\obj\pin.o
                0x08004eb4                CW3::_setupDigitalInPullDown()
 .text._ZN4CCW313_digitalWriteEv
                0x08004ee0       0x20 ..\obj\pin.o
                0x08004ee0                CCW3::_digitalWrite()
 .text._ZN4CCW313_digitalWriteEi
                0x08004f00       0x34 ..\obj\pin.o
                0x08004f00                CCW3::_digitalWrite(int)
 .text._ZN4CCW312_digitalReadEv
                0x08004f34       0x20 ..\obj\pin.o
                0x08004f34                CCW3::_digitalRead()
 .text._ZN4CCW315_setupDigitalInEv
                0x08004f54       0x28 ..\obj\pin.o
                0x08004f54                CCW3::_setupDigitalIn()
 .text._ZN4CCW316_setupDigitalOutEv
                0x08004f7c       0x28 ..\obj\pin.o
                0x08004f7c                CCW3::_setupDigitalOut()
 .text._ZN4CCW321_setupDigitalInPullUpEv
                0x08004fa4       0x28 ..\obj\pin.o
                0x08004fa4                CCW3::_setupDigitalInPullUp()
 .text._ZN4CCW323_setupDigitalInPullDownEv
                0x08004fcc       0x28 ..\obj\pin.o
                0x08004fcc                CCW3::_setupDigitalInPullDown()
 .text._ZN3CW413_digitalWriteEv
                0x08004ff4       0x20 ..\obj\pin.o
                0x08004ff4                CW4::_digitalWrite()
 .text._ZN3CW413_digitalWriteEi
                0x08005014       0x34 ..\obj\pin.o
                0x08005014                CW4::_digitalWrite(int)
 .text._ZN3CW412_digitalReadEv
                0x08005048       0x20 ..\obj\pin.o
                0x08005048                CW4::_digitalRead()
 .text._ZN3CW415_setupDigitalInEv
                0x08005068       0x28 ..\obj\pin.o
                0x08005068                CW4::_setupDigitalIn()
 .text._ZN3CW416_setupDigitalOutEv
                0x08005090       0x28 ..\obj\pin.o
                0x08005090                CW4::_setupDigitalOut()
 .text._ZN3CW421_setupDigitalInPullUpEv
                0x080050b8       0x28 ..\obj\pin.o
                0x080050b8                CW4::_setupDigitalInPullUp()
 .text._ZN3CW423_setupDigitalInPullDownEv
                0x080050e0       0x28 ..\obj\pin.o
                0x080050e0                CW4::_setupDigitalInPullDown()
 .text._ZN4CCW413_digitalWriteEv
                0x08005108       0x20 ..\obj\pin.o
                0x08005108                CCW4::_digitalWrite()
 .text._ZN4CCW413_digitalWriteEi
                0x08005128       0x34 ..\obj\pin.o
                0x08005128                CCW4::_digitalWrite(int)
 .text._ZN4CCW412_digitalReadEv
                0x0800515c       0x20 ..\obj\pin.o
                0x0800515c                CCW4::_digitalRead()
 .text._ZN4CCW415_setupDigitalInEv
                0x0800517c       0x28 ..\obj\pin.o
                0x0800517c                CCW4::_setupDigitalIn()
 .text._ZN4CCW416_setupDigitalOutEv
                0x080051a4       0x28 ..\obj\pin.o
                0x080051a4                CCW4::_setupDigitalOut()
 .text._ZN4CCW421_setupDigitalInPullUpEv
                0x080051cc       0x28 ..\obj\pin.o
                0x080051cc                CCW4::_setupDigitalInPullUp()
 .text._ZN4CCW423_setupDigitalInPullDownEv
                0x080051f4       0x28 ..\obj\pin.o
                0x080051f4                CCW4::_setupDigitalInPullDown()
 .text._ZN3CW513_digitalWriteEv
                0x0800521c       0x24 ..\obj\pin.o
                0x0800521c                CW5::_digitalWrite()
 .text._ZN3CW513_digitalWriteEi
                0x08005240       0x38 ..\obj\pin.o
                0x08005240                CW5::_digitalWrite(int)
 .text._ZN3CW512_digitalReadEv
                0x08005278       0x24 ..\obj\pin.o
                0x08005278                CW5::_digitalRead()
 .text._ZN3CW515_setupDigitalInEv
                0x0800529c       0x2c ..\obj\pin.o
                0x0800529c                CW5::_setupDigitalIn()
 .text._ZN3CW516_setupDigitalOutEv
                0x080052c8       0x2c ..\obj\pin.o
                0x080052c8                CW5::_setupDigitalOut()
 .text._ZN3CW521_setupDigitalInPullUpEv
                0x080052f4       0x2c ..\obj\pin.o
                0x080052f4                CW5::_setupDigitalInPullUp()
 .text._ZN3CW523_setupDigitalInPullDownEv
                0x08005320       0x2c ..\obj\pin.o
                0x08005320                CW5::_setupDigitalInPullDown()
 .text._ZN4CCW513_digitalWriteEv
                0x0800534c       0x20 ..\obj\pin.o
                0x0800534c                CCW5::_digitalWrite()
 .text._ZN4CCW513_digitalWriteEi
                0x0800536c       0x34 ..\obj\pin.o
                0x0800536c                CCW5::_digitalWrite(int)
 .text._ZN4CCW512_digitalReadEv
                0x080053a0       0x20 ..\obj\pin.o
                0x080053a0                CCW5::_digitalRead()
 .text._ZN4CCW515_setupDigitalInEv
                0x080053c0       0x28 ..\obj\pin.o
                0x080053c0                CCW5::_setupDigitalIn()
 .text._ZN4CCW516_setupDigitalOutEv
                0x080053e8       0x28 ..\obj\pin.o
                0x080053e8                CCW5::_setupDigitalOut()
 .text._ZN4CCW521_setupDigitalInPullUpEv
                0x08005410       0x28 ..\obj\pin.o
                0x08005410                CCW5::_setupDigitalInPullUp()
 .text._ZN4CCW523_setupDigitalInPullDownEv
                0x08005438       0x28 ..\obj\pin.o
                0x08005438                CCW5::_setupDigitalInPullDown()
 .text._ZN2A013_digitalWriteEv
                0x08005460       0x20 ..\obj\pin.o
                0x08005460                A0::_digitalWrite()
 .text._ZN2A013_digitalWriteEi
                0x08005480       0x34 ..\obj\pin.o
                0x08005480                A0::_digitalWrite(int)
 .text._ZN2A012_digitalReadEv
                0x080054b4       0x20 ..\obj\pin.o
                0x080054b4                A0::_digitalRead()
 .text._ZN2A015_setupDigitalInEv
                0x080054d4       0x28 ..\obj\pin.o
                0x080054d4                A0::_setupDigitalIn()
 .text._ZN2A016_setupDigitalOutEv
                0x080054fc       0x30 ..\obj\pin.o
                0x080054fc                A0::_setupDigitalOut()
 .text._ZN2A021_setupDigitalInPullUpEv
                0x0800552c       0x28 ..\obj\pin.o
                0x0800552c                A0::_setupDigitalInPullUp()
 .text._ZN2A023_setupDigitalInPullDownEv
                0x08005554       0x28 ..\obj\pin.o
                0x08005554                A0::_setupDigitalInPullDown()
 .text._ZN2A113_digitalWriteEv
                0x0800557c       0x20 ..\obj\pin.o
                0x0800557c                A1::_digitalWrite()
 .text._ZN2A113_digitalWriteEi
                0x0800559c       0x34 ..\obj\pin.o
                0x0800559c                A1::_digitalWrite(int)
 .text._ZN2A112_digitalReadEv
                0x080055d0       0x20 ..\obj\pin.o
                0x080055d0                A1::_digitalRead()
 .text._ZN2A115_setupDigitalInEv
                0x080055f0       0x28 ..\obj\pin.o
                0x080055f0                A1::_setupDigitalIn()
 .text._ZN2A116_setupDigitalOutEv
                0x08005618       0x30 ..\obj\pin.o
                0x08005618                A1::_setupDigitalOut()
 .text._ZN2A121_setupDigitalInPullUpEv
                0x08005648       0x28 ..\obj\pin.o
                0x08005648                A1::_setupDigitalInPullUp()
 .text._ZN2A123_setupDigitalInPullDownEv
                0x08005670       0x28 ..\obj\pin.o
                0x08005670                A1::_setupDigitalInPullDown()
 .text._ZN2A213_digitalWriteEv
                0x08005698       0x20 ..\obj\pin.o
                0x08005698                A2::_digitalWrite()
 .text._ZN2A213_digitalWriteEi
                0x080056b8       0x34 ..\obj\pin.o
                0x080056b8                A2::_digitalWrite(int)
 .text._ZN2A212_digitalReadEv
                0x080056ec       0x20 ..\obj\pin.o
                0x080056ec                A2::_digitalRead()
 .text._ZN2A215_setupDigitalInEv
                0x0800570c       0x28 ..\obj\pin.o
                0x0800570c                A2::_setupDigitalIn()
 .text._ZN2A216_setupDigitalOutEv
                0x08005734       0x30 ..\obj\pin.o
                0x08005734                A2::_setupDigitalOut()
 .text._ZN2A221_setupDigitalInPullUpEv
                0x08005764       0x28 ..\obj\pin.o
                0x08005764                A2::_setupDigitalInPullUp()
 .text._ZN2A223_setupDigitalInPullDownEv
                0x0800578c       0x28 ..\obj\pin.o
                0x0800578c                A2::_setupDigitalInPullDown()
 .text._ZN2A313_digitalWriteEv
                0x080057b4       0x20 ..\obj\pin.o
                0x080057b4                A3::_digitalWrite()
 .text._ZN2A313_digitalWriteEi
                0x080057d4       0x34 ..\obj\pin.o
                0x080057d4                A3::_digitalWrite(int)
 .text._ZN2A312_digitalReadEv
                0x08005808       0x20 ..\obj\pin.o
                0x08005808                A3::_digitalRead()
 .text._ZN2A315_setupDigitalInEv
                0x08005828       0x28 ..\obj\pin.o
                0x08005828                A3::_setupDigitalIn()
 .text._ZN2A316_setupDigitalOutEv
                0x08005850       0x30 ..\obj\pin.o
                0x08005850                A3::_setupDigitalOut()
 .text._ZN2A321_setupDigitalInPullUpEv
                0x08005880       0x28 ..\obj\pin.o
                0x08005880                A3::_setupDigitalInPullUp()
 .text._ZN2A323_setupDigitalInPullDownEv
                0x080058a8       0x28 ..\obj\pin.o
                0x080058a8                A3::_setupDigitalInPullDown()
 .text._ZN2A413_digitalWriteEv
                0x080058d0       0x20 ..\obj\pin.o
                0x080058d0                A4::_digitalWrite()
 .text._ZN2A413_digitalWriteEi
                0x080058f0       0x34 ..\obj\pin.o
                0x080058f0                A4::_digitalWrite(int)
 .text._ZN2A412_digitalReadEv
                0x08005924       0x20 ..\obj\pin.o
                0x08005924                A4::_digitalRead()
 .text._ZN2A415_setupDigitalInEv
                0x08005944       0x28 ..\obj\pin.o
                0x08005944                A4::_setupDigitalIn()
 .text._ZN2A416_setupDigitalOutEv
                0x0800596c       0x30 ..\obj\pin.o
                0x0800596c                A4::_setupDigitalOut()
 .text._ZN2A421_setupDigitalInPullUpEv
                0x0800599c       0x28 ..\obj\pin.o
                0x0800599c                A4::_setupDigitalInPullUp()
 .text._ZN2A423_setupDigitalInPullDownEv
                0x080059c4       0x28 ..\obj\pin.o
                0x080059c4                A4::_setupDigitalInPullDown()
 .text._ZN4Pwm013_digitalWriteEv
                0x080059ec       0x24 ..\obj\pin.o
                0x080059ec                Pwm0::_digitalWrite()
 .text._ZN4Pwm013_digitalWriteEi
                0x08005a10       0x38 ..\obj\pin.o
                0x08005a10                Pwm0::_digitalWrite(int)
 .text._ZN4Pwm012_digitalReadEv
                0x08005a48       0x24 ..\obj\pin.o
                0x08005a48                Pwm0::_digitalRead()
 .text._ZN4Pwm015_setupDigitalInEv
                0x08005a6c       0x2c ..\obj\pin.o
                0x08005a6c                Pwm0::_setupDigitalIn()
 .text._ZN4Pwm016_setupDigitalOutEv
                0x08005a98       0x30 ..\obj\pin.o
                0x08005a98                Pwm0::_setupDigitalOut()
 .text._ZN4Pwm021_setupDigitalInPullUpEv
                0x08005ac8       0x2c ..\obj\pin.o
                0x08005ac8                Pwm0::_setupDigitalInPullUp()
 .text._ZN4Pwm023_setupDigitalInPullDownEv
                0x08005af4       0x2c ..\obj\pin.o
                0x08005af4                Pwm0::_setupDigitalInPullDown()
 .text._ZN4Pwm113_digitalWriteEv
                0x08005b20       0x20 ..\obj\pin.o
                0x08005b20                Pwm1::_digitalWrite()
 .text._ZN4Pwm113_digitalWriteEi
                0x08005b40       0x34 ..\obj\pin.o
                0x08005b40                Pwm1::_digitalWrite(int)
 .text._ZN4Pwm112_digitalReadEv
                0x08005b74       0x20 ..\obj\pin.o
                0x08005b74                Pwm1::_digitalRead()
 .text._ZN4Pwm115_setupDigitalInEv
                0x08005b94       0x28 ..\obj\pin.o
                0x08005b94                Pwm1::_setupDigitalIn()
 .text._ZN4Pwm116_setupDigitalOutEv
                0x08005bbc       0x30 ..\obj\pin.o
                0x08005bbc                Pwm1::_setupDigitalOut()
 .text._ZN4Pwm121_setupDigitalInPullUpEv
                0x08005bec       0x28 ..\obj\pin.o
                0x08005bec                Pwm1::_setupDigitalInPullUp()
 .text._ZN4Pwm123_setupDigitalInPullDownEv
                0x08005c14       0x28 ..\obj\pin.o
                0x08005c14                Pwm1::_setupDigitalInPullDown()
 .text._ZN4Pwm213_digitalWriteEv
                0x08005c3c       0x20 ..\obj\pin.o
                0x08005c3c                Pwm2::_digitalWrite()
 .text._ZN4Pwm213_digitalWriteEi
                0x08005c5c       0x34 ..\obj\pin.o
                0x08005c5c                Pwm2::_digitalWrite(int)
 .text._ZN4Pwm212_digitalReadEv
                0x08005c90       0x20 ..\obj\pin.o
                0x08005c90                Pwm2::_digitalRead()
 .text._ZN4Pwm215_setupDigitalInEv
                0x08005cb0       0x28 ..\obj\pin.o
                0x08005cb0                Pwm2::_setupDigitalIn()
 .text._ZN4Pwm216_setupDigitalOutEv
                0x08005cd8       0x30 ..\obj\pin.o
                0x08005cd8                Pwm2::_setupDigitalOut()
 .text._ZN4Pwm221_setupDigitalInPullUpEv
                0x08005d08       0x28 ..\obj\pin.o
                0x08005d08                Pwm2::_setupDigitalInPullUp()
 .text._ZN4Pwm223_setupDigitalInPullDownEv
                0x08005d30       0x28 ..\obj\pin.o
                0x08005d30                Pwm2::_setupDigitalInPullDown()
 .text._ZN4Pwm313_digitalWriteEv
                0x08005d58       0x24 ..\obj\pin.o
                0x08005d58                Pwm3::_digitalWrite()
 .text._ZN4Pwm313_digitalWriteEi
                0x08005d7c       0x38 ..\obj\pin.o
                0x08005d7c                Pwm3::_digitalWrite(int)
 .text._ZN4Pwm312_digitalReadEv
                0x08005db4       0x24 ..\obj\pin.o
                0x08005db4                Pwm3::_digitalRead()
 .text._ZN4Pwm315_setupDigitalInEv
                0x08005dd8       0x2c ..\obj\pin.o
                0x08005dd8                Pwm3::_setupDigitalIn()
 .text._ZN4Pwm316_setupDigitalOutEv
                0x08005e04       0x30 ..\obj\pin.o
                0x08005e04                Pwm3::_setupDigitalOut()
 .text._ZN4Pwm321_setupDigitalInPullUpEv
                0x08005e34       0x2c ..\obj\pin.o
                0x08005e34                Pwm3::_setupDigitalInPullUp()
 .text._ZN4Pwm323_setupDigitalInPullDownEv
                0x08005e60       0x2c ..\obj\pin.o
                0x08005e60                Pwm3::_setupDigitalInPullDown()
 .text._ZN4Pwm413_digitalWriteEv
                0x08005e8c       0x24 ..\obj\pin.o
                0x08005e8c                Pwm4::_digitalWrite()
 .text._ZN4Pwm413_digitalWriteEi
                0x08005eb0       0x38 ..\obj\pin.o
                0x08005eb0                Pwm4::_digitalWrite(int)
 .text._ZN4Pwm412_digitalReadEv
                0x08005ee8       0x24 ..\obj\pin.o
                0x08005ee8                Pwm4::_digitalRead()
 .text._ZN4Pwm415_setupDigitalInEv
                0x08005f0c       0x2c ..\obj\pin.o
                0x08005f0c                Pwm4::_setupDigitalIn()
 .text._ZN4Pwm416_setupDigitalOutEv
                0x08005f38       0x30 ..\obj\pin.o
                0x08005f38                Pwm4::_setupDigitalOut()
 .text._ZN4Pwm421_setupDigitalInPullUpEv
                0x08005f68       0x2c ..\obj\pin.o
                0x08005f68                Pwm4::_setupDigitalInPullUp()
 .text._ZN4Pwm423_setupDigitalInPullDownEv
                0x08005f94       0x2c ..\obj\pin.o
                0x08005f94                Pwm4::_setupDigitalInPullDown()
 .text._ZN4Pwm513_digitalWriteEv
                0x08005fc0       0x24 ..\obj\pin.o
                0x08005fc0                Pwm5::_digitalWrite()
 .text._ZN4Pwm513_digitalWriteEi
                0x08005fe4       0x38 ..\obj\pin.o
                0x08005fe4                Pwm5::_digitalWrite(int)
 .text._ZN4Pwm512_digitalReadEv
                0x0800601c       0x24 ..\obj\pin.o
                0x0800601c                Pwm5::_digitalRead()
 .text._ZN4Pwm515_setupDigitalInEv
                0x08006040       0x2c ..\obj\pin.o
                0x08006040                Pwm5::_setupDigitalIn()
 .text._ZN4Pwm516_setupDigitalOutEv
                0x0800606c       0x30 ..\obj\pin.o
                0x0800606c                Pwm5::_setupDigitalOut()
 .text._ZN4Pwm521_setupDigitalInPullUpEv
                0x0800609c       0x2c ..\obj\pin.o
                0x0800609c                Pwm5::_setupDigitalInPullUp()
 .text._ZN4Pwm523_setupDigitalInPullDownEv
                0x080060c8       0x2c ..\obj\pin.o
                0x080060c8                Pwm5::_setupDigitalInPullDown()
 .text._ZN2A014_setupAnalogInEv
                0x080060f4       0x28 ..\obj\pin.o
                0x080060f4                A0::_setupAnalogIn()
 .text._ZThn8_N2A014_setupAnalogInEv
                0x0800611c        0x8 ..\obj\pin.o
                0x0800611c                non-virtual thunk to A0::_setupAnalogIn()
 .text._ZN2A011_analogReadEv
                0x08006124       0x40 ..\obj\pin.o
                0x08006124                A0::_analogRead()
 .text._ZThn8_N2A011_analogReadEv
                0x08006164        0x8 ..\obj\pin.o
                0x08006164                non-virtual thunk to A0::_analogRead()
 .text._ZN2A114_setupAnalogInEv
                0x0800616c       0x28 ..\obj\pin.o
                0x0800616c                A1::_setupAnalogIn()
 .text._ZThn8_N2A114_setupAnalogInEv
                0x08006194        0x8 ..\obj\pin.o
                0x08006194                non-virtual thunk to A1::_setupAnalogIn()
 .text._ZN2A111_analogReadEv
                0x0800619c       0x40 ..\obj\pin.o
                0x0800619c                A1::_analogRead()
 .text._ZThn8_N2A111_analogReadEv
                0x080061dc        0x8 ..\obj\pin.o
                0x080061dc                non-virtual thunk to A1::_analogRead()
 .text._ZN2A214_setupAnalogInEv
                0x080061e4       0x28 ..\obj\pin.o
                0x080061e4                A2::_setupAnalogIn()
 .text._ZThn8_N2A214_setupAnalogInEv
                0x0800620c        0x8 ..\obj\pin.o
                0x0800620c                non-virtual thunk to A2::_setupAnalogIn()
 .text._ZN2A211_analogReadEv
                0x08006214       0x40 ..\obj\pin.o
                0x08006214                A2::_analogRead()
 .text._ZThn8_N2A211_analogReadEv
                0x08006254        0x8 ..\obj\pin.o
                0x08006254                non-virtual thunk to A2::_analogRead()
 .text._ZN2A314_setupAnalogInEv
                0x0800625c       0x28 ..\obj\pin.o
                0x0800625c                A3::_setupAnalogIn()
 .text._ZThn8_N2A314_setupAnalogInEv
                0x08006284        0x8 ..\obj\pin.o
                0x08006284                non-virtual thunk to A3::_setupAnalogIn()
 .text._ZN2A311_analogReadEv
                0x0800628c       0x40 ..\obj\pin.o
                0x0800628c                A3::_analogRead()
 .text._ZThn8_N2A311_analogReadEv
                0x080062cc        0x8 ..\obj\pin.o
                0x080062cc                non-virtual thunk to A3::_analogRead()
 .text._ZN2A414_setupAnalogInEv
                0x080062d4       0x28 ..\obj\pin.o
                0x080062d4                A4::_setupAnalogIn()
 .text._ZThn8_N2A414_setupAnalogInEv
                0x080062fc        0x8 ..\obj\pin.o
                0x080062fc                non-virtual thunk to A4::_setupAnalogIn()
 .text._ZN2A411_analogReadEv
                0x08006304       0x40 ..\obj\pin.o
                0x08006304                A4::_analogRead()
 .text._ZThn8_N2A411_analogReadEv
                0x08006344        0x8 ..\obj\pin.o
                0x08006344                non-virtual thunk to A4::_analogRead()
 .text._ZN4Enc05setupEv
                0x0800634c       0x2c ..\obj\pin.o
                0x0800634c                Enc0::setup()
 .text._ZN4Enc05countEv
                0x08006378       0x38 ..\obj\pin.o
                0x08006378                Enc0::count()
 .text._ZN4Enc15setupEv
                0x080063b0       0x28 ..\obj\pin.o
                0x080063b0                Enc1::setup()
 .text._ZN4Enc15countEv
                0x080063d8       0x38 ..\obj\pin.o
                0x080063d8                Enc1::count()
 .text._ZN4Enc25setupEv
                0x08006410       0x28 ..\obj\pin.o
                0x08006410                Enc2::setup()
 .text._ZN4Enc25countEv
                0x08006438       0x38 ..\obj\pin.o
                0x08006438                Enc2::count()
 .text._ZN4Pwm012_setupPwmOutEff
                0x08006470       0x4c ..\obj\pin.o
                0x08006470                Pwm0::_setupPwmOut(float, float)
 .text._ZThn8_N4Pwm012_setupPwmOutEff
                0x080064bc        0x8 ..\obj\pin.o
                0x080064bc                non-virtual thunk to Pwm0::_setupPwmOut(float, float)
 .text._ZN4Pwm09_pwmWriteEf
                0x080064c4       0x20 ..\obj\pin.o
                0x080064c4                Pwm0::_pwmWrite(float)
 .text._ZThn8_N4Pwm09_pwmWriteEf
                0x080064e4        0x8 ..\obj\pin.o
                0x080064e4                non-virtual thunk to Pwm0::_pwmWrite(float)
 .text._ZN4Pwm09_pwmWriteEv
                0x080064ec       0x20 ..\obj\pin.o
                0x080064ec                Pwm0::_pwmWrite()
 .text._ZThn8_N4Pwm09_pwmWriteEv
                0x0800650c        0x8 ..\obj\pin.o
                0x0800650c                non-virtual thunk to Pwm0::_pwmWrite()
 .text._ZN4Pwm112_setupPwmOutEff
                0x08006514       0x50 ..\obj\pin.o
                0x08006514                Pwm1::_setupPwmOut(float, float)
 .text._ZThn8_N4Pwm112_setupPwmOutEff
                0x08006564        0x8 ..\obj\pin.o
                0x08006564                non-virtual thunk to Pwm1::_setupPwmOut(float, float)
 .text._ZN4Pwm19_pwmWriteEf
                0x0800656c       0x20 ..\obj\pin.o
                0x0800656c                Pwm1::_pwmWrite(float)
 .text._ZThn8_N4Pwm19_pwmWriteEf
                0x0800658c        0x8 ..\obj\pin.o
                0x0800658c                non-virtual thunk to Pwm1::_pwmWrite(float)
 .text._ZN4Pwm19_pwmWriteEv
                0x08006594       0x20 ..\obj\pin.o
                0x08006594                Pwm1::_pwmWrite()
 .text._ZThn8_N4Pwm19_pwmWriteEv
                0x080065b4        0x8 ..\obj\pin.o
                0x080065b4                non-virtual thunk to Pwm1::_pwmWrite()
 .text._ZN4Pwm212_setupPwmOutEff
                0x080065bc       0x50 ..\obj\pin.o
                0x080065bc                Pwm2::_setupPwmOut(float, float)
 .text._ZThn8_N4Pwm212_setupPwmOutEff
                0x0800660c        0x8 ..\obj\pin.o
                0x0800660c                non-virtual thunk to Pwm2::_setupPwmOut(float, float)
 .text._ZN4Pwm29_pwmWriteEf
                0x08006614       0x20 ..\obj\pin.o
                0x08006614                Pwm2::_pwmWrite(float)
 .text._ZThn8_N4Pwm29_pwmWriteEf
                0x08006634        0x8 ..\obj\pin.o
                0x08006634                non-virtual thunk to Pwm2::_pwmWrite(float)
 .text._ZN4Pwm29_pwmWriteEv
                0x0800663c       0x20 ..\obj\pin.o
                0x0800663c                Pwm2::_pwmWrite()
 .text._ZThn8_N4Pwm29_pwmWriteEv
                0x0800665c        0x8 ..\obj\pin.o
                0x0800665c                non-virtual thunk to Pwm2::_pwmWrite()
 .text._ZN4Pwm312_setupPwmOutEff
                0x08006664       0x4c ..\obj\pin.o
                0x08006664                Pwm3::_setupPwmOut(float, float)
 .text._ZThn8_N4Pwm312_setupPwmOutEff
                0x080066b0        0x8 ..\obj\pin.o
                0x080066b0                non-virtual thunk to Pwm3::_setupPwmOut(float, float)
 .text._ZN4Pwm39_pwmWriteEf
                0x080066b8       0x20 ..\obj\pin.o
                0x080066b8                Pwm3::_pwmWrite(float)
 .text._ZThn8_N4Pwm39_pwmWriteEf
                0x080066d8        0x8 ..\obj\pin.o
                0x080066d8                non-virtual thunk to Pwm3::_pwmWrite(float)
 .text._ZN4Pwm39_pwmWriteEv
                0x080066e0       0x20 ..\obj\pin.o
                0x080066e0                Pwm3::_pwmWrite()
 .text._ZThn8_N4Pwm39_pwmWriteEv
                0x08006700        0x8 ..\obj\pin.o
                0x08006700                non-virtual thunk to Pwm3::_pwmWrite()
 .text._ZN4Pwm412_setupPwmOutEff
                0x08006708       0x4c ..\obj\pin.o
                0x08006708                Pwm4::_setupPwmOut(float, float)
 .text._ZThn8_N4Pwm412_setupPwmOutEff
                0x08006754        0x8 ..\obj\pin.o
                0x08006754                non-virtual thunk to Pwm4::_setupPwmOut(float, float)
 .text._ZN4Pwm49_pwmWriteEf
                0x0800675c       0x20 ..\obj\pin.o
                0x0800675c                Pwm4::_pwmWrite(float)
 .text._ZThn8_N4Pwm49_pwmWriteEf
                0x0800677c        0x8 ..\obj\pin.o
                0x0800677c                non-virtual thunk to Pwm4::_pwmWrite(float)
 .text._ZN4Pwm49_pwmWriteEv
                0x08006784       0x20 ..\obj\pin.o
                0x08006784                Pwm4::_pwmWrite()
 .text._ZThn8_N4Pwm49_pwmWriteEv
                0x080067a4        0x8 ..\obj\pin.o
                0x080067a4                non-virtual thunk to Pwm4::_pwmWrite()
 .text._ZN4Pwm512_setupPwmOutEff
                0x080067ac       0x4c ..\obj\pin.o
                0x080067ac                Pwm5::_setupPwmOut(float, float)
 .text._ZThn8_N4Pwm512_setupPwmOutEff
                0x080067f8        0x8 ..\obj\pin.o
                0x080067f8                non-virtual thunk to Pwm5::_setupPwmOut(float, float)
 .text._ZN4Pwm59_pwmWriteEf
                0x08006800       0x20 ..\obj\pin.o
                0x08006800                Pwm5::_pwmWrite(float)
 .text._ZThn8_N4Pwm59_pwmWriteEf
                0x08006820        0x8 ..\obj\pin.o
                0x08006820                non-virtual thunk to Pwm5::_pwmWrite(float)
 .text._ZN4Pwm59_pwmWriteEv
                0x08006828       0x20 ..\obj\pin.o
                0x08006828                Pwm5::_pwmWrite()
 .text._ZThn8_N4Pwm59_pwmWriteEv
                0x08006848        0x8 ..\obj\pin.o
                0x08006848                non-virtual thunk to Pwm5::_pwmWrite()
 .text._ZN4Led212_setupPwmOutEff
                0x08006850       0x50 ..\obj\pin.o
                0x08006850                Led2::_setupPwmOut(float, float)
 .text._ZThn8_N4Led212_setupPwmOutEff
                0x080068a0        0x8 ..\obj\pin.o
                0x080068a0                non-virtual thunk to Led2::_setupPwmOut(float, float)
 .text._ZN4Led29_pwmWriteEf
                0x080068a8       0x20 ..\obj\pin.o
                0x080068a8                Led2::_pwmWrite(float)
 .text._ZThn8_N4Led29_pwmWriteEf
                0x080068c8        0x8 ..\obj\pin.o
                0x080068c8                non-virtual thunk to Led2::_pwmWrite(float)
 .text._ZN4Led29_pwmWriteEv
                0x080068d0       0x20 ..\obj\pin.o
                0x080068d0                Led2::_pwmWrite()
 .text._ZThn8_N4Led29_pwmWriteEv
                0x080068f0        0x8 ..\obj\pin.o
                0x080068f0                non-virtual thunk to Led2::_pwmWrite()
 .text._ZN4Led312_setupPwmOutEff
                0x080068f8       0x50 ..\obj\pin.o
                0x080068f8                Led3::_setupPwmOut(float, float)
 .text._ZThn8_N4Led312_setupPwmOutEff
                0x08006948        0x8 ..\obj\pin.o
                0x08006948                non-virtual thunk to Led3::_setupPwmOut(float, float)
 .text._ZN4Led39_pwmWriteEf
                0x08006950       0x20 ..\obj\pin.o
                0x08006950                Led3::_pwmWrite(float)
 .text._ZThn8_N4Led39_pwmWriteEf
                0x08006970        0x8 ..\obj\pin.o
                0x08006970                non-virtual thunk to Led3::_pwmWrite(float)
 .text._ZN4Led39_pwmWriteEv
                0x08006978       0x20 ..\obj\pin.o
                0x08006978                Led3::_pwmWrite()
 .text._ZThn8_N4Led39_pwmWriteEv
                0x08006998        0x8 ..\obj\pin.o
                0x08006998                non-virtual thunk to Led3::_pwmWrite()
 .text._ZN6Buzzer12_setupPwmOutEff
                0x080069a0       0x50 ..\obj\pin.o
                0x080069a0                Buzzer::_setupPwmOut(float, float)
 .text._ZThn8_N6Buzzer12_setupPwmOutEff
                0x080069f0        0x8 ..\obj\pin.o
                0x080069f0                non-virtual thunk to Buzzer::_setupPwmOut(float, float)
 .text._ZN6Buzzer9_pwmWriteEf
                0x080069f8       0x20 ..\obj\pin.o
                0x080069f8                Buzzer::_pwmWrite(float)
 .text._ZThn8_N6Buzzer9_pwmWriteEf
                0x08006a18        0x8 ..\obj\pin.o
                0x08006a18                non-virtual thunk to Buzzer::_pwmWrite(float)
 .text._ZN6Buzzer9_pwmWriteEv
                0x08006a20       0x20 ..\obj\pin.o
                0x08006a20                Buzzer::_pwmWrite()
 .text._ZThn8_N6Buzzer9_pwmWriteEv
                0x08006a40        0x8 ..\obj\pin.o
                0x08006a40                non-virtual thunk to Buzzer::_pwmWrite()
 .text._ZN7Serial06_setupEiR15SerialInterfaceii
                0x08006a48       0x68 ..\obj\pin.o
                0x08006a48                Serial0::_setup(int, SerialInterface&, int, int)
 .text._ZN7Serial09writeCharEc
                0x08006ab0       0x1c ..\obj\pin.o
                0x08006ab0                Serial0::writeChar(char)
 .text._Z17serial0_interruptv
                0x08006acc       0x38 ..\obj\pin.o
                0x08006acc                serial0_interrupt()
 .text._ZN7Serial08transmitEc
                0x08006b04       0x44 ..\obj\pin.o
                0x08006b04                Serial0::transmit(char)
 .text.USART2_IRQHandler
                0x08006b48        0xc ..\obj\pin.o
                0x08006b48                USART2_IRQHandler
 .text._ZN7Serial16_setupEiR15SerialInterfaceii
                0x08006b54       0x70 ..\obj\pin.o
                0x08006b54                Serial1::_setup(int, SerialInterface&, int, int)
 .text._Z17serial1_interruptv
                0x08006bc4       0x38 ..\obj\pin.o
                0x08006bc4                serial1_interrupt()
 .text.USART3_IRQHandler
                0x08006bfc        0xc ..\obj\pin.o
                0x08006bfc                USART3_IRQHandler
 .text._ZN7Serial19writeCharEc
                0x08006c08       0x1c ..\obj\pin.o
                0x08006c08                Serial1::writeChar(char)
 .text._ZN7Serial18transmitEc
                0x08006c24       0x44 ..\obj\pin.o
                0x08006c24                Serial1::transmit(char)
 .text.std_char_out
                0x08006c68       0x44 ..\obj\pin.o
                0x08006c68                std_char_out
 .text.std_char_out_setup
                0x08006cac       0x68 ..\obj\pin.o
                0x08006cac                std_char_out_setup
 .text._ZN4Can05setupEv
                0x08006d14       0x80 ..\obj\pin.o
                0x08006d14                Can0::setup()
 .text._ZN4Can013setupLoopBackEv
                0x08006d94       0x60 ..\obj\pin.o
                0x08006d94                Can0::setupLoopBack()
 .text._ZN4Can012addInterfaceER12CanInterface
                0x08006df4       0x58 ..\obj\pin.o
                0x08006df4                Can0::addInterface(CanInterface&)
 .text._ZN4Can05setIdEi
                0x08006e4c       0xb0 ..\obj\pin.o
                0x08006e4c                Can0::setId(int)
 .text._ZN4Can08setIdAllEv
                0x08006efc       0x38 ..\obj\pin.o
                0x08006efc                Can0::setIdAll()
 .text._ZN4Can04readEiiPh
                0x08006f34       0x94 ..\obj\pin.o
                0x08006f34                Can0::read(int, int, unsigned char*)
 .text._ZN4Can05writeEiiPh
                0x08006fc8       0xe4 ..\obj\pin.o
                0x08006fc8                Can0::write(int, int, unsigned char*)
 .text._Z14Can0_Interruptv
                0x080070ac       0x60 ..\obj\pin.o
                0x080070ac                Can0_Interrupt()
 .text.CAN1_RX0_IRQHandler
                0x0800710c        0xc ..\obj\pin.o
                0x0800710c                CAN1_RX0_IRQHandler
 .text._ZN4I2c05setupEv
                0x08007118       0x6c ..\obj\pin.o
                0x08007118                I2c0::setup()
 .text._ZN4I2c012addInterfaceER12I2cInterface
                0x08007184       0x58 ..\obj\pin.o
                0x08007184                I2c0::addInterface(I2cInterface&)
 .text._ZN4I2c05writeEcPhcb
                0x080071dc      0x120 ..\obj\pin.o
                0x080071dc                I2c0::write(char, unsigned char*, char, bool)
 .text._ZN4I2c013getBufferFlagEv
                0x080072fc       0x2c ..\obj\pin.o
                0x080072fc                I2c0::getBufferFlag()
 .text._Z14I2c0_Interruptv
                0x08007328      0x364 ..\obj\pin.o
                0x08007328                I2c0_Interrupt()
 .text._ZN4I2c08startI2cEv
                0x0800768c       0xb8 ..\obj\pin.o
                0x0800768c                I2c0::startI2c()
 .text._ZN4I2c05cycleEv
                0x08007744       0x68 ..\obj\pin.o
                0x08007744                I2c0::cycle()
 .text.I2C2_EV_IRQHandler
                0x080077ac        0xc ..\obj\pin.o
                0x080077ac                I2C2_EV_IRQHandler
 .text._ZN10RingBufferIcLi256EE5writeEc
                0x080077b8       0x64 ..\obj\pin.o
                0x080077b8                RingBuffer<char, 256>::write(char)
 .text._ZN10RingBufferIcLi256EE7isEmptyEv
                0x0800781c       0x2c ..\obj\pin.o
                0x0800781c                RingBuffer<char, 256>::isEmpty()
 .text._ZN10RingBufferIcLi256EE4readEv
                0x08007848       0x64 ..\obj\pin.o
                0x08007848                RingBuffer<char, 256>::read()
 .text._ZN10RingBufferI5I2c_tLi512EEC2Ev
                0x080078ac       0x30 ..\obj\pin.o
                0x080078ac                RingBuffer<I2c_t, 512>::RingBuffer()
                0x080078ac                RingBuffer<I2c_t, 512>::RingBuffer()
 .text._ZN10RingBufferI5I2c_tLi512EE7isEmptyEv
                0x080078dc       0x34 ..\obj\pin.o
                0x080078dc                RingBuffer<I2c_t, 512>::isEmpty()
 .text._ZN10RingBufferI5I2c_tLi512EE5writeES0_
                0x08007910       0x8c ..\obj\pin.o
                0x08007910                RingBuffer<I2c_t, 512>::write(I2c_t)
 .text._ZN10RingBufferI5I2c_tLi512EE4readEv
                0x0800799c       0xdc ..\obj\pin.o
                0x0800799c                RingBuffer<I2c_t, 512>::read()
 .text._Z41__static_initialization_and_destruction_0ii
                0x08007a78       0x2c ..\obj\pin.o
 .text._GLOBAL__sub_I__ZN4Led013_digitalWriteEv
                0x08007aa4       0x10 ..\obj\pin.o
 .text._ZN7EncoderC2Ev
                0x08007ab4       0x34 ..\obj\main.o
                0x08007ab4                Encoder::Encoder()
                0x08007ab4                Encoder::Encoder()
 .text._ZN6R1350nC2ER6Serial
                0x08007ae8       0x70 ..\obj\main.o
                0x08007ae8                R1350n::R1350n(Serial&)
                0x08007ae8                R1350n::R1350n(Serial&)
 .text._ZN7DigitalC2Ev
                0x08007b58       0x20 ..\obj\main.o
                0x08007b58                Digital::Digital()
                0x08007b58                Digital::Digital()
 .text._ZN6AnalogC2Ev
                0x08007b78       0x20 ..\obj\main.o
                0x08007b78                Analog::Analog()
                0x08007b78                Analog::Analog()
 .text._ZN2A0C2Ev
                0x08007b98       0x40 ..\obj\main.o
                0x08007b98                A0::A0()
                0x08007b98                A0::A0()
 .text._ZN2A1C2Ev
                0x08007bd8       0x40 ..\obj\main.o
                0x08007bd8                A1::A1()
                0x08007bd8                A1::A1()
 .text._ZN2A2C2Ev
                0x08007c18       0x40 ..\obj\main.o
                0x08007c18                A2::A2()
                0x08007c18                A2::A2()
 .text._ZN2A3C2Ev
                0x08007c58       0x40 ..\obj\main.o
                0x08007c58                A3::A3()
                0x08007c58                A3::A3()
 .text._ZN2A4C2Ev
                0x08007c98       0x40 ..\obj\main.o
                0x08007c98                A4::A4()
                0x08007c98                A4::A4()
 .text._ZN3PwmC2Ev
                0x08007cd8       0x20 ..\obj\main.o
                0x08007cd8                Pwm::Pwm()
                0x08007cd8                Pwm::Pwm()
 .text._ZN4Pwm0C2Ev
                0x08007cf8       0x40 ..\obj\main.o
                0x08007cf8                Pwm0::Pwm0()
                0x08007cf8                Pwm0::Pwm0()
 .text._ZN3Sw0C2Ev
                0x08007d38       0x24 ..\obj\main.o
                0x08007d38                Sw0::Sw0()
                0x08007d38                Sw0::Sw0()
 .text._ZN3Sw1C2Ev
                0x08007d5c       0x24 ..\obj\main.o
                0x08007d5c                Sw1::Sw1()
                0x08007d5c                Sw1::Sw1()
 .text._ZN4Led1C2Ev
                0x08007d80       0x24 ..\obj\main.o
                0x08007d80                Led1::Led1()
                0x08007d80                Led1::Led1()
 .text._ZN6BuzzerC2Ev
                0x08007da4       0x38 ..\obj\main.o
                0x08007da4                Buzzer::Buzzer()
                0x08007da4                Buzzer::Buzzer()
 .text._ZN6SerialC2Ev
                0x08007ddc       0x20 ..\obj\main.o
                0x08007ddc                Serial::Serial()
                0x08007ddc                Serial::Serial()
 .text._ZN7Serial0C2Ev
                0x08007dfc       0x24 ..\obj\main.o
                0x08007dfc                Serial0::Serial0()
                0x08007dfc                Serial0::Serial0()
 .text._ZN4Enc1C2Ev
                0x08007e20       0x24 ..\obj\main.o
                0x08007e20                Enc1::Enc1()
                0x08007e20                Enc1::Enc1()
 .text._ZN7Serial1C2Ev
                0x08007e44       0x24 ..\obj\main.o
                0x08007e44                Serial1::Serial1()
                0x08007e44                Serial1::Serial1()
 .text.main     0x08007e68      0x338 ..\obj\main.o
                0x08007e68                main
 .text.RCC_GetClocksFreq
                0x080081a0      0x1a8 ..\obj\stm32f4xx_rcc.o
                0x080081a0                RCC_GetClocksFreq
 .text.RCC_AHB1PeriphClockCmd
                0x08008348       0x50 ..\obj\stm32f4xx_rcc.o
                0x08008348                RCC_AHB1PeriphClockCmd
 .text.RCC_APB1PeriphClockCmd
                0x08008398       0x50 ..\obj\stm32f4xx_rcc.o
                0x08008398                RCC_APB1PeriphClockCmd
 .text.RCC_APB2PeriphClockCmd
                0x080083e8       0x50 ..\obj\stm32f4xx_rcc.o
                0x080083e8                RCC_APB2PeriphClockCmd
 .text.RCC_APB1PeriphResetCmd
                0x08008438       0x50 ..\obj\stm32f4xx_rcc.o
                0x08008438                RCC_APB1PeriphResetCmd
 .text.RCC_APB2PeriphResetCmd
                0x08008488       0x50 ..\obj\stm32f4xx_rcc.o
                0x08008488                RCC_APB2PeriphResetCmd
 .text.system_setup
                0x080084d8       0x30 ..\obj\system.o
                0x080084d8                system_setup
 .text._ZN10ButtonInfo9readValueEv
                0x08008508       0x18 ..\obj\move.o
                0x08008508                ButtonInfo::readValue()
 .text._ZN10ButtonInfo12readDownEdgeEv
                0x08008520       0x18 ..\obj\move.o
                0x08008520                ButtonInfo::readDownEdge()
 .text._ZN10RoboCenter11getVelocityEv
                0x08008538       0x18 ..\obj\move.o
                0x08008538                RoboCenter::getVelocity()
 .text._ZN10RoboCenter8setAngleEf
                0x08008550       0x1c ..\obj\move.o
                0x08008550                RoboCenter::setAngle(float)
 .text._ZN4Led2C2Ev
                0x0800856c       0x38 ..\obj\move.o
                0x0800856c                Led2::Led2()
                0x0800856c                Led2::Led2()
 .text._ZN4Led3C2Ev
                0x080085a4       0x38 ..\obj\move.o
                0x080085a4                Led3::Led3()
                0x080085a4                Led3::Led3()
 .text._ZN4MoveC2ER10LineSensorR10ButtonInfoR5ServoR10RoboCenter
                0x080085dc      0x11c ..\obj\move.o
                0x080085dc                Move::Move(LineSensor&, ButtonInfo&, Servo&, RoboCenter&)
                0x080085dc                Move::Move(LineSensor&, ButtonInfo&, Servo&, RoboCenter&)
 .text._ZN4Move5setupEv
                0x080086f8       0xd4 ..\obj\move.o
                0x080086f8                Move::setup()
 *fill*         0x080087cc        0x4 
 .text._ZN4Move8setCoordEv
                0x080087d0      0x880 ..\obj\move.o
                0x080087d0                Move::setCoord()
 .text._ZN4Move5cycleEv
                0x08009050      0x3dc ..\obj\move.o
                0x08009050                Move::cycle()
 .text._ZN4Move14rotationOutputE10pid_gain_t
                0x0800942c       0x64 ..\obj\move.o
                0x0800942c                Move::rotationOutput(pid_gain_t)
 .text._ZN4Move14getTargetAngleEv
                0x08009490       0x8c ..\obj\move.o
                0x08009490                Move::getTargetAngle()
 .text._ZN4Move19getVerticalDistanceEv
                0x0800951c       0x6c ..\obj\move.o
                0x0800951c                Move::getVerticalDistance()
 .text._ZN4Move13printRoboInfoEv
                0x08009588      0x13c ..\obj\move.o
                0x08009588                Move::printRoboInfo()
 .text.ADC_DeInit
                0x080096c4       0x1c ..\obj\stm32f4xx_adc.o
                0x080096c4                ADC_DeInit
 .text.ADC_Init
                0x080096e0       0xac ..\obj\stm32f4xx_adc.o
                0x080096e0                ADC_Init
 .text.ADC_StructInit
                0x0800978c       0x3c ..\obj\stm32f4xx_adc.o
                0x0800978c                ADC_StructInit
 .text.ADC_CommonInit
                0x080097c8       0x58 ..\obj\stm32f4xx_adc.o
                0x080097c8                ADC_CommonInit
 .text.ADC_CommonStructInit
                0x08009820       0x2c ..\obj\stm32f4xx_adc.o
                0x08009820                ADC_CommonStructInit
 .text.ADC_Cmd  0x0800984c       0x38 ..\obj\stm32f4xx_adc.o
                0x0800984c                ADC_Cmd
 .text.ADC_RegularChannelConfig
                0x08009884      0x188 ..\obj\stm32f4xx_adc.o
                0x08009884                ADC_RegularChannelConfig
 .text.ADC_SoftwareStartConv
                0x08009a0c       0x20 ..\obj\stm32f4xx_adc.o
                0x08009a0c                ADC_SoftwareStartConv
 .text.ADC_DMACmd
                0x08009a2c       0x38 ..\obj\stm32f4xx_adc.o
                0x08009a2c                ADC_DMACmd
 .text.ADC_DMARequestAfterLastTransferCmd
                0x08009a64       0x38 ..\obj\stm32f4xx_adc.o
                0x08009a64                ADC_DMARequestAfterLastTransferCmd
 .text._ZN5BlinkC2ER7Digital
                0x08009a9c       0x2c ..\obj\blink.o
                0x08009a9c                Blink::Blink(Digital&)
                0x08009a9c                Blink::Blink(Digital&)
 .text._ZN5Blink5setupEv
                0x08009ac8       0x24 ..\obj\blink.o
                0x08009ac8                Blink::setup()
 .text._ZN5Blink5cycleEv
                0x08009aec       0x5c ..\obj\blink.o
                0x08009aec                Blink::cycle()
 .text._ZN5Blink4timeEi
                0x08009b48       0x30 ..\obj\blink.o
                0x08009b48                Blink::time(int)
 .text._ZN12CanInterface17canInterfaceSetupEP3Can
                0x08009b78       0x20 ..\obj\can.o
                0x08009b78                CanInterface::canInterfaceSetup(Can*)
 .text._ZN7Encoder3revEb
                0x08009b98       0x1c ..\obj\encoder.o
                0x08009b98                Encoder::rev(bool)
 .text._ZN7Encoder3mltEf
                0x08009bb4       0x1c ..\obj\encoder.o
                0x08009bb4                Encoder::mlt(float)
 .text._ZN7Encoder3cprEi
                0x08009bd0       0x1c ..\obj\encoder.o
                0x08009bd0                Encoder::cpr(int)
 *fill*         0x08009bec        0x4 
 .text._ZN7Encoder6radianEv
                0x08009bf0       0x70 ..\obj\encoder.o
                0x08009bf0                Encoder::radian()
 .text._ZN7Encoder5valueEv
                0x08009c60       0x28 ..\obj\encoder.o
                0x08009c60                Encoder::value()
 .text.Select_ADC_channel
                0x08009c88      0x104 ..\obj\config_adc.o
                0x08009c88                Select_ADC_channel
 .text.Init_ADC1
                0x08009d8c      0x238 ..\obj\config_adc.o
                0x08009d8c                Init_ADC1
 .text.get_ADC1_value
                0x08009fc4       0x68 ..\obj\config_adc.o
                0x08009fc4                get_ADC1_value
 .text.NMI_Handler
                0x0800a02c       0x20 ..\obj\error.o
                0x0800a02c                NMI_Handler
 .text.HardFault_Handler
                0x0800a04c       0x20 ..\obj\error.o
                0x0800a04c                HardFault_Handler
 .text.MemManage_Handler
                0x0800a06c       0x20 ..\obj\error.o
                0x0800a06c                MemManage_Handler
 .text.BusFault_Handler
                0x0800a08c       0x20 ..\obj\error.o
                0x0800a08c                BusFault_Handler
 .text.UsageFault_Handler
                0x0800a0ac       0x20 ..\obj\error.o
                0x0800a0ac                UsageFault_Handler
 .text.SVC_Handler
                0x0800a0cc       0x20 ..\obj\error.o
                0x0800a0cc                SVC_Handler
 .text.DebugMon_Handler
                0x0800a0ec       0x20 ..\obj\error.o
                0x0800a0ec                DebugMon_Handler
 .text.PendSV_Handler
                0x0800a10c       0x20 ..\obj\error.o
                0x0800a10c                PendSV_Handler
 .text.NVIC_SetPriority
                0x0800a12c       0x58 ..\obj\config_systick.o
 .text.SysTick_Config
                0x0800a184       0x54 ..\obj\config_systick.o
 .text.Init_SysTick
                0x0800a1d8       0x48 ..\obj\config_systick.o
                0x0800a1d8                Init_SysTick
 .text._ZN5ServoC2ER3Pwm
                0x0800a220       0x28 ..\obj\servo.o
                0x0800a220                Servo::Servo(Pwm&)
                0x0800a220                Servo::Servo(Pwm&)
 .text._ZN5Servo5setupEffff
                0x0800a248       0x98 ..\obj\servo.o
                0x0800a248                Servo::setup(float, float, float, float)
 .text._ZN5Servo8setAngleEf
                0x0800a2e0       0x28 ..\obj\servo.o
                0x0800a2e0                Servo::setAngle(float)
 .text._ZN5Servo8cvtPulseEf
                0x0800a308       0xc8 ..\obj\servo.o
                0x0800a308                Servo::cvtPulse(float)
 .text._ZN5Servo5cycleEv
                0x0800a3d0       0x28 ..\obj\servo.o
                0x0800a3d0                Servo::cycle()
 .text.SD_ProcessIRQSrc
                0x0800a3f8       0xf0 ..\obj\stm32_ub_sdcard.o
                0x0800a3f8                SD_ProcessIRQSrc
 .text.SD_ProcessDMAIRQ
                0x0800a4e8       0x34 ..\obj\stm32_ub_sdcard.o
                0x0800a4e8                SD_ProcessDMAIRQ
 .text.SDIO_IRQHandler
                0x0800a51c        0xc ..\obj\stm32_ub_sdcard.o
                0x0800a51c                SDIO_IRQHandler
 .text.DMA2_Stream3_IRQHandler
                0x0800a528        0xc ..\obj\stm32_ub_sdcard.o
                0x0800a528                DMA2_Stream3_IRQHandler
 .text.GPIO_Init
                0x0800a534      0x11c ..\obj\stm32f4xx_gpio.o
                0x0800a534                GPIO_Init
 .text.GPIO_StructInit
                0x0800a650       0x34 ..\obj\stm32f4xx_gpio.o
                0x0800a650                GPIO_StructInit
 .text.GPIO_ReadInputDataBit
                0x0800a684       0x34 ..\obj\stm32f4xx_gpio.o
                0x0800a684                GPIO_ReadInputDataBit
 .text.GPIO_ReadOutputDataBit
                0x0800a6b8       0x34 ..\obj\stm32f4xx_gpio.o
                0x0800a6b8                GPIO_ReadOutputDataBit
 .text.GPIO_SetBits
                0x0800a6ec       0x1c ..\obj\stm32f4xx_gpio.o
                0x0800a6ec                GPIO_SetBits
 .text.GPIO_ResetBits
                0x0800a708       0x1c ..\obj\stm32f4xx_gpio.o
                0x0800a708                GPIO_ResetBits
 .text.GPIO_PinAFConfig
                0x0800a724       0x8c ..\obj\stm32f4xx_gpio.o
                0x0800a724                GPIO_PinAFConfig
 .text._ZN5CoordC2Ev
                0x0800a7b0       0x48 ..\obj\robo_center.o
                0x0800a7b0                Coord::Coord()
                0x0800a7b0                Coord::Coord()
 .text._ZN6R1350n5setupEv
                0x0800a7f8       0x40 ..\obj\robo_center.o
                0x0800a7f8                R1350n::setup()
 .text._ZN6R1350n6accelzEv
                0x0800a838       0x20 ..\obj\robo_center.o
                0x0800a838                R1350n::accelz()
 .text._ZN6R1350n5resetEv
                0x0800a858       0x28 ..\obj\robo_center.o
                0x0800a858                R1350n::reset()
 .text._ZN10RoboCenterC2ER7EncoderR6R1350nR10ButtonInfo
                0x0800a880       0x7c ..\obj\robo_center.o
                0x0800a880                RoboCenter::RoboCenter(Encoder&, R1350n&, ButtonInfo&)
                0x0800a880                RoboCenter::RoboCenter(Encoder&, R1350n&, ButtonInfo&)
 .text._ZN10RoboCenter5setupEv
                0x0800a8fc       0xac ..\obj\robo_center.o
                0x0800a8fc                RoboCenter::setup()
 .text._ZN10RoboCenter5cycleEv
                0x0800a9a8      0x2c8 ..\obj\robo_center.o
                0x0800a9a8                RoboCenter::cycle()
 .text._ZN10RoboCenter5resetEff
                0x0800ac70       0x58 ..\obj\robo_center.o
                0x0800ac70                RoboCenter::reset(float, float)
 .text._ZN10RoboCenter4getXEv
                0x0800acc8       0x18 ..\obj\robo_center.o
                0x0800acc8                RoboCenter::getX()
 .text._ZN10RoboCenter4getYEv
                0x0800ace0       0x18 ..\obj\robo_center.o
                0x0800ace0                RoboCenter::getY()
 .text._ZN10RoboCenter8getAngleEv
                0x0800acf8       0x18 ..\obj\robo_center.o
                0x0800acf8                RoboCenter::getAngle()
 .text._ZN10RoboCenter8getSlopeEv
                0x0800ad10       0xf0 ..\obj\robo_center.o
                0x0800ad10                RoboCenter::getSlope()
 .text._ZN10RoboCenter13getSlopeCountEv
                0x0800ae00       0xdc ..\obj\robo_center.o
                0x0800ae00                RoboCenter::getSlopeCount()
 .text.SystemInit
                0x0800aedc       0x90 ..\obj\system_stm32f4xx.o
                0x0800aedc                SystemInit
 .text.SystemCoreClockUpdate
                0x0800af6c      0x154 ..\obj\system_stm32f4xx.o
                0x0800af6c                SystemCoreClockUpdate
 .text.SetSysClock
                0x0800b0c0      0x17c ..\obj\system_stm32f4xx.o
 .text._sbrk    0x0800b23c       0x5c ..\obj\syscalls.o
                0x0800b23c                _sbrk
 .text._close   0x0800b298       0x18 ..\obj\syscalls.o
                0x0800b298                _close
 .text._fstat   0x0800b2b0       0x20 ..\obj\syscalls.o
                0x0800b2b0                _fstat
 .text._isatty  0x0800b2d0       0x18 ..\obj\syscalls.o
                0x0800b2d0                _isatty
 .text._lseek   0x0800b2e8       0x1c ..\obj\syscalls.o
                0x0800b2e8                _lseek
 .text._read    0x0800b304       0x1c ..\obj\syscalls.o
                0x0800b304                _read
 .text._write   0x0800b320       0x38 ..\obj\syscalls.o
                0x0800b320                _write
 .text.abort    0x0800b358        0x8 ..\obj\syscalls.o