Archive member included to satisfy reference by file (symbol)

c:/users/ózê∂/mentorgraphics/sourcery_codebench_lite_for_arm_eabi/bin/../lib/gcc/arm-none-eabi/4.8.3/../../../../arm-none-eabi/lib/thumb2\libm.a(lib_a-s_cos.o)
                              ..\obj\utilplus.o (cos)
c:/users/ózê∂/mentorgraphics/sourcery_codebench_lite_for_arm_eabi/bin/../lib/gcc/arm-none-eabi/4.8.3/../../../../arm-none-eabi/lib/thumb2\libm.a(lib_a-s_sin.o)
                              ..\obj\utilplus.o (sin)
c:/users/ózê∂/mentorgraphics/sourcery_codebench_lite_for_arm_eabi/bin/../lib/gcc/arm-none-eabi/4.8.3/../../../../arm-none-eabi/lib/thumb2\libm.a(lib_a-sf_cos.o)
                              ..\obj\utilplus.o (cosf)
c:/users/ózê∂/mentorgraphics/sourcery_codebench_lite_for_arm_eabi/bin/../lib/gcc/arm-none-eabi/4.8.3/../../../../arm-none-eabi/lib/thumb2\libm.a(lib_a-sf_sin.o)
                              ..\obj\utilplus.o (sinf)
c:/users/ózê∂/mentorgraphics/sourcery_codebench_lite_for_arm_eabi/bin/../lib/gcc/arm-none-eabi/4.8.3/../../../../arm-none-eabi/lib/thumb2\libm.a(lib_a-w_pow.o)
                              ..\obj\name_converter.o (pow)
c:/users/ózê∂/mentorgraphics/sourcery_codebench_lite_for_arm_eabi/bin/../lib/gcc/arm-none-eabi/4.8.3/../../../../arm-none-eabi/lib/thumb2\libm.a(lib_a-wf_acos.o)
                              ..\obj\utilplus.o (acosf)
c:/users/ózê∂/mentorgraphics/sourcery_codebench_lite_for_arm_eabi/bin/../lib/gcc/arm-none-eabi/4.8.3/../../../../arm-none-eabi/lib/thumb2\libm.a(lib_a-wf_atan2.o)
                              ..\obj\utilplus.o (atan2f)
c:/users/ózê∂/mentorgraphics/sourcery_codebench_lite_for_arm_eabi/bin/../lib/gcc/arm-none-eabi/4.8.3/../../../../arm-none-eabi/lib/thumb2\libm.a(lib_a-wf_pow.o)
                              ..\obj\utilplus.o (powf)
c:/users/ózê∂/mentorgraphics/sourcery_codebench_lite_for_arm_eabi/bin/../lib/gcc/arm-none-eabi/4.8.3/../../../../arm-none-eabi/lib/thumb2\libm.a(lib_a-wf_sqrt.o)
                              ..\obj\utilplus.o (sqrtf)
c:/users/ózê∂/mentorgraphics/sourcery_codebench_lite_for_arm_eabi/bin/../lib/gcc/arm-none-eabi/4.8.3/../../../../arm-none-eabi/lib/thumb2\libm.a(lib_a-e_pow.o)
                              c:/users/ózê∂/mentorgraphics/sourcery_codebench_lite_for_arm_eabi/bin/../lib/gcc/arm-none-eabi/4.8.3/../../../../arm-none-eabi/lib/thumb2\libm.a(lib_a-w_pow.o) (__ieee754_pow)
c:/users/ózê∂/mentorgraphics/sourcery_codebench_lite_for_arm_eabi/bin/../lib/gcc/arm-none-eabi/4.8.3/../../../../arm-none-eabi/lib/thumb2\libm.a(lib_a-e_rem_pio2.o)
                              c:/users/ózê∂/mentorgraphics/sourcery_codebench_lite_for_arm_eabi/bin/../lib/gcc/arm-none-eabi/4.8.3/../../../../arm-none-eabi/lib/thumb2\libm.a(lib_a-s_cos.o) (__ieee754_rem_pio2)
c:/users/ózê∂/mentorgraphics/sourcery_codebench_lite_for_arm_eabi/bin/../lib/gcc/arm-none-eabi/4.8.3/../../../../arm-none-eabi/lib/thumb2\libm.a(lib_a-e_sqrt.o)
                              c:/users/ózê∂/mentorgraphics/sourcery_codebench_lite_for_arm_eabi/bin/../lib/gcc/arm-none-eabi/4.8.3/../../../../arm-none-eabi/lib/thumb2\libm.a(lib_a-e_pow.o) (__ieee754_sqrt)
c:/users/ózê∂/mentorgraphics/sourcery_codebench_lite_for_arm_eabi/bin/../lib/gcc/arm-none-eabi/4.8.3/../../../../arm-none-eabi/lib/thumb2\libm.a(lib_a-ef_acos.o)
                              c:/users/ózê∂/mentorgraphics/sourcery_codebench_lite_for_arm_eabi/bin/../lib/gcc/arm-none-eabi/4.8.3/../../../../arm-none-eabi/lib/thumb2\libm.a(lib_a-wf_acos.o) (__ieee754_acosf)
c:/users/ózê∂/mentorgraphics/sourcery_codebench_lite_for_arm_eabi/bin/../lib/gcc/arm-none-eabi/4.8.3/../../../../arm-none-eabi/lib/thumb2\libm.a(lib_a-ef_atan2.o)
                              c:/users/ózê∂/mentorgraphics/sourcery_codebench_lite_for_arm_eabi/bin/../lib/gcc/arm-none-eabi/4.8.3/../../../../arm-none-eabi/lib/thumb2\libm.a(lib_a-wf_atan2.o) (__ieee754_atan2f)
c:/users/ózê∂/mentorgraphics/sourcery_codebench_lite_for_arm_eabi/bin/../lib/gcc/arm-none-eabi/4.8.3/../../../../arm-none-eabi/lib/thumb2\libm.a(lib_a-ef_pow.o)
                              c:/users/ózê∂/mentorgraphics/sourcery_codebench_lite_for_arm_eabi/bin/../lib/gcc/arm-none-eabi/4.8.3/../../../../arm-none-eabi/lib/thumb2\libm.a(lib_a-wf_pow.o) (__ieee754_powf)
c:/users/ózê∂/mentorgraphics/sourcery_codebench_lite_for_arm_eabi/bin/../lib/gcc/arm-none-eabi/4.8.3/../../../../arm-none-eabi/lib/thumb2\libm.a(lib_a-ef_rem_pio2.o)
                              c:/users/ózê∂/mentorgraphics/sourcery_codebench_lite_for_arm_eabi/bin/../lib/gcc/arm-none-eabi/4.8.3/../../../../arm-none-eabi/lib/thumb2\libm.a(lib_a-sf_cos.o) (__ieee754_rem_pio2f)
c:/users/ózê∂/mentorgraphics/sourcery_codebench_lite_for_arm_eabi/bin/../lib/gcc/arm-none-eabi/4.8.3/../../../../arm-none-eabi/lib/thumb2\libm.a(lib_a-ef_sqrt.o)
                              c:/users/ózê∂/mentorgraphics/sourcery_codebench_lite_for_arm_eabi/bin/../lib/gcc/arm-none-eabi/4.8.3/../../../../arm-none-eabi/lib/thumb2\libm.a(lib_a-wf_sqrt.o) (__ieee754_sqrtf)
[...]
Memory Configuration

Name             Origin             Length             Attributes
rom              0x08000000         0x00100000         xr
ram              0x20000000         0x00020000         xrw
ram1             0x10000000         0x00010000         xrw
*default*        0x00000000         0xffffffff

Linker script and memory map

LOAD c:/users/ózê∂/mentorgraphics/sourcery_codebench_lite_for_arm_eabi/bin/../lib/gcc/arm-none-eabi/4.8.3/thumb2/crti.o
LOAD c:/users/ózê∂/mentorgraphics/sourcery_codebench_lite_for_arm_eabi/bin/../lib/gcc/arm-none-eabi/4.8.3/thumb2/crtbegin.o
                0x20020000                _eram = 0x20020000

.text           0x08000000    0x23bf4
 *(.isr_vector)
 .isr_vector    0x08000000      0x188 ..\obj\startup_stm32f4xx.o
                0x08000000                g_pfnVectors
 *(.text*)
 .text          0x08000188       0xc8 c:/users/ózê∂/mentorgraphics/sourcery_codebench_lite_for_arm_eabi/bin/../lib/gcc/arm-none-eabi/4.8.3/thumb2/crtbegin.o
 .text.Set_duty
                0x08000250       0xc4 ..\obj\config_pwm.o
                0x08000250                Set_duty
 .text.Read_duty
                0x08000314       0x68 ..\obj\config_pwm.o
                0x08000314                Read_duty
 .text.Init_PWM
                0x0800037c      0x2c8 ..\obj\config_pwm.o
                0x0800037c                Init_PWM
 .text.USB_OTG_WritePacket
                0x08000644       0x70 ..\obj\usb_core.o
                0x08000644                USB_OTG_WritePacket
 .text.USB_OTG_ReadPacket
                0x080006b4       0x5c ..\obj\usb_core.o
                0x080006b4                USB_OTG_ReadPacket
 .text.USB_OTG_FlushTxFifo
                0x08000710       0x74 ..\obj\usb_core.o
                0x08000710                USB_OTG_FlushTxFifo
 .text.USB_OTG_GetMode
                0x08000784       0x20 ..\obj\usb_core.o
                0x08000784                USB_OTG_GetMode
 .text.USB_OTG_IsDeviceMode
                0x080007a4       0x24 ..\obj\usb_core.o
                0x080007a4                USB_OTG_IsDeviceMode
 .text.USB_OTG_ReadCoreItr
                0x080007c8       0x30 ..\obj\usb_core.o
                0x080007c8                USB_OTG_ReadCoreItr
 .text.USB_OTG_GetDeviceSpeed
                0x080007f8       0x48 ..\obj\usb_core.o
                0x080007f8                USB_OTG_GetDeviceSpeed
 .text.USB_OTG_EP0Activate
                0x08000840       0x78 ..\obj\usb_core.o
                0x08000840                USB_OTG_EP0Activate
 .text.USB_OTG_EPActivate
                0x080008b8       0xdc ..\obj\usb_core.o
                0x080008b8                USB_OTG_EPActivate
 .text.USB_OTG_EPStartXfer
                0x08000994      0x280 ..\obj\usb_core.o
                0x08000994                USB_OTG_EPStartXfer
 .text.USB_OTG_EP0StartXfer
                0x08000c14      0x1d4 ..\obj\usb_core.o
                0x08000c14                USB_OTG_EP0StartXfer
 .text.USB_OTG_EPSetStall
                0x08000de8       0x88 ..\obj\usb_core.o
                0x08000de8                USB_OTG_EPSetStall
 .text.USB_OTG_EPClearStall
                0x08000e70       0x78 ..\obj\usb_core.o
                0x08000e70                USB_OTG_EPClearStall
 .text.USB_OTG_ReadDevAllOutEp_itr
                0x08000ee8       0x2c ..\obj\usb_core.o
                0x08000ee8                USB_OTG_ReadDevAllOutEp_itr
 .text.USB_OTG_ReadDevOutEP_itr
                0x08000f14       0x38 ..\obj\usb_core.o
                0x08000f14                USB_OTG_ReadDevOutEP_itr
 .text.USB_OTG_ReadDevAllInEPItr
                0x08000f4c       0x2c ..\obj\usb_core.o
                0x08000f4c                USB_OTG_ReadDevAllInEPItr
 .text.USB_OTG_EP0_OutStart
                0x08000f78       0x70 ..\obj\usb_core.o
                0x08000f78                USB_OTG_EP0_OutStart
 .text.USB_OTG_UngateClock
                0x08000fe8       0x54 ..\obj\usb_core.o
                0x08000fe8                USB_OTG_UngateClock
 .text._ZN10ButtonInfoC2ER7Digital
                0x0800103c       0x64 ..\obj\button_info.o
                0x0800103c                ButtonInfo::ButtonInfo(Digital&)
                0x0800103c                ButtonInfo::ButtonInfo(Digital&)
 .text._ZN10ButtonInfo5setupEbi
                0x080010a0       0x48 ..\obj\button_info.o
                0x080010a0                ButtonInfo::setup(bool, int)
 .text._ZN10ButtonInfo5cycleEv
                0x080010e8      0x128 ..\obj\button_info.o
                0x080010e8                ButtonInfo::cycle()
 .text.Init_port
                0x08001210       0xc4 ..\obj\config_port.o
                0x08001210                Init_port
 .text.SDIO_ITConfig
                0x080012d4       0x50 ..\obj\stm32f4xx_sdio.o
                0x080012d4                SDIO_ITConfig
 .text.SDIO_GetITStatus
                0x08001324       0x38 ..\obj\stm32f4xx_sdio.o
                0x08001324                SDIO_GetITStatus
 .text.SDIO_ClearITPendingBit
                0x0800135c       0x20 ..\obj\stm32f4xx_sdio.o
                0x0800135c                SDIO_ClearITPendingBit
 .text._ZN12I2cInterface17i2cInterfaceSetupEP3I2c
                0x0800137c       0x20 ..\obj\i2c.o
                0x0800137c                I2cInterface::i2cInterfaceSetup(I2c*)
 .text._ZN6MiniMD5setupEf
                0x0800139c       0x98 ..\obj\mini_md.o
                0x0800139c                MiniMD::setup(float)
 .text._ZN6MiniMD4dutyEf
                0x08001434       0x28 ..\obj\mini_md.o
                0x08001434                MiniMD::duty(float)
 .text._ZN6MiniMD5cycleEv
                0x0800145c      0x104 ..\obj\mini_md.o
                0x0800145c                MiniMD::cycle()
 .text._ZN5ServoC2Ev
                0x08001560       0x20 ..\obj\kondo_servo.o
                0x08001560                Servo::Servo()
                0x08001560                Servo::Servo()
 .text._ZN15SerialInterface16serialReadStringEPc
                0x08001580       0x14 ..\obj\kondo_servo.o
                0x08001580                SerialInterface::serialReadString(char*)
 .text._ZN15SerialInterfaceC2Ev
                0x08001594       0x28 ..\obj\kondo_servo.o
                0x08001594                SerialInterface::SerialInterface()
                0x08001594                SerialInterface::SerialInterface()
 .text._ZN10KondoServoC2ER3Pwm
                0x080015bc       0x48 ..\obj\kondo_servo.o
                0x080015bc                KondoServo::KondoServo(Pwm&)
                0x080015bc                KondoServo::KondoServo(Pwm&)
 .text._ZN10KondoServo3recEic
                0x08001604      0x11c ..\obj\kondo_servo.o
                0x08001604                KondoServo::rec(int, char)
 .text._ZN10KondoServo5cycleEv
                0x08001720      0x14c ..\obj\kondo_servo.o
                0x08001720                KondoServo::cycle()
 .text._ZN10RingBufferIcLi256EEC2Ev
                0x0800186c       0x28 ..\obj\kondo_servo.o
                0x0800186c                RingBuffer<char, 256>::RingBuffer()
                0x0800186c                RingBuffer<char, 256>::RingBuffer()
 *fill*         0x08001894        0x4 
 .text._ZN6R1350n5angleEv
                0x08001898      0x198 ..\obj\r1350n.o
                0x08001898                R1350n::angle()
 .text._ZN6R1350n14serialReadCharEc
                0x08001a30      0x24c ..\obj\r1350n.o
                0x08001a30                R1350n::serialReadChar(char)
 .text.get_Average
                0x08001c7c      0x120 ..\obj\calculate.o
                0x08001c7c                get_Average
 .text.TIM1_UP_TIM10_IRQHandler
                0x08001d9c       0x64 ..\obj\config_encoder.o
                0x08001d9c                TIM1_UP_TIM10_IRQHandler
 .text.TIM2_IRQHandler
                0x08001e00       0x60 ..\obj\config_encoder.o
                0x08001e00                TIM2_IRQHandler
 .text.TIM3_IRQHandler
                0x08001e60       0x6c ..\obj\config_encoder.o
                0x08001e60                TIM3_IRQHandler
 .text.TIM4_IRQHandler
                0x08001ecc       0x6c ..\obj\config_encoder.o
                0x08001ecc                TIM4_IRQHandler
 .text.TIM5_IRQHandler
                0x08001f38       0x6c ..\obj\config_encoder.o
                0x08001f38                TIM5_IRQHandler
 .text.TIM8_UP_TIM13_IRQHandler
                0x08001fa4       0x6c ..\obj\config_encoder.o
                0x08001fa4                TIM8_UP_TIM13_IRQHandler
 .text.TIM8_BRK_TIM12_IRQHandler
                0x08002010       0x6c ..\obj\config_encoder.o
                0x08002010                TIM8_BRK_TIM12_IRQHandler
 .text.tim1_count
                0x0800207c       0x24 ..\obj\config_encoder.o
                0x0800207c                tim1_count
 .text.tim2_count
                0x080020a0       0x20 ..\obj\config_encoder.o
                0x080020a0                tim2_count
 .text.tim3_count
                0x080020c0       0x24 ..\obj\config_encoder.o
                0x080020c0                tim3_count
 .text.tim4_count
                0x080020e4       0x24 ..\obj\config_encoder.o
                0x080020e4                tim4_count
 .text.tim5_count
                0x08002108       0x24 ..\obj\config_encoder.o
                0x08002108                tim5_count
 .text.tim8_count
                0x0800212c       0x24 ..\obj\config_encoder.o
                0x0800212c                tim8_count
 .text.tim12_count
                0x08002150       0x24 ..\obj\config_encoder.o
                0x08002150                tim12_count
 .text.Init_encoder
                0x08002174      0x120 ..\obj\config_encoder.o
                0x08002174                Init_encoder
 .text.Select_encoder_count
                0x08002294       0xa4 ..\obj\config_encoder.o
                0x08002294                Select_encoder_count
 .text.Reset_encoder_over_under_flow
                0x08002338       0xb8 ..\obj\config_encoder.o
                0x08002338                Reset_encoder_over_under_flow
 .text.OTG_FS_IRQHandler
                0x080023f0       0x14 ..\obj\config_usb.o
                0x080023f0                OTG_FS_IRQHandler
 .text.OTG_FS_WKUP_IRQHandler
                0x08002404       0x44 ..\obj\config_usb.o
                0x08002404                OTG_FS_WKUP_IRQHandler
 .text.USART_Init
                0x08002448      0x188 ..\obj\stm32f4xx_usart.o
                0x08002448                USART_Init
 .text.USART_Cmd
                0x080025d0       0x40 ..\obj\stm32f4xx_usart.o
                0x080025d0                USART_Cmd
 .text.USART_SendData
                0x08002610       0x24 ..\obj\stm32f4xx_usart.o
                0x08002610                USART_SendData
 .text.USART_ReceiveData
                0x08002634       0x20 ..\obj\stm32f4xx_usart.o
                0x08002634                USART_ReceiveData
 .text.USART_ITConfig
                0x08002654       0x90 ..\obj\stm32f4xx_usart.o
                0x08002654                USART_ITConfig
 .text.USART_GetFlagStatus
                0x080026e4       0x38 ..\obj\stm32f4xx_usart.o
                0x080026e4                USART_GetFlagStatus
 *fill*         0x0800271c        0x4 
 .text.dtor     0x08002720       0x58 ..\obj\util.o
                0x08002720                dtor
 .text.floatlimit
                0x08002778       0x3c ..\obj\util.o
                0x08002778                floatlimit
 .text.constrain
                0x080027b4       0x3c ..\obj\util.o
                0x080027b4                constrain
 .text.CAN_DeInit
                0x080027f0       0x48 ..\obj\stm32f4xx_can.o
                0x080027f0                CAN_DeInit
 .text.CAN_Init
                0x08002838      0x1a4 ..\obj\stm32f4xx_can.o
                0x08002838                CAN_Init
 .text.CAN_FilterInit
                0x080029dc      0x1f0 ..\obj\stm32f4xx_can.o
                0x080029dc                CAN_FilterInit
 .text.CAN_StructInit
                0x08002bcc       0x54 ..\obj\stm32f4xx_can.o
                0x08002bcc                CAN_StructInit
 .text.CAN_Transmit
                0x08002c20      0x190 ..\obj\stm32f4xx_can.o
                0x08002c20                CAN_Transmit
 .text.CAN_TransmitStatus
                0x08002db0       0xec ..\obj\stm32f4xx_can.o
                0x08002db0                CAN_TransmitStatus
 .text.CAN_Receive
                0x08002e9c      0x170 ..\obj\stm32f4xx_can.o
                0x08002e9c                CAN_Receive
 .text.CAN_ITConfig
                0x0800300c       0x3c ..\obj\stm32f4xx_can.o
                0x0800300c                CAN_ITConfig
 .text.CAN_GetITStatus
                0x08003048      0x194 ..\obj\stm32f4xx_can.o
                0x08003048                CAN_GetITStatus
 .text.CheckITStatus
                0x080031dc       0x30 ..\obj\stm32f4xx_can.o
 .text.SysTick_Handler
                0x0800320c       0x2c ..\obj\mcutime.o
                0x0800320c                SysTick_Handler
 .text.millis   0x08003238       0x28 ..\obj\mcutime.o
                0x08003238                millis
 .text.micros   0x08003260       0x34 ..\obj\mcutime.o
                0x08003260                micros
 .text.timer_setup
                0x08003294       0x14 ..\obj\mcutime.o
                0x08003294                timer_setup
 .text.delay_ms
                0x080032a8       0x40 ..\obj\mcutime.o
                0x080032a8                delay_ms
 .text.Init_CAN
                0x080032e8      0x17c ..\obj\config_can.o
                0x080032e8                Init_CAN
 .text.Init_CANfilter
                0x08003464       0xd4 ..\obj\config_can.o
                0x08003464                Init_CANfilter
 .text.send_can1
                0x08003538       0x34 ..\obj\config_can.o
                0x08003538                send_can1
 .text.Default_Reset_Handler
                0x0800356c       0x64 ..\obj\startup_stm32f4xx.o
                0x0800356c                Default_Reset_Handler
                0x0800356c                Reset_Handler
 .text.Default_Handler
                0x080035d0        0x8 ..\obj\startup_stm32f4xx.o
                0x080035d0                RTC_Alarm_IRQHandler
                0x080035d0                HASH_RNG_IRQHandler
                0x080035d0                EXTI2_IRQHandler
                0x080035d0                TIM8_CC_IRQHandler
                0x080035d0                TIM1_CC_IRQHandler
                0x080035d0                DMA2_Stream5_IRQHandler
                0x080035d0                DMA1_Stream5_IRQHandler
                0x080035d0                PVD_IRQHandler
                0x080035d0                TAMP_STAMP_IRQHandler
                0x080035d0                CAN2_RX1_IRQHandler
                0x080035d0                EXTI3_IRQHandler
                0x080035d0                TIM8_TRG_COM_TIM14_IRQHandler
                0x080035d0                I2C3_ER_IRQHandler
                0x080035d0                EXTI0_IRQHandler
                0x080035d0                DMA1_Stream2_IRQHandler
                0x080035d0                FPU_IRQHandler
                0x080035d0                OTG_HS_WKUP_IRQHandler
                0x080035d0                CAN2_SCE_IRQHandler
                0x080035d0                DMA2_Stream2_IRQHandler
                0x080035d0                SPI1_IRQHandler
                0x080035d0                TIM6_DAC_IRQHandler
                0x080035d0                TIM1_BRK_TIM9_IRQHandler
                0x080035d0                DCMI_IRQHandler
                0x080035d0                CAN2_RX0_IRQHandler
                0x080035d0                USART6_IRQHandler
                0x080035d0                CRYP_IRQHandler
                0x080035d0                CAN1_RX1_IRQHandler
                0x080035d0                UART5_IRQHandler
                0x080035d0                DMA2_Stream0_IRQHandler
                0x080035d0                I2C1_EV_IRQHandler
                0x080035d0                DMA1_Stream6_IRQHandler
                0x080035d0                DMA1_Stream1_IRQHandler
                0x080035d0                UART4_IRQHandler
                0x080035d0                RCC_IRQHandler
                0x080035d0                EXTI15_10_IRQHandler
                0x080035d0                ADC_IRQHandler
                0x080035d0                DMA1_Stream7_IRQHandler
                0x080035d0                TIM7_IRQHandler
                0x080035d0                CAN2_TX_IRQHandler
                0x080035d0                DMA2_Stream7_IRQHandler
                0x080035d0                I2C3_EV_IRQHandler
                0x080035d0                EXTI9_5_IRQHandler
                0x080035d0                RTC_WKUP_IRQHandler
                0x080035d0                ETH_WKUP_IRQHandler
                0x080035d0                SPI2_IRQHandler
                0x080035d0                OTG_HS_EP1_IN_IRQHandler
                0x080035d0                DMA1_Stream0_IRQHandler
                0x080035d0                CAN1_TX_IRQHandler
                0x080035d0                EXTI4_IRQHandler
                0x080035d0                FSMC_IRQHandler
                0x080035d0                ETH_IRQHandler
                0x080035d0                OTG_HS_EP1_OUT_IRQHandler
                0x080035d0                WWDG_IRQHandler
                0x080035d0                TIM1_TRG_COM_TIM11_IRQHandler
                0x080035d0                OTG_HS_IRQHandler
                0x080035d0                EXTI1_IRQHandler
                0x080035d0                I2C2_ER_IRQHandler
                0x080035d0                DMA2_Stream1_IRQHandler
                0x080035d0                CAN1_SCE_IRQHandler
                0x080035d0                FLASH_IRQHandler
                0x080035d0                DMA2_Stream4_IRQHandler
                0x080035d0                USART1_IRQHandler
                0x080035d0                SPI3_IRQHandler
                0x080035d0                DMA1_Stream4_IRQHandler
                0x080035d0                I2C1_ER_IRQHandler
                0x080035d0                DMA2_Stream6_IRQHandler
                0x080035d0                DMA1_Stream3_IRQHandler
 .text.USBD_SetupStage
                0x080035d8       0x6c ..\obj\usbd_core.o
 .text.USBD_DataOutStage
                0x08003644       0xd0 ..\obj\usbd_core.o
 .text.USBD_DataInStage
                0x08003714      0x104 ..\obj\usbd_core.o
 .text.USBD_Reset
                0x08003818       0x44 ..\obj\usbd_core.o
 .text.USBD_Resume
                0x0800385c       0x24 ..\obj\usbd_core.o
 .text.USBD_Suspend
                0x08003880       0x24 ..\obj\usbd_core.o
 .text.USBD_SOF
                0x080038a4       0x2c ..\obj\usbd_core.o
 .text.USBD_SetCfg
                0x080038d0       0x30 ..\obj\usbd_core.o
                0x080038d0                USBD_SetCfg
 .text.USBD_ClrCfg
                0x08003900       0x28 ..\obj\usbd_core.o
                0x08003900                USBD_ClrCfg
 .text.USBD_IsoINIncomplete
                0x08003928       0x20 ..\obj\usbd_core.o
 .text.USBD_IsoOUTIncomplete
                0x08003948       0x20 ..\obj\usbd_core.o
 .text._ZN6Serial8ReceiverC2EPS_
                0x08003968       0x38 ..\obj\pin.o
                0x08003968                Serial::Receiver::Receiver(Serial*)
                0x08003968                Serial::Receiver::Receiver(Serial*)
 .text._ZN6Serial8Receiver14serialReadCharEc
                0x080039a0       0x60 ..\obj\pin.o
                0x080039a0                Serial::Receiver::serialReadChar(char)
 .text._ZN6Serial8Receiver13charAvailableEv
                0x08003a00       0x28 ..\obj\pin.o
                0x08003a00                Serial::Receiver::charAvailable()
 .text._ZN6Serial8Receiver15stringAvailableEv
                0x08003a28       0x1c ..\obj\pin.o
                0x08003a28                Serial::Receiver::stringAvailable()
 .text._ZN6Serial8Receiver8readCharEv
                0x08003a44       0x1c ..\obj\pin.o
                0x08003a44                Serial::Receiver::readChar()
 .text._ZN6Serial8Receiver10readStringEPc
                0x08003a60       0xe8 ..\obj\pin.o
                0x08003a60                Serial::Receiver::readString(char*)
 .text._ZN6Serial15stringAvailableEv
                0x08003b48       0x28 ..\obj\pin.o
                0x08003b48                Serial::stringAvailable()
 .text._ZN6Serial10readStringEPc
                0x08003b70       0x34 ..\obj\pin.o
                0x08003b70                Serial::readString(char*)
 .text._ZN6Serial13charAvailableEv
                0x08003ba4       0x28 ..\obj\pin.o
                0x08003ba4                Serial::charAvailable()
 .text._ZN6Serial8readCharEv
                0x08003bcc       0x28 ..\obj\pin.o
                0x08003bcc                Serial::readChar()
 .text._ZN6Serial11writeStringEPc
                0x08003bf4       0x40 ..\obj\pin.o
                0x08003bf4                Serial::writeString(char*)
 .text._ZN6Serial5setupEiR15SerialInterfaceii
                0x08003c34       0x34 ..\obj\pin.o
                0x08003c34                Serial::setup(int, SerialInterface&, int, int)
 .text._ZN6Serial5setupEiii
                0x08003c68       0x4c ..\obj\pin.o
                0x08003c68                Serial::setup(int, int, int)
 .text._ZN6Analog13setupAnalogInEv
                0x08003cb4       0x1c ..\obj\pin.o
                0x08003cb4                Analog::setupAnalogIn()
 .text._ZN6Analog10analogReadEv
                0x08003cd0       0x20 ..\obj\pin.o
                0x08003cd0                Analog::analogRead()
 .text._ZN3Pwm11setupPwmOutEff
                0x08003cf0       0x24 ..\obj\pin.o
                0x08003cf0                Pwm::setupPwmOut(float, float)
 .text._ZN3Pwm8pwmWriteEf
                0x08003d14       0x20 ..\obj\pin.o
                0x08003d14                Pwm::pwmWrite(float)
 .text._ZN3Pwm8pwmWriteEv
                0x08003d34       0x20 ..\obj\pin.o
                0x08003d34                Pwm::pwmWrite()
 .text._ZN2A016analogResolutionEv
                0x08003d54       0x20 ..\obj\pin.o
                0x08003d54                A0::analogResolution()
                0x08003d6c                non-virtual thunk to A0::analogResolution()
 .text._ZN2A013analogVoltageEv
                0x08003d74       0x24 ..\obj\pin.o
                0x08003d74                A0::analogVoltage()
                0x08003d90                non-virtual thunk to A0::analogVoltage()
 .text._ZN2A116analogResolutionEv
                0x08003d98       0x20 ..\obj\pin.o
                0x08003d98                A1::analogResolution()
                0x08003db0                non-virtual thunk to A1::analogResolution()
 .text._ZN2A113analogVoltageEv
                0x08003db8       0x24 ..\obj\pin.o
                0x08003db8                A1::analogVoltage()
                0x08003dd4                non-virtual thunk to A1::analogVoltage()
 .text._ZN2A216analogResolutionEv
                0x08003ddc       0x20 ..\obj\pin.o
                0x08003ddc                A2::analogResolution()
                0x08003df4                non-virtual thunk to A2::analogResolution()
 .text._ZN2A213analogVoltageEv
                0x08003dfc       0x24 ..\obj\pin.o
                0x08003dfc                A2::analogVoltage()
                0x08003e18                non-virtual thunk to A2::analogVoltage()
 .text._ZN2A316analogResolutionEv
                0x08003e20       0x20 ..\obj\pin.o
                0x08003e20                A3::analogResolution()
                0x08003e38                non-virtual thunk to A3::analogResolution()
 .text._ZN2A313analogVoltageEv
                0x08003e40       0x24 ..\obj\pin.o
                0x08003e40                A3::analogVoltage()
                0x08003e5c                non-virtual thunk to A3::analogVoltage()
 .text._ZN2A416analogResolutionEv
                0x08003e64       0x20 ..\obj\pin.o
                0x08003e64                A4::analogResolution()
                0x08003e7c                non-virtual thunk to A4::analogResolution()
 .text._ZN2A413analogVoltageEv
                0x08003e84       0x24 ..\obj\pin.o
                0x08003e84                A4::analogVoltage()
                0x08003ea0                non-virtual thunk to A4::analogVoltage()
 .text._ZN4Led013_digitalWriteEv
                0x08003ea8       0x24 ..\obj\pin.o
                0x08003ea8                Led0::_digitalWrite()
 .text._ZN4Led013_digitalWriteEi
                0x08003ecc       0x38 ..\obj\pin.o
                0x08003ecc                Led0::_digitalWrite(int)
 .text._ZN4Led012_digitalReadEv
                0x08003f04       0x24 ..\obj\pin.o
                0x08003f04                Led0::_digitalRead()
 .text._ZN4Led015_setupDigitalInEv
                0x08003f28       0x2c ..\obj\pin.o
                0x08003f28                Led0::_setupDigitalIn()
 .text._ZN4Led016_setupDigitalOutEv
                0x08003f54       0x2c ..\obj\pin.o
                0x08003f54                Led0::_setupDigitalOut()
 .text._ZN4Led021_setupDigitalInPullUpEv
                0x08003f80       0x2c ..\obj\pin.o
                0x08003f80                Led0::_setupDigitalInPullUp()
 .text._ZN4Led023_setupDigitalInPullDownEv
                0x08003fac       0x2c ..\obj\pin.o
                0x08003fac                Led0::_setupDigitalInPullDown()
 .text._ZN4Led113_digitalWriteEv
                0x08003fd8       0x24 ..\obj\pin.o
                0x08003fd8                Led1::_digitalWrite()
 .text._ZN4Led113_digitalWriteEi
                0x08003ffc       0x38 ..\obj\pin.o
                0x08003ffc                Led1::_digitalWrite(int)
 .text._ZN4Led112_digitalReadEv
                0x08004034       0x24 ..\obj\pin.o
                0x08004034                Led1::_digitalRead()
 .text._ZN4Led115_setupDigitalInEv
                0x08004058       0x2c ..\obj\pin.o
                0x08004058                Led1::_setupDigitalIn()
 .text._ZN4Led116_setupDigitalOutEv
                0x08004084       0x2c ..\obj\pin.o
                0x08004084                Led1::_setupDigitalOut()
 .text._ZN4Led121_setupDigitalInPullUpEv
                0x080040b0       0x2c ..\obj\pin.o
                0x080040b0                Led1::_setupDigitalInPullUp()
 .text._ZN4Led123_setupDigitalInPullDownEv
                0x080040dc       0x2c ..\obj\pin.o
                0x080040dc                Led1::_setupDigitalInPullDown()
 .text._ZN4Led213_digitalWriteEv
                0x08004108       0x24 ..\obj\pin.o
                0x08004108                Led2::_digitalWrite()
 .text._ZN4Led213_digitalWriteEi
                0x0800412c       0x38 ..\obj\pin.o
                0x0800412c                Led2::_digitalWrite(int)
 .text._ZN4Led212_digitalReadEv
                0x08004164       0x24 ..\obj\pin.o
                0x08004164                Led2::_digitalRead()
 .text._ZN4Led215_setupDigitalInEv
                0x08004188       0x2c ..\obj\pin.o
                0x08004188                Led2::_setupDigitalIn()
 .text._ZN4Led216_setupDigitalOutEv
                0x080041b4       0x2c ..\obj\pin.o
                0x080041b4                Led2::_setupDigitalOut()
 .text._ZN4Led221_setupDigitalInPullUpEv
                0x080041e0       0x2c ..\obj\pin.o
                0x080041e0                Led2::_setupDigitalInPullUp()
 .text._ZN4Led223_setupDigitalInPullDownEv
                0x0800420c       0x2c ..\obj\pin.o
                0x0800420c                Led2::_setupDigitalInPullDown()
 .text._ZN4Led313_digitalWriteEv
                0x08004238       0x24 ..\obj\pin.o
                0x08004238                Led3::_digitalWrite()
 .text._ZN4Led313_digitalWriteEi
                0x0800425c       0x38 ..\obj\pin.o
                0x0800425c                Led3::_digitalWrite(int)
 .text._ZN4Led312_digitalReadEv
                0x08004294       0x24 ..\obj\pin.o
                0x08004294                Led3::_digitalRead()
 .text._ZN4Led315_setupDigitalInEv
                0x080042b8       0x2c ..\obj\pin.o
                0x080042b8                Led3::_setupDigitalIn()
 .text._ZN4Led316_setupDigitalOutEv
                0x080042e4       0x2c ..\obj\pin.o
                0x080042e4                Led3::_setupDigitalOut()
 .text._ZN4Led321_setupDigitalInPullUpEv
                0x08004310       0x2c ..\obj\pin.o
                0x08004310                Led3::_setupDigitalInPullUp()
 .text._ZN4Led323_setupDigitalInPullDownEv
                0x0800433c       0x2c ..\obj\pin.o
                0x0800433c                Led3::_setupDigitalInPullDown()
 .text._ZN3Sw013_digitalWriteEv
                0x08004368       0x20 ..\obj\pin.o
                0x08004368                Sw0::_digitalWrite()
 .text._ZN3Sw013_digitalWriteEi
                0x08004388       0x34 ..\obj\pin.o
                0x08004388                Sw0::_digitalWrite(int)
 .text._ZN3Sw012_digitalReadEv
                0x080043bc       0x20 ..\obj\pin.o
                0x080043bc                Sw0::_digitalRead()
 .text._ZN3Sw015_setupDigitalInEv
                0x080043dc       0x28 ..\obj\pin.o
                0x080043dc                Sw0::_setupDigitalIn()
 .text._ZN3Sw016_setupDigitalOutEv
                0x08004404       0x18 ..\obj\pin.o
                0x08004404                Sw0::_setupDigitalOut()
 .text._ZN3Sw021_setupDigitalInPullUpEv
                0x0800441c       0x28 ..\obj\pin.o
                0x0800441c                Sw0::_setupDigitalInPullUp()
 .text._ZN3Sw023_setupDigitalInPullDownEv
                0x08004444       0x28 ..\obj\pin.o
                0x08004444                Sw0::_setupDigitalInPullDown()
 .text._ZN3Sw113_digitalWriteEv
                0x0800446c       0x24 ..\obj\pin.o
                0x0800446c                Sw1::_digitalWrite()
 .text._ZN3Sw113_digitalWriteEi
                0x08004490       0x38 ..\obj\pin.o
                0x08004490                Sw1::_digitalWrite(int)
 .text._ZN3Sw112_digitalReadEv
                0x080044c8       0x24 ..\obj\pin.o
                0x080044c8                Sw1::_digitalRead()
 .text._ZN3Sw115_setupDigitalInEv
                0x080044ec       0x2c ..\obj\pin.o
                0x080044ec                Sw1::_setupDigitalIn()
 .text._ZN3Sw116_setupDigitalOutEv
                0x08004518       0x18 ..\obj\pin.o
                0x08004518                Sw1::_setupDigitalOut()
 .text._ZN3Sw121_setupDigitalInPullUpEv
                0x08004530       0x2c ..\obj\pin.o
                0x08004530                Sw1::_setupDigitalInPullUp()
 .text._ZN3Sw123_setupDigitalInPullDownEv
                0x0800455c       0x2c ..\obj\pin.o
                0x0800455c                Sw1::_setupDigitalInPullDown()
 .text._ZN3Sw213_digitalWriteEv
                0x08004588       0x24 ..\obj\pin.o
                0x08004588                Sw2::_digitalWrite()
 .text._ZN3Sw213_digitalWriteEi
                0x080045ac       0x38 ..\obj\pin.o
                0x080045ac                Sw2::_digitalWrite(int)
 .text._ZN3Sw212_digitalReadEv
                0x080045e4       0x24 ..\obj\pin.o
                0x080045e4                Sw2::_digitalRead()
 .text._ZN3Sw215_setupDigitalInEv
                0x08004608       0x2c ..\obj\pin.o
                0x08004608                Sw2::_setupDigitalIn()
 .text._ZN3Sw216_setupDigitalOutEv
                0x08004634       0x18 ..\obj\pin.o
                0x08004634                Sw2::_setupDigitalOut()
 .text._ZN3Sw221_setupDigitalInPullUpEv
                0x0800464c       0x2c ..\obj\pin.o
                0x0800464c                Sw2::_setupDigitalInPullUp()
 .text._ZN3Sw223_setupDigitalInPullDownEv
                0x08004678       0x2c ..\obj\pin.o
                0x08004678                Sw2::_setupDigitalInPullDown()
 .text._ZN3Sw313_digitalWriteEv
                0x080046a4       0x24 ..\obj\pin.o
                0x080046a4                Sw3::_digitalWrite()
 .text._ZN3Sw313_digitalWriteEi
                0x080046c8       0x38 ..\obj\pin.o
                0x080046c8                Sw3::_digitalWrite(int)
 .text._ZN3Sw312_digitalReadEv
                0x08004700       0x24 ..\obj\pin.o
                0x08004700                Sw3::_digitalRead()
 .text._ZN3Sw315_setupDigitalInEv
                0x08004724       0x2c ..\obj\pin.o
                0x08004724                Sw3::_setupDigitalIn()
 .text._ZN3Sw316_setupDigitalOutEv
                0x08004750       0x18 ..\obj\pin.o
                0x08004750                Sw3::_setupDigitalOut()
 .text._ZN3Sw321_setupDigitalInPullUpEv
                0x08004768       0x2c ..\obj\pin.o
                0x08004768                Sw3::_setupDigitalInPullUp()
 .text._ZN3Sw323_setupDigitalInPullDownEv
                0x08004794       0x2c ..\obj\pin.o
                0x08004794                Sw3::_setupDigitalInPullDown()
 .text._ZN6Buzzer13_digitalWriteEv
                0x080047c0       0x20 ..\obj\pin.o
                0x080047c0                Buzzer::_digitalWrite()
 .text._ZN6Buzzer13_digitalWriteEi
                0x080047e0       0x34 ..\obj\pin.o
                0x080047e0                Buzzer::_digitalWrite(int)
 .text._ZN6Buzzer12_digitalReadEv
                0x08004814       0x20 ..\obj\pin.o
                0x08004814                Buzzer::_digitalRead()
 .text._ZN6Buzzer15_setupDigitalInEv
                0x08004834       0x28 ..\obj\pin.o
                0x08004834                Buzzer::_setupDigitalIn()
 .text._ZN6Buzzer16_setupDigitalOutEv
                0x0800485c       0x28 ..\obj\pin.o
                0x0800485c                Buzzer::_setupDigitalOut()
 .text._ZN6Buzzer21_setupDigitalInPullUpEv
                0x08004884       0x28 ..\obj\pin.o
                0x08004884                Buzzer::_setupDigitalInPullUp()
 .text._ZN6Buzzer23_setupDigitalInPullDownEv
                0x080048ac       0x28 ..\obj\pin.o
                0x080048ac                Buzzer::_setupDigitalInPullDown()
 .text._ZN3CW013_digitalWriteEv
                0x080048d4       0x20 ..\obj\pin.o
                0x080048d4                CW0::_digitalWrite()
 .text._ZN3CW013_digitalWriteEi
                0x080048f4       0x30 ..\obj\pin.o
                0x080048f4                CW0::_digitalWrite(int)
 .text._ZN3CW012_digitalReadEv
                0x08004924       0x20 ..\obj\pin.o
                0x08004924                CW0::_digitalRead()
 .text._ZN3CW015_setupDigitalInEv
                0x08004944       0x28 ..\obj\pin.o
                0x08004944                CW0::_setupDigitalIn()
 .text._ZN3CW016_setupDigitalOutEv
                0x0800496c       0x28 ..\obj\pin.o
                0x0800496c                CW0::_setupDigitalOut()
 .text._ZN3CW021_setupDigitalInPullUpEv
                0x08004994       0x28 ..\obj\pin.o
                0x08004994                CW0::_setupDigitalInPullUp()
 .text._ZN3CW023_setupDigitalInPullDownEv
                0x080049bc       0x28 ..\obj\pin.o
                0x080049bc                CW0::_setupDigitalInPullDown()
 .text._ZN4CCW013_digitalWriteEv
                0x080049e4       0x20 ..\obj\pin.o
                0x080049e4                CCW0::_digitalWrite()
 .text._ZN4CCW013_digitalWriteEi
                0x08004a04       0x34 ..\obj\pin.o
                0x08004a04                CCW0::_digitalWrite(int)
 .text._ZN4CCW012_digitalReadEv
                0x08004a38       0x20 ..\obj\pin.o
                0x08004a38                CCW0::_digitalRead()
 .text._ZN4CCW015_setupDigitalInEv
                0x08004a58       0x28 ..\obj\pin.o
                0x08004a58                CCW0::_setupDigitalIn()
 .text._ZN4CCW016_setupDigitalOutEv
                0x08004a80       0x28 ..\obj\pin.o
                0x08004a80                CCW0::_setupDigitalOut()
 .text._ZN4CCW021_setupDigitalInPullUpEv
                0x08004aa8       0x28 ..\obj\pin.o
                0x08004aa8                CCW0::_setupDigitalInPullUp()
 .text._ZN4CCW023_setupDigitalInPullDownEv
                0x08004ad0       0x28 ..\obj\pin.o
                0x08004ad0                CCW0::_setupDigitalInPullDown()
 .text._ZN3CW113_digitalWriteEv
                0x08004af8       0x24 ..\obj\pin.o
                0x08004af8                CW1::_digitalWrite()
 .text._ZN3CW113_digitalWriteEi
                0x08004b1c       0x38 ..\obj\pin.o
                0x08004b1c                CW1::_digitalWrite(int)
 .text._ZN3CW112_digitalReadEv
                0x08004b54       0x24 ..\obj\pin.o
                0x08004b54                CW1::_digitalRead()
 .text._ZN3CW115_setupDigitalInEv
                0x08004b78       0x2c ..\obj\pin.o
                0x08004b78                CW1::_setupDigitalIn()
 .text._ZN3CW116_setupDigitalOutEv
                0x08004ba4       0x2c ..\obj\pin.o
                0x08004ba4                CW1::_setupDigitalOut()
 .text._ZN3CW121_setupDigitalInPullUpEv
                0x08004bd0       0x2c ..\obj\pin.o
                0x08004bd0                CW1::_setupDigitalInPullUp()
 .text._ZN3CW123_setupDigitalInPullDownEv
                0x08004bfc       0x2c ..\obj\pin.o
                0x08004bfc                CW1::_setupDigitalInPullDown()
 .text._ZN4CCW113_digitalWriteEv
                0x08004c28       0x20 ..\obj\pin.o
                0x08004c28                CCW1::_digitalWrite()
 .text._ZN4CCW113_digitalWriteEi
                0x08004c48       0x30 ..\obj\pin.o
                0x08004c48                CCW1::_digitalWrite(int)
 .text._ZN4CCW112_digitalReadEv
                0x08004c78       0x20 ..\obj\pin.o
                0x08004c78                CCW1::_digitalRead()
 .text._ZN4CCW115_setupDigitalInEv
                0x08004c98       0x28 ..\obj\pin.o
                0x08004c98                CCW1::_setupDigitalIn()
 .text._ZN4CCW116_setupDigitalOutEv
                0x08004cc0       0x28 ..\obj\pin.o
                0x08004cc0                CCW1::_setupDigitalOut()
 .text._ZN4CCW121_setupDigitalInPullUpEv
                0x08004ce8       0x28 ..\obj\pin.o
                0x08004ce8                CCW1::_setupDigitalInPullUp()
 .text._ZN4CCW123_setupDigitalInPullDownEv
                0x08004d10       0x28 ..\obj\pin.o
                0x08004d10                CCW1::_setupDigitalInPullDown()
 .text._ZN3CW213_digitalWriteEv
                0x08004d38       0x20 ..\obj\pin.o
                0x08004d38                CW2::_digitalWrite()
 .text._ZN3CW213_digitalWriteEi
                0x08004d58       0x34 ..\obj\pin.o
                0x08004d58                CW2::_digitalWrite(int)
 .text._ZN3CW212_digitalReadEv
                0x08004d8c       0x20 ..\obj\pin.o
                0x08004d8c                CW2::_digitalRead()
 .text._ZN3CW215_setupDigitalInEv
                0x08004dac       0x28 ..\obj\pin.o
                0x08004dac                CW2::_setupDigitalIn()
 .text._ZN3CW216_setupDigitalOutEv
                0x08004dd4       0x28 ..\obj\pin.o
                0x08004dd4                CW2::_setupDigitalOut()
 .text._ZN3CW221_setupDigitalInPullUpEv
                0x08004dfc       0x28 ..\obj\pin.o
                0x08004dfc                CW2::_setupDigitalInPullUp()
 .text._ZN3CW223_setupDigitalInPullDownEv
                0x08004e24       0x28 ..\obj\pin.o
                0x08004e24                CW2::_setupDigitalInPullDown()
 .text._ZN4CCW213_digitalWriteEv
                0x08004e4c       0x20 ..\obj\pin.o
                0x08004e4c                CCW2::_digitalWrite()
 .text._ZN4CCW213_digitalWriteEi
                0x08004e6c       0x34 ..\obj\pin.o
                0x08004e6c                CCW2::_digitalWrite(int)
 .text._ZN4CCW212_digitalReadEv
                0x08004ea0       0x20 ..\obj\pin.o
                0x08004ea0                CCW2::_digitalRead()
 .text._ZN4CCW215_setupDigitalInEv
                0x08004ec0       0x28 ..\obj\pin.o
                0x08004ec0                CCW2::_setupDigitalIn()
 .text._ZN4CCW216_setupDigitalOutEv
                0x08004ee8       0x28 ..\obj\pin.o
                0x08004ee8                CCW2::_setupDigitalOut()
 .text._ZN4CCW221_setupDigitalInPullUpEv
                0x08004f10       0x28 ..\obj\pin.o
                0x08004f10                CCW2::_setupDigitalInPullUp()
 .text._ZN4CCW223_setupDigitalInPullDownEv
                0x08004f38       0x28 ..\obj\pin.o
                0x08004f38                CCW2::_setupDigitalInPullDown()
 .text._ZN3CW313_digitalWriteEv
                0x08004f60       0x24 ..\obj\pin.o
                0x08004f60                CW3::_digitalWrite()
 .text._ZN3CW313_digitalWriteEi
                0x08004f84       0x38 ..\obj\pin.o
                0x08004f84                CW3::_digitalWrite(int)
 .text._ZN3CW312_digitalReadEv
                0x08004fbc       0x24 ..\obj\pin.o
                0x08004fbc                CW3::_digitalRead()
 .text._ZN3CW315_setupDigitalInEv
                0x08004fe0       0x2c ..\obj\pin.o
                0x08004fe0                CW3::_setupDigitalIn()
 .text._ZN3CW316_setupDigitalOutEv
                0x0800500c       0x2c ..\obj\pin.o
                0x0800500c                CW3::_setupDigitalOut()
 .text._ZN3CW321_setupDigitalInPullUpEv
                0x08005038       0x2c ..\obj\pin.o
                0x08005038                CW3::_setupDigitalInPullUp()
 .text._ZN3CW323_setupDigitalInPullDownEv
                0x08005064       0x2c ..\obj\pin.o
                0x08005064                CW3::_setupDigitalInPullDown()
 .text._ZN4CCW313_digitalWriteEv
                0x08005090       0x20 ..\obj\pin.o
                0x08005090                CCW3::_digitalWrite()
 .text._ZN4CCW313_digitalWriteEi
                0x080050b0       0x34 ..\obj\pin.o
                0x080050b0                CCW3::_digitalWrite(int)
 .text._ZN4CCW312_digitalReadEv
                0x080050e4       0x20 ..\obj\pin.o
                0x080050e4                CCW3::_digitalRead()
 .text._ZN4CCW315_setupDigitalInEv
                0x08005104       0x28 ..\obj\pin.o
                0x08005104                CCW3::_setupDigitalIn()
 .text._ZN4CCW316_setupDigitalOutEv
                0x0800512c       0x28 ..\obj\pin.o
                0x0800512c                CCW3::_setupDigitalOut()
 .text._ZN4CCW321_setupDigitalInPullUpEv
                0x08005154       0x28 ..\obj\pin.o
                0x08005154                CCW3::_setupDigitalInPullUp()
 .text._ZN4CCW323_setupDigitalInPullDownEv
                0x0800517c       0x28 ..\obj\pin.o
                0x0800517c                CCW3::_setupDigitalInPullDown()
 .text._ZN3CW413_digitalWriteEv
                0x080051a4       0x20 ..\obj\pin.o
                0x080051a4                CW4::_digitalWrite()
 .text._ZN3CW413_digitalWriteEi
                0x080051c4       0x34 ..\obj\pin.o
                0x080051c4                CW4::_digitalWrite(int)
 .text._ZN3CW412_digitalReadEv
                0x080051f8       0x20 ..\obj\pin.o
                0x080051f8                CW4::_digitalRead()
 .text._ZN3CW415_setupDigitalInEv
                0x08005218       0x28 ..\obj\pin.o
                0x08005218                CW4::_setupDigitalIn()
 .text._ZN3CW416_setupDigitalOutEv
                0x08005240       0x28 ..\obj\pin.o
                0x08005240                CW4::_setupDigitalOut()
 .text._ZN3CW421_setupDigitalInPullUpEv
                0x08005268       0x28 ..\obj\pin.o
                0x08005268                CW4::_setupDigitalInPullUp()
 .text._ZN3CW423_setupDigitalInPullDownEv
                0x08005290       0x28 ..\obj\pin.o
                0x08005290                CW4::_setupDigitalInPullDown()
 .text._ZN4CCW413_digitalWriteEv
                0x080052b8       0x20 ..\obj\pin.o
                0x080052b8                CCW4::_digitalWrite()
 .text._ZN4CCW413_digitalWriteEi
                0x080052d8       0x34 ..\obj\pin.o
                0x080052d8                CCW4::_digitalWrite(int)
 .text._ZN4CCW412_digitalReadEv
                0x0800530c       0x20 ..\obj\pin.o
                0x0800530c                CCW4::_digitalRead()
 .text._ZN4CCW415_setupDigitalInEv
                0x0800532c       0x28 ..\obj\pin.o
                0x0800532c                CCW4::_setupDigitalIn()
 .text._ZN4CCW416_setupDigitalOutEv
                0x08005354       0x28 ..\obj\pin.o
                0x08005354                CCW4::_setupDigitalOut()
 .text._ZN4CCW421_setupDigitalInPullUpEv
                0x0800537c       0x28 ..\obj\pin.o
                0x0800537c                CCW4::_setupDigitalInPullUp()
 .text._ZN4CCW423_setupDigitalInPullDownEv
                0x080053a4       0x28 ..\obj\pin.o
                0x080053a4                CCW4::_setupDigitalInPullDown()
 .text._ZN3CW513_digitalWriteEv
                0x080053cc       0x24 ..\obj\pin.o
                0x080053cc                CW5::_digitalWrite()
 .text._ZN3CW513_digitalWriteEi
                0x080053f0       0x38 ..\obj\pin.o
                0x080053f0                CW5::_digitalWrite(int)
 .text._ZN3CW512_digitalReadEv
                0x08005428       0x24 ..\obj\pin.o
                0x08005428                CW5::_digitalRead()
 .text._ZN3CW515_setupDigitalInEv
                0x0800544c       0x2c ..\obj\pin.o
                0x0800544c                CW5::_setupDigitalIn()
 .text._ZN3CW516_setupDigitalOutEv
                0x08005478       0x2c ..\obj\pin.o
                0x08005478                CW5::_setupDigitalOut()
 .text._ZN3CW521_setupDigitalInPullUpEv
                0x080054a4       0x2c ..\obj\pin.o
                0x080054a4                CW5::_setupDigitalInPullUp()
 .text._ZN3CW523_setupDigitalInPullDownEv
                0x080054d0       0x2c ..\obj\pin.o
                0x080054d0                CW5::_setupDigitalInPullDown()
 .text._ZN4CCW513_digitalWriteEv
                0x080054fc       0x20 ..\obj\pin.o
                0x080054fc                CCW5::_digitalWrite()
 .text._ZN4CCW513_digitalWriteEi
                0x0800551c       0x34 ..\obj\pin.o
                0x0800551c                CCW5::_digitalWrite(int)
 .text._ZN4CCW512_digitalReadEv
                0x08005550       0x20 ..\obj\pin.o
                0x08005550                CCW5::_digitalRead()
 .text._ZN4CCW515_setupDigitalInEv
                0x08005570       0x28 ..\obj\pin.o
                0x08005570                CCW5::_setupDigitalIn()
 .text._ZN4CCW516_setupDigitalOutEv
                0x08005598       0x28 ..\obj\pin.o
                0x08005598                CCW5::_setupDigitalOut()
 .text._ZN4CCW521_setupDigitalInPullUpEv
                0x080055c0       0x28 ..\obj\pin.o
                0x080055c0                CCW5::_setupDigitalInPullUp()
 .text._ZN4CCW523_setupDigitalInPullDownEv
                0x080055e8       0x28 ..\obj\pin.o
                0x080055e8                CCW5::_setupDigitalInPullDown()
 .text._ZN2A013_digitalWriteEv
                0x08005610       0x20 ..\obj\pin.o
                0x08005610                A0::_digitalWrite()
 .text._ZN2A013_digitalWriteEi
                0x08005630       0x34 ..\obj\pin.o
                0x08005630                A0::_digitalWrite(int)
 .text._ZN2A012_digitalReadEv
                0x08005664       0x20 ..\obj\pin.o
                0x08005664                A0::_digitalRead()
 .text._ZN2A015_setupDigitalInEv
                0x08005684       0x28 ..\obj\pin.o
                0x08005684                A0::_setupDigitalIn()
 .text._ZN2A016_setupDigitalOutEv
                0x080056ac       0x30 ..\obj\pin.o
                0x080056ac                A0::_setupDigitalOut()
 .text._ZN2A021_setupDigitalInPullUpEv
                0x080056dc       0x28 ..\obj\pin.o
                0x080056dc                A0::_setupDigitalInPullUp()
 .text._ZN2A023_setupDigitalInPullDownEv
                0x08005704       0x28 ..\obj\pin.o
                0x08005704                A0::_setupDigitalInPullDown()
 .text._ZN2A113_digitalWriteEv
                0x0800572c       0x20 ..\obj\pin.o
                0x0800572c                A1::_digitalWrite()
 .text._ZN2A113_digitalWriteEi
                0x0800574c       0x34 ..\obj\pin.o
                0x0800574c                A1::_digitalWrite(int)
 .text._ZN2A112_digitalReadEv
                0x08005780       0x20 ..\obj\pin.o
                0x08005780                A1::_digitalRead()
 .text._ZN2A115_setupDigitalInEv
                0x080057a0       0x28 ..\obj\pin.o
                0x080057a0                A1::_setupDigitalIn()
 .text._ZN2A116_setupDigitalOutEv
                0x080057c8       0x30 ..\obj\pin.o
                0x080057c8                A1::_setupDigitalOut()
 .text._ZN2A121_setupDigitalInPullUpEv
                0x080057f8       0x28 ..\obj\pin.o
                0x080057f8                A1::_setupDigitalInPullUp()
 .text._ZN2A123_setupDigitalInPullDownEv
                0x08005820       0x28 ..\obj\pin.o
                0x08005820                A1::_setupDigitalInPullDown()
 .text._ZN2A213_digitalWriteEv
                0x08005848       0x20 ..\obj\pin.o
                0x08005848                A2::_digitalWrite()
 .text._ZN2A213_digitalWriteEi
                0x08005868       0x34 ..\obj\pin.o
                0x08005868                A2::_digitalWrite(int)
 .text._ZN2A212_digitalReadEv
                0x0800589c       0x20 ..\obj\pin.o
                0x0800589c                A2::_digitalRead()
 .text._ZN2A215_setupDigitalInEv
                0x080058bc       0x28 ..\obj\pin.o
                0x080058bc                A2::_setupDigitalIn()
 .text._ZN2A216_setupDigitalOutEv
                0x080058e4       0x30 ..\obj\pin.o
                0x080058e4                A2::_setupDigitalOut()
 .text._ZN2A221_setupDigitalInPullUpEv
                0x08005914       0x28 ..\obj\pin.o
                0x08005914                A2::_setupDigitalInPullUp()
 .text._ZN2A223_setupDigitalInPullDownEv
                0x0800593c       0x28 ..\obj\pin.o
                0x0800593c                A2::_setupDigitalInPullDown()
 .text._ZN2A313_digitalWriteEv
                0x08005964       0x20 ..\obj\pin.o
                0x08005964                A3::_digitalWrite()
 .text._ZN2A313_digitalWriteEi
                0x08005984       0x34 ..\obj\pin.o
                0x08005984                A3::_digitalWrite(int)
 .text._ZN2A312_digitalReadEv
                0x080059b8       0x20 ..\obj\pin.o
                0x080059b8                A3::_digitalRead()
 .text._ZN2A315_setupDigitalInEv
                0x080059d8       0x28 ..\obj\pin.o
                0x080059d8                A3::_setupDigitalIn()
 .text._ZN2A316_setupDigitalOutEv
                0x08005a00       0x30 ..\obj\pin.o
                0x08005a00                A3::_setupDigitalOut()
 .text._ZN2A321_setupDigitalInPullUpEv
                0x08005a30       0x28 ..\obj\pin.o
                0x08005a30                A3::_setupDigitalInPullUp()
 .text._ZN2A323_setupDigitalInPullDownEv
                0x08005a58       0x28 ..\obj\pin.o
                0x08005a58                A3::_setupDigitalInPullDown()
 .text._ZN2A413_digitalWriteEv
                0x08005a80       0x20 ..\obj\pin.o
                0x08005a80                A4::_digitalWrite()
 .text._ZN2A413_digitalWriteEi
                0x08005aa0       0x34 ..\obj\pin.o
                0x08005aa0                A4::_digitalWrite(int)
 .text._ZN2A412_digitalReadEv
                0x08005ad4       0x20 ..\obj\pin.o
                0x08005ad4                A4::_digitalRead()
 .text._ZN2A415_setupDigitalInEv
                0x08005af4       0x28 ..\obj\pin.o
                0x08005af4                A4::_setupDigitalIn()
 .text._ZN2A416_setupDigitalOutEv
                0x08005b1c       0x30 ..\obj\pin.o
                0x08005b1c                A4::_setupDigitalOut()
 .text._ZN2A421_setupDigitalInPullUpEv
                0x08005b4c       0x28 ..\obj\pin.o
                0x08005b4c                A4::_setupDigitalInPullUp()
 .text._ZN2A423_setupDigitalInPullDownEv
                0x08005b74       0x28 ..\obj\pin.o
                0x08005b74                A4::_setupDigitalInPullDown()
 .text._ZN4Pwm013_digitalWriteEv
                0x08005b9c       0x24 ..\obj\pin.o
                0x08005b9c                Pwm0::_digitalWrite()
 .text._ZN4Pwm013_digitalWriteEi
                0x08005bc0       0x38 ..\obj\pin.o
                0x08005bc0                Pwm0::_digitalWrite(int)
 .text._ZN4Pwm012_digitalReadEv
                0x08005bf8       0x24 ..\obj\pin.o
                0x08005bf8                Pwm0::_digitalRead()
 .text._ZN4Pwm015_setupDigitalInEv
                0x08005c1c       0x2c ..\obj\pin.o
                0x08005c1c                Pwm0::_setupDigitalIn()
 .text._ZN4Pwm016_setupDigitalOutEv
                0x08005c48       0x30 ..\obj\pin.o
                0x08005c48                Pwm0::_setupDigitalOut()
 .text._ZN4Pwm021_setupDigitalInPullUpEv
                0x08005c78       0x2c ..\obj\pin.o
                0x08005c78                Pwm0::_setupDigitalInPullUp()
 .text._ZN4Pwm023_setupDigitalInPullDownEv
                0x08005ca4       0x2c ..\obj\pin.o
                0x08005ca4                Pwm0::_setupDigitalInPullDown()
 .text._ZN4Pwm113_digitalWriteEv
                0x08005cd0       0x20 ..\obj\pin.o
                0x08005cd0                Pwm1::_digitalWrite()
 .text._ZN4Pwm113_digitalWriteEi
                0x08005cf0       0x34 ..\obj\pin.o
                0x08005cf0                Pwm1::_digitalWrite(int)
 .text._ZN4Pwm112_digitalReadEv
                0x08005d24       0x20 ..\obj\pin.o
                0x08005d24                Pwm1::_digitalRead()
 .text._ZN4Pwm115_setupDigitalInEv
                0x08005d44       0x28 ..\obj\pin.o
                0x08005d44                Pwm1::_setupDigitalIn()
 .text._ZN4Pwm116_setupDigitalOutEv
                0x08005d6c       0x30 ..\obj\pin.o
                0x08005d6c                Pwm1::_setupDigitalOut()
 .text._ZN4Pwm121_setupDigitalInPullUpEv
                0x08005d9c       0x28 ..\obj\pin.o
                0x08005d9c                Pwm1::_setupDigitalInPullUp()
 .text._ZN4Pwm123_setupDigitalInPullDownEv
                0x08005dc4       0x28 ..\obj\pin.o
                0x08005dc4                Pwm1::_setupDigitalInPullDown()
 .text._ZN4Pwm213_digitalWriteEv
                0x08005dec       0x20 ..\obj\pin.o
                0x08005dec                Pwm2::_digitalWrite()
 .text._ZN4Pwm213_digitalWriteEi
                0x08005e0c       0x34 ..\obj\pin.o
                0x08005e0c                Pwm2::_digitalWrite(int)
 .text._ZN4Pwm212_digitalReadEv
                0x08005e40       0x20 ..\obj\pin.o
                0x08005e40                Pwm2::_digitalRead()
 .text._ZN4Pwm215_setupDigitalInEv
                0x08005e60       0x28 ..\obj\pin.o
                0x08005e60                Pwm2::_setupDigitalIn()
 .text._ZN4Pwm216_setupDigitalOutEv
                0x08005e88       0x30 ..\obj\pin.o
                0x08005e88                Pwm2::_setupDigitalOut()
 .text._ZN4Pwm221_setupDigitalInPullUpEv
                0x08005eb8       0x28 ..\obj\pin.o
                0x08005eb8                Pwm2::_setupDigitalInPullUp()
 .text._ZN4Pwm223_setupDigitalInPullDownEv
                0x08005ee0       0x28 ..\obj\pin.o
                0x08005ee0                Pwm2::_setupDigitalInPullDown()
 .text._ZN4Pwm313_digitalWriteEv
                0x08005f08       0x24 ..\obj\pin.o
                0x08005f08                Pwm3::_digitalWrite()
 .text._ZN4Pwm313_digitalWriteEi
                0x08005f2c       0x38 ..\obj\pin.o
                0x08005f2c                Pwm3::_digitalWrite(int)
 .text._ZN4Pwm312_digitalReadEv
                0x08005f64       0x24 ..\obj\pin.o
                0x08005f64                Pwm3::_digitalRead()
 .text._ZN4Pwm315_setupDigitalInEv
                0x08005f88       0x2c ..\obj\pin.o
                0x08005f88                Pwm3::_setupDigitalIn()
 .text._ZN4Pwm316_setupDigitalOutEv
                0x08005fb4       0x30 ..\obj\pin.o
                0x08005fb4                Pwm3::_setupDigitalOut()
 .text._ZN4Pwm321_setupDigitalInPullUpEv
                0x08005fe4       0x2c ..\obj\pin.o
                0x08005fe4                Pwm3::_setupDigitalInPullUp()
 .text._ZN4Pwm323_setupDigitalInPullDownEv
                0x08006010       0x2c ..\obj\pin.o
                0x08006010                Pwm3::_setupDigitalInPullDown()
 .text._ZN4Pwm413_digitalWriteEv
                0x0800603c       0x24 ..\obj\pin.o
                0x0800603c                Pwm4::_digitalWrite()
 .text._ZN4Pwm413_digitalWriteEi
                0x08006060       0x38 ..\obj\pin.o
                0x08006060                Pwm4::_digitalWrite(int)
 .text._ZN4Pwm412_digitalReadEv
                0x08006098       0x24 ..\obj\pin.o
                0x08006098                Pwm4::_digitalRead()
 .text._ZN4Pwm415_setupDigitalInEv
                0x080060bc       0x2c ..\obj\pin.o
                0x080060bc                Pwm4::_setupDigitalIn()
 .text._ZN4Pwm416_setupDigitalOutEv
                0x080060e8       0x30 ..\obj\pin.o
                0x080060e8                Pwm4::_setupDigitalOut()
 .text._ZN4Pwm421_setupDigitalInPullUpEv
                0x08006118       0x2c ..\obj\pin.o
                0x08006118                Pwm4::_setupDigitalInPullUp()
 .text._ZN4Pwm423_setupDigitalInPullDownEv
                0x08006144       0x2c ..\obj\pin.o
                0x08006144                Pwm4::_setupDigitalInPullDown()
 .text._ZN4Pwm513_digitalWriteEv
                0x08006170       0x24 ..\obj\pin.o
                0x08006170                Pwm5::_digitalWrite()
 .text._ZN4Pwm513_digitalWriteEi
                0x08006194       0x38 ..\obj\pin.o
                0x08006194                Pwm5::_digitalWrite(int)
 .text._ZN4Pwm512_digitalReadEv
                0x080061cc       0x24 ..\obj\pin.o
                0x080061cc                Pwm5::_digitalRead()
 .text._ZN4Pwm515_setupDigitalInEv
                0x080061f0       0x2c ..\obj\pin.o
                0x080061f0                Pwm5::_setupDigitalIn()
 .text._ZN4Pwm516_setupDigitalOutEv
                0x0800621c       0x30 ..\obj\pin.o
                0x0800621c                Pwm5::_setupDigitalOut()
 .text._ZN4Pwm521_setupDigitalInPullUpEv
                0x0800624c       0x2c ..\obj\pin.o
                0x0800624c                Pwm5::_setupDigitalInPullUp()
 .text._ZN4Pwm523_setupDigitalInPullDownEv
                0x08006278       0x2c ..\obj\pin.o
                0x08006278                Pwm5::_setupDigitalInPullDown()
 .text._ZN2A014_setupAnalogInEv
                0x080062a4       0x28 ..\obj\pin.o
                0x080062a4                A0::_setupAnalogIn()
 .text._ZThn8_N2A014_setupAnalogInEv
                0x080062cc        0x8 ..\obj\pin.o
                0x080062cc                non-virtual thunk to A0::_setupAnalogIn()
 .text._ZN2A011_analogReadEv
                0x080062d4       0x40 ..\obj\pin.o
                0x080062d4                A0::_analogRead()
 .text._ZThn8_N2A011_analogReadEv
                0x08006314        0x8 ..\obj\pin.o
                0x08006314                non-virtual thunk to A0::_analogRead()
 .text._ZN2A114_setupAnalogInEv
                0x0800631c       0x28 ..\obj\pin.o
                0x0800631c                A1::_setupAnalogIn()
 .text._ZThn8_N2A114_setupAnalogInEv
                0x08006344        0x8 ..\obj\pin.o
                0x08006344                non-virtual thunk to A1::_setupAnalogIn()
 .text._ZN2A111_analogReadEv
                0x0800634c       0x40 ..\obj\pin.o
                0x0800634c                A1::_analogRead()
 .text._ZThn8_N2A111_analogReadEv
                0x0800638c        0x8 ..\obj\pin.o
                0x0800638c                non-virtual thunk to A1::_analogRead()
 .text._ZN2A214_setupAnalogInEv
                0x08006394       0x28 ..\obj\pin.o
                0x08006394                A2::_setupAnalogIn()
 .text._ZThn8_N2A214_setupAnalogInEv
                0x080063bc        0x8 ..\obj\pin.o
                0x080063bc                non-virtual thunk to A2::_setupAnalogIn()
 .text._ZN2A211_analogReadEv
                0x080063c4       0x40 ..\obj\pin.o
                0x080063c4                A2::_analogRead()
 .text._ZThn8_N2A211_analogReadEv
                0x08006404        0x8 ..\obj\pin.o
                0x08006404                non-virtual thunk to A2::_analogRead()
 .text._ZN2A314_setupAnalogInEv
                0x0800640c       0x28 ..\obj\pin.o
                0x0800640c                A3::_setupAnalogIn()
 .text._ZThn8_N2A314_setupAnalogInEv
                0x08006434        0x8 ..\obj\pin.o
                0x08006434                non-virtual thunk to A3::_setupAnalogIn()
 .text._ZN2A311_analogReadEv
                0x0800643c       0x40 ..\obj\pin.o
                0x0800643c                A3::_analogRead()
 .text._ZThn8_N2A311_analogReadEv
                0x0800647c        0x8 ..\obj\pin.o
                0x0800647c                non-virtual thunk to A3::_analogRead()
 .text._ZN2A414_setupAnalogInEv
                0x08006484       0x28 ..\obj\pin.o
                0x08006484                A4::_setupAnalogIn()
 .text._ZThn8_N2A414_setupAnalogInEv
                0x080064ac        0x8 ..\obj\pin.o
                0x080064ac                non-virtual thunk to A4::_setupAnalogIn()
 .text._ZN2A411_analogReadEv
                0x080064b4       0x40 ..\obj\pin.o
                0x080064b4                A4::_analogRead()
 .text._ZThn8_N2A411_analogReadEv
                0x080064f4        0x8 ..\obj\pin.o
                0x080064f4                non-virtual thunk to A4::_analogRead()
 .text._ZN4Enc05setupEv
                0x080064fc       0x2c ..\obj\pin.o
                0x080064fc                Enc0::setup()
 .text._ZN4Enc05countEv
                0x08006528       0x38 ..\obj\pin.o
                0x08006528                Enc0::count()
 .text._ZN4Enc15setupEv
                0x08006560       0x28 ..\obj\pin.o
                0x08006560                Enc1::setup()
 .text._ZN4Enc15countEv
                0x08006588       0x38 ..\obj\pin.o
                0x08006588                Enc1::count()
 .text._ZN4Enc25setupEv
                0x080065c0       0x28 ..\obj\pin.o
                0x080065c0                Enc2::setup()
 .text._ZN4Enc25countEv
                0x080065e8       0x38 ..\obj\pin.o
                0x080065e8                Enc2::count()
 .text._ZN4Pwm012_setupPwmOutEff
                0x08006620       0x4c ..\obj\pin.o
                0x08006620                Pwm0::_setupPwmOut(float, float)
 .text._ZThn8_N4Pwm012_setupPwmOutEff
                0x0800666c        0x8 ..\obj\pin.o
                0x0800666c                non-virtual thunk to Pwm0::_setupPwmOut(float, float)
 .text._ZN4Pwm09_pwmWriteEf
                0x08006674       0x20 ..\obj\pin.o
                0x08006674                Pwm0::_pwmWrite(float)
 .text._ZThn8_N4Pwm09_pwmWriteEf
                0x08006694        0x8 ..\obj\pin.o
                0x08006694                non-virtual thunk to Pwm0::_pwmWrite(float)
 .text._ZN4Pwm09_pwmWriteEv
                0x0800669c       0x20 ..\obj\pin.o
                0x0800669c                Pwm0::_pwmWrite()
 .text._ZThn8_N4Pwm09_pwmWriteEv
                0x080066bc        0x8 ..\obj\pin.o
                0x080066bc                non-virtual thunk to Pwm0::_pwmWrite()
 .text._ZN4Pwm112_setupPwmOutEff
                0x080066c4       0x50 ..\obj\pin.o
                0x080066c4                Pwm1::_setupPwmOut(float, float)
 .text._ZThn8_N4Pwm112_setupPwmOutEff
                0x08006714        0x8 ..\obj\pin.o
                0x08006714                non-virtual thunk to Pwm1::_setupPwmOut(float, float)
 .text._ZN4Pwm19_pwmWriteEf
                0x0800671c       0x20 ..\obj\pin.o
                0x0800671c                Pwm1::_pwmWrite(float)
 .text._ZThn8_N4Pwm19_pwmWriteEf
                0x0800673c        0x8 ..\obj\pin.o
                0x0800673c                non-virtual thunk to Pwm1::_pwmWrite(float)
 .text._ZN4Pwm19_pwmWriteEv
                0x08006744       0x20 ..\obj\pin.o
                0x08006744                Pwm1::_pwmWrite()
 .text._ZThn8_N4Pwm19_pwmWriteEv
                0x08006764        0x8 ..\obj\pin.o
                0x08006764                non-virtual thunk to Pwm1::_pwmWrite()
 .text._ZN4Pwm212_setupPwmOutEff
                0x0800676c       0x50 ..\obj\pin.o
                0x0800676c                Pwm2::_setupPwmOut(float, float)
 .text._ZThn8_N4Pwm212_setupPwmOutEff
                0x080067bc        0x8 ..\obj\pin.o
                0x080067bc                non-virtual thunk to Pwm2::_setupPwmOut(float, float)
 .text._ZN4Pwm29_pwmWriteEf
                0x080067c4       0x20 ..\obj\pin.o
                0x080067c4                Pwm2::_pwmWrite(float)
 .text._ZThn8_N4Pwm29_pwmWriteEf
                0x080067e4        0x8 ..\obj\pin.o
                0x080067e4                non-virtual thunk to Pwm2::_pwmWrite(float)
 .text._ZN4Pwm29_pwmWriteEv
                0x080067ec       0x20 ..\obj\pin.o
                0x080067ec                Pwm2::_pwmWrite()
 .text._ZThn8_N4Pwm29_pwmWriteEv
                0x0800680c        0x8 ..\obj\pin.o
                0x0800680c                non-virtual thunk to Pwm2::_pwmWrite()
 .text._ZN4Pwm312_setupPwmOutEff
                0x08006814       0x4c ..\obj\pin.o
                0x08006814                Pwm3::_setupPwmOut(float, float)
 .text._ZThn8_N4Pwm312_setupPwmOutEff
                0x08006860        0x8 ..\obj\pin.o
                0x08006860                non-virtual thunk to Pwm3::_setupPwmOut(float, float)
 .text._ZN4Pwm39_pwmWriteEf
                0x08006868       0x20 ..\obj\pin.o
                0x08006868                Pwm3::_pwmWrite(float)
 .text._ZThn8_N4Pwm39_pwmWriteEf
                0x08006888        0x8 ..\obj\pin.o
                0x08006888                non-virtual thunk to Pwm3::_pwmWrite(float)
 .text._ZN4Pwm39_pwmWriteEv
                0x08006890       0x20 ..\obj\pin.o
                0x08006890                Pwm3::_pwmWrite()
 .text._ZThn8_N4Pwm39_pwmWriteEv
                0x080068b0        0x8 ..\obj\pin.o
                0x080068b0                non-virtual thunk to Pwm3::_pwmWrite()
 .text._ZN4Pwm412_setupPwmOutEff
                0x080068b8       0x4c ..\obj\pin.o
                0x080068b8                Pwm4::_setupPwmOut(float, float)
 .text._ZThn8_N4Pwm412_setupPwmOutEff
                0x08006904        0x8 ..\obj\pin.o
                0x08006904                non-virtual thunk to Pwm4::_setupPwmOut(float, float)
 .text._ZN4Pwm49_pwmWriteEf
                0x0800690c       0x20 ..\obj\pin.o
                0x0800690c                Pwm4::_pwmWrite(float)
 .text._ZThn8_N4Pwm49_pwmWriteEf
                0x0800692c        0x8 ..\obj\pin.o
                0x0800692c                non-virtual thunk to Pwm4::_pwmWrite(float)
 .text._ZN4Pwm49_pwmWriteEv
                0x08006934       0x20 ..\obj\pin.o
                0x08006934                Pwm4::_pwmWrite()
 .text._ZThn8_N4Pwm49_pwmWriteEv
                0x08006954        0x8 ..\obj\pin.o
                0x08006954                non-virtual thunk to Pwm4::_pwmWrite()
 .text._ZN4Pwm512_setupPwmOutEff
                0x0800695c       0x4c ..\obj\pin.o
                0x0800695c                Pwm5::_setupPwmOut(float, float)
 .text._ZThn8_N4Pwm512_setupPwmOutEff
                0x080069a8        0x8 ..\obj\pin.o
                0x080069a8                non-virtual thunk to Pwm5::_setupPwmOut(float, float)
 .text._ZN4Pwm59_pwmWriteEf
                0x080069b0       0x20 ..\obj\pin.o
                0x080069b0                Pwm5::_pwmWrite(float)
 .text._ZThn8_N4Pwm59_pwmWriteEf
                0x080069d0        0x8 ..\obj\pin.o
                0x080069d0                non-virtual thunk to Pwm5::_pwmWrite(float)
 .text._ZN4Pwm59_pwmWriteEv
                0x080069d8       0x20 ..\obj\pin.o
                0x080069d8                Pwm5::_pwmWrite()
 .text._ZThn8_N4Pwm59_pwmWriteEv
                0x080069f8        0x8 ..\obj\pin.o
                0x080069f8                non-virtual thunk to Pwm5::_pwmWrite()
 .text._ZN4Led212_setupPwmOutEff
                0x08006a00       0x50 ..\obj\pin.o
                0x08006a00                Led2::_setupPwmOut(float, float)
 .text._ZThn8_N4Led212_setupPwmOutEff
                0x08006a50        0x8 ..\obj\pin.o
                0x08006a50                non-virtual thunk to Led2::_setupPwmOut(float, float)
 .text._ZN4Led29_pwmWriteEf
                0x08006a58       0x20 ..\obj\pin.o
                0x08006a58                Led2::_pwmWrite(float)
 .text._ZThn8_N4Led29_pwmWriteEf
                0x08006a78        0x8 ..\obj\pin.o
                0x08006a78                non-virtual thunk to Led2::_pwmWrite(float)
 .text._ZN4Led29_pwmWriteEv
                0x08006a80       0x20 ..\obj\pin.o
                0x08006a80                Led2::_pwmWrite()
 .text._ZThn8_N4Led29_pwmWriteEv
                0x08006aa0        0x8 ..\obj\pin.o
                0x08006aa0                non-virtual thunk to Led2::_pwmWrite()
 .text._ZN4Led312_setupPwmOutEff
                0x08006aa8       0x50 ..\obj\pin.o
                0x08006aa8                Led3::_setupPwmOut(float, float)
 .text._ZThn8_N4Led312_setupPwmOutEff
                0x08006af8        0x8 ..\obj\pin.o
                0x08006af8                non-virtual thunk to Led3::_setupPwmOut(float, float)
 .text._ZN4Led39_pwmWriteEf
                0x08006b00       0x20 ..\obj\pin.o
                0x08006b00                Led3::_pwmWrite(float)
 .text._ZThn8_N4Led39_pwmWriteEf
                0x08006b20        0x8 ..\obj\pin.o
                0x08006b20                non-virtual thunk to Led3::_pwmWrite(float)
 .text._ZN4Led39_pwmWriteEv
                0x08006b28       0x20 ..\obj\pin.o
                0x08006b28                Led3::_pwmWrite()
 .text._ZThn8_N4Led39_pwmWriteEv
                0x08006b48        0x8 ..\obj\pin.o
                0x08006b48                non-virtual thunk to Led3::_pwmWrite()
 .text._ZN6Buzzer12_setupPwmOutEff
                0x08006b50       0x50 ..\obj\pin.o
                0x08006b50                Buzzer::_setupPwmOut(float, float)
 .text._ZThn8_N6Buzzer12_setupPwmOutEff
                0x08006ba0        0x8 ..\obj\pin.o
                0x08006ba0                non-virtual thunk to Buzzer::_setupPwmOut(float, float)
 .text._ZN6Buzzer9_pwmWriteEf
                0x08006ba8       0x20 ..\obj\pin.o
                0x08006ba8                Buzzer::_pwmWrite(float)
 .text._ZThn8_N6Buzzer9_pwmWriteEf
                0x08006bc8        0x8 ..\obj\pin.o
                0x08006bc8                non-virtual thunk to Buzzer::_pwmWrite(float)
 .text._ZN6Buzzer9_pwmWriteEv
                0x08006bd0       0x20 ..\obj\pin.o
                0x08006bd0                Buzzer::_pwmWrite()
 .text._ZThn8_N6Buzzer9_pwmWriteEv
                0x08006bf0        0x8 ..\obj\pin.o
                0x08006bf0                non-virtual thunk to Buzzer::_pwmWrite()
 .text._ZN7Serial06_setupEiR15SerialInterfaceii
                0x08006bf8       0x68 ..\obj\pin.o
                0x08006bf8                Serial0::_setup(int, SerialInterface&, int, int)
 .text._ZN7Serial09writeCharEc
                0x08006c60       0x1c ..\obj\pin.o
                0x08006c60                Serial0::writeChar(char)
 .text._Z17serial0_interruptv
                0x08006c7c       0x38 ..\obj\pin.o
                0x08006c7c                serial0_interrupt()
 .text._ZN7Serial08transmitEc
                0x08006cb4       0x44 ..\obj\pin.o
                0x08006cb4                Serial0::transmit(char)
 .text.USART2_IRQHandler
                0x08006cf8        0xc ..\obj\pin.o
                0x08006cf8                USART2_IRQHandler
 .text._ZN7Serial16_setupEiR15SerialInterfaceii
                0x08006d04       0x70 ..\obj\pin.o
                0x08006d04                Serial1::_setup(int, SerialInterface&, int, int)
 .text._Z17serial1_interruptv
                0x08006d74       0x38 ..\obj\pin.o
                0x08006d74                serial1_interrupt()
 .text.USART3_IRQHandler
                0x08006dac        0xc ..\obj\pin.o
                0x08006dac                USART3_IRQHandler
 .text._ZN7Serial19writeCharEc
                0x08006db8       0x1c ..\obj\pin.o
                0x08006db8                Serial1::writeChar(char)
 .text._ZN7Serial18transmitEc
                0x08006dd4       0x44 ..\obj\pin.o
                0x08006dd4                Serial1::transmit(char)
 .text.std_char_out
                0x08006e18       0x44 ..\obj\pin.o
                0x08006e18                std_char_out
 .text.std_char_out_setup
                0x08006e5c       0x68 ..\obj\pin.o
                0x08006e5c                std_char_out_setup
 .text._ZN4Can05setupEv
                0x08006ec4       0x80 ..\obj\pin.o
                0x08006ec4                Can0::setup()
 .text._ZN4Can013setupLoopBackEv
                0x08006f44       0x60 ..\obj\pin.o
                0x08006f44                Can0::setupLoopBack()
 .text._ZN4Can012addInterfaceER12CanInterface
                0x08006fa4       0x58 ..\obj\pin.o
                0x08006fa4                Can0::addInterface(CanInterface&)
 .text._ZN4Can05setIdEi
                0x08006ffc       0xb0 ..\obj\pin.o
                0x08006ffc                Can0::setId(int)
 .text._ZN4Can08setIdAllEv
                0x080070ac       0x38 ..\obj\pin.o
                0x080070ac                Can0::setIdAll()
 .text._ZN4Can04readEiiPh
                0x080070e4       0x94 ..\obj\pin.o
                0x080070e4                Can0::read(int, int, unsigned char*)
 .text._ZN4Can05writeEiiPh
                0x08007178       0xe4 ..\obj\pin.o
                0x08007178                Can0::write(int, int, unsigned char*)
 .text._Z14Can0_Interruptv
                0x0800725c       0x60 ..\obj\pin.o
                0x0800725c                Can0_Interrupt()
 .text.CAN1_RX0_IRQHandler
                0x080072bc        0xc ..\obj\pin.o
                0x080072bc                CAN1_RX0_IRQHandler
 .text._ZN4I2c05setupEv
                0x080072c8       0x6c ..\obj\pin.o
                0x080072c8                I2c0::setup()
 .text._ZN4I2c012addInterfaceER12I2cInterface
                0x08007334       0x58 ..\obj\pin.o
                0x08007334                I2c0::addInterface(I2cInterface&)
 .text._ZN4I2c05writeEcPhcb
                0x0800738c      0x120 ..\obj\pin.o
                0x0800738c                I2c0::write(char, unsigned char*, char, bool)
 .text._ZN4I2c013getBufferFlagEv
                0x080074ac       0x2c ..\obj\pin.o
                0x080074ac                I2c0::getBufferFlag()
 .text._Z14I2c0_Interruptv
                0x080074d8      0x364 ..\obj\pin.o
                0x080074d8                I2c0_Interrupt()
 .text._ZN4I2c08startI2cEv
                0x0800783c       0xb8 ..\obj\pin.o
                0x0800783c                I2c0::startI2c()
 .text._ZN4I2c05cycleEv
                0x080078f4       0x68 ..\obj\pin.o
                0x080078f4                I2c0::cycle()
 .text.I2C2_EV_IRQHandler
                0x0800795c        0xc ..\obj\pin.o
                0x0800795c                I2C2_EV_IRQHandler
 .text._ZN10RingBufferIcLi256EE5writeEc
                0x08007968       0x64 ..\obj\pin.o
                0x08007968                RingBuffer<char, 256>::write(char)
 .text._ZN10RingBufferIcLi256EE7isEmptyEv
                0x080079cc       0x2c ..\obj\pin.o
                0x080079cc                RingBuffer<char, 256>::isEmpty()
 .text._ZN10RingBufferIcLi256EE4readEv
                0x080079f8       0x64 ..\obj\pin.o
                0x080079f8                RingBuffer<char, 256>::read()
 .text._ZN10RingBufferI5I2c_tLi512EEC2Ev
                0x08007a5c       0x30 ..\obj\pin.o
                0x08007a5c                RingBuffer<I2c_t, 512>::RingBuffer()
                0x08007a5c                RingBuffer<I2c_t, 512>::RingBuffer()
 .text._ZN10RingBufferI5I2c_tLi512EE7isEmptyEv
                0x08007a8c       0x34 ..\obj\pin.o
                0x08007a8c                RingBuffer<I2c_t, 512>::isEmpty()
 .text._ZN10RingBufferI5I2c_tLi512EE5writeES0_
                0x08007ac0       0x8c ..\obj\pin.o
                0x08007ac0                RingBuffer<I2c_t, 512>::write(I2c_t)
 .text._ZN10RingBufferI5I2c_tLi512EE4readEv
                0x08007b4c       0xdc ..\obj\pin.o
                0x08007b4c                RingBuffer<I2c_t, 512>::read()
 .text._Z41__static_initialization_and_destruction_0ii
                0x08007c28       0x2c ..\obj\pin.o
 .text._GLOBAL__sub_I__ZN4Led013_digitalWriteEv
                0x08007c54       0x10 ..\obj\pin.o
 .text._ZN10ButtonInfo9readValueEv
                0x08007c64       0x18 ..\obj\main.o
                0x08007c64                ButtonInfo::readValue()
 .text._ZN7EncoderC2Ev
                0x08007c7c       0x34 ..\obj\main.o
                0x08007c7c                Encoder::Encoder()
                0x08007c7c                Encoder::Encoder()
 .text._ZN7DigitalC2Ev
                0x08007cb0       0x20 ..\obj\main.o
                0x08007cb0                Digital::Digital()
                0x08007cb0                Digital::Digital()
 .text._ZN6AnalogC2Ev
                0x08007cd0       0x20 ..\obj\main.o
                0x08007cd0                Analog::Analog()
                0x08007cd0                Analog::Analog()
 .text._ZN2A0C2Ev
                0x08007cf0       0x40 ..\obj\main.o
                0x08007cf0                A0::A0()
                0x08007cf0                A0::A0()
 .text._ZN2A1C2Ev
                0x08007d30       0x40 ..\obj\main.o
                0x08007d30                A1::A1()
                0x08007d30                A1::A1()
 .text._ZN2A2C2Ev
                0x08007d70       0x40 ..\obj\main.o
                0x08007d70                A2::A2()
                0x08007d70                A2::A2()
 .text._ZN2A3C2Ev
                0x08007db0       0x40 ..\obj\main.o
                0x08007db0                A3::A3()
                0x08007db0                A3::A3()
 .text._ZN2A4C2Ev
                0x08007df0       0x40 ..\obj\main.o
                0x08007df0                A4::A4()
                0x08007df0                A4::A4()
 .text._ZN3PwmC2Ev
                0x08007e30       0x20 ..\obj\main.o
                0x08007e30                Pwm::Pwm()
                0x08007e30                Pwm::Pwm()
 .text._ZN4Pwm0C2Ev
                0x08007e50       0x40 ..\obj\main.o
                0x08007e50                Pwm0::Pwm0()
                0x08007e50                Pwm0::Pwm0()
 .text._ZN6R1350nC2ER6Serial
                0x08007e90       0x70 ..\obj\main.o
                0x08007e90                R1350n::R1350n(Serial&)
                0x08007e90                R1350n::R1350n(Serial&)
 .text._ZN6R1350n5resetEv
                0x08007f00       0x28 ..\obj\main.o
                0x08007f00                R1350n::reset()
 .text._ZN3Sw0C2Ev
                0x08007f28       0x24 ..\obj\main.o
                0x08007f28                Sw0::Sw0()
                0x08007f28                Sw0::Sw0()
 .text._ZN3Sw1C2Ev
                0x08007f4c       0x24 ..\obj\main.o
                0x08007f4c                Sw1::Sw1()
                0x08007f4c                Sw1::Sw1()
 .text._ZN4Led1C2Ev
                0x08007f70       0x24 ..\obj\main.o
                0x08007f70                Led1::Led1()
                0x08007f70                Led1::Led1()
 .text._ZN6SerialC2Ev
                0x08007f94       0x20 ..\obj\main.o
                0x08007f94                Serial::Serial()
                0x08007f94                Serial::Serial()
 .text._ZN7Serial0C2Ev
                0x08007fb4       0x24 ..\obj\main.o
                0x08007fb4                Serial0::Serial0()
                0x08007fb4                Serial0::Serial0()
 .text._ZN4Enc1C2Ev
                0x08007fd8       0x24 ..\obj\main.o
                0x08007fd8                Enc1::Enc1()
                0x08007fd8                Enc1::Enc1()
 .text._ZN7Serial1C2Ev
                0x08007ffc       0x24 ..\obj\main.o
                0x08007ffc                Serial1::Serial1()
                0x08007ffc                Serial1::Serial1()
 .text.main     0x08008020      0x27c ..\obj\main.o
                0x08008020                main
 .text.RCC_GetClocksFreq
                0x0800829c      0x1a8 ..\obj\stm32f4xx_rcc.o
                0x0800829c                RCC_GetClocksFreq
 .text.RCC_AHB1PeriphClockCmd
                0x08008444       0x50 ..\obj\stm32f4xx_rcc.o
                0x08008444                RCC_AHB1PeriphClockCmd
 .text.RCC_APB1PeriphClockCmd
                0x08008494       0x50 ..\obj\stm32f4xx_rcc.o
                0x08008494                RCC_APB1PeriphClockCmd
 .text.RCC_APB2PeriphClockCmd
                0x080084e4       0x50 ..\obj\stm32f4xx_rcc.o
                0x080084e4                RCC_APB2PeriphClockCmd
 .text.RCC_APB1PeriphResetCmd
                0x08008534       0x50 ..\obj\stm32f4xx_rcc.o
                0x08008534                RCC_APB1PeriphResetCmd
 .text.RCC_APB2PeriphResetCmd
                0x08008584       0x50 ..\obj\stm32f4xx_rcc.o
                0x08008584                RCC_APB2PeriphResetCmd
 .text.system_setup
                0x080085d4       0x30 ..\obj\system.o
                0x080085d4                system_setup
 .text._ZN10ButtonInfo12readDownEdgeEv
                0x08008604       0x18 ..\obj\move.o
                0x08008604                ButtonInfo::readDownEdge()
 .text._ZN4Led2C2Ev
                0x0800861c       0x38 ..\obj\move.o
                0x0800861c                Led2::Led2()
                0x0800861c                Led2::Led2()
 .text._ZN4Led3C2Ev
                0x08008654       0x38 ..\obj\move.o
                0x08008654                Led3::Led3()
                0x08008654                Led3::Led3()
 .text._ZN4MoveC2ER6AnalogS1_S1_S1_S1_R10ButtonInfoR5Servo
                0x0800868c       0xbc ..\obj\move.o
                0x0800868c                Move::Move(Analog&, Analog&, Analog&, Analog&, Analog&, ButtonInfo&, Servo&)
                0x0800868c                Move::Move(Analog&, Analog&, Analog&, Analog&, Analog&, ButtonInfo&, Servo&)
 .text._ZN4Move5setupEv
                0x08008748       0xb0 ..\obj\move.o
                0x08008748                Move::setup()
 .text._ZN4Move5cycleEv
                0x080087f8      0x324 ..\obj\move.o
                0x080087f8                Move::cycle()
 .text._ZN4Move7setDutyEff
                0x08008b1c       0x40 ..\obj\move.o
                0x08008b1c                Move::setDuty(float, float)
 .text._ZN4Move11TPR105CycleEv
                0x08008b5c       0x68 ..\obj\move.o
                0x08008b5c                Move::TPR105Cycle()
 .text._ZN4Move14rotationOutputE10pid_gain_t
                0x08008bc4       0x58 ..\obj\move.o
                0x08008bc4                Move::rotationOutput(pid_gain_t)
 .text._ZN4Move12printAdValueEv
                0x08008c1c       0x9c ..\obj\move.o
                0x08008c1c                Move::printAdValue()
 .text.ADC_DeInit
                0x08008cb8       0x1c ..\obj\stm32f4xx_adc.o
                0x08008cb8                ADC_DeInit
 .text.ADC_Init
                0x08008cd4       0xac ..\obj\stm32f4xx_adc.o
                0x08008cd4                ADC_Init
 .text.ADC_StructInit
                0x08008d80       0x3c ..\obj\stm32f4xx_adc.o
                0x08008d80                ADC_StructInit
 .text.ADC_CommonInit
                0x08008dbc       0x58 ..\obj\stm32f4xx_adc.o
                0x08008dbc                ADC_CommonInit
 .text.ADC_CommonStructInit
                0x08008e14       0x2c ..\obj\stm32f4xx_adc.o
                0x08008e14                ADC_CommonStructInit
 .text.ADC_Cmd  0x08008e40       0x38 ..\obj\stm32f4xx_adc.o
                0x08008e40                ADC_Cmd
 .text.ADC_RegularChannelConfig
                0x08008e78      0x188 ..\obj\stm32f4xx_adc.o
                0x08008e78                ADC_RegularChannelConfig
 .text.ADC_SoftwareStartConv
                0x08009000       0x20 ..\obj\stm32f4xx_adc.o
                0x08009000                ADC_SoftwareStartConv
 .text.ADC_DMACmd
                0x08009020       0x38 ..\obj\stm32f4xx_adc.o
                0x08009020                ADC_DMACmd
 .text.ADC_DMARequestAfterLastTransferCmd
                0x08009058       0x38 ..\obj\stm32f4xx_adc.o
                0x08009058                ADC_DMARequestAfterLastTransferCmd
 .text._ZN5BlinkC2ER7Digital
                0x08009090       0x2c ..\obj\blink.o
                0x08009090                Blink::Blink(Digital&)
                0x08009090                Blink::Blink(Digital&)
 .text._ZN5Blink5setupEv
                0x080090bc       0x24 ..\obj\blink.o
                0x080090bc                Blink::setup()
 .text._ZN5Blink5cycleEv
                0x080090e0       0x5c ..\obj\blink.o
                0x080090e0                Blink::cycle()
 .text._ZN5Blink4timeEi
                0x0800913c       0x30 ..\obj\blink.o
                0x0800913c                Blink::time(int)
 .text._ZN12CanInterface17canInterfaceSetupEP3Can
                0x0800916c       0x20 ..\obj\can.o
                0x0800916c                CanInterface::canInterfaceSetup(Can*)
 .text._ZN7Encoder3revEb
                0x0800918c       0x1c ..\obj\encoder.o
                0x0800918c                Encoder::rev(bool)
 .text._ZN7Encoder3mltEf
                0x080091a8       0x1c ..\obj\encoder.o
                0x080091a8                Encoder::mlt(float)
 .text._ZN7Encoder3cprEi
                0x080091c4       0x1c ..\obj\encoder.o
                0x080091c4                Encoder::cpr(int)
 .text._ZN7Encoder6radianEv
                0x080091e0       0x70 ..\obj\encoder.o
                0x080091e0                Encoder::radian()
 .text._ZN7Encoder5valueEv
                0x08009250       0x28 ..\obj\encoder.o
                0x08009250                Encoder::value()
 .text.Select_ADC_channel
                0x08009278      0x104 ..\obj\config_adc.o
                0x08009278                Select_ADC_channel
 .text.Init_ADC1
                0x0800937c      0x238 ..\obj\config_adc.o
                0x0800937c                Init_ADC1
 .text.get_ADC1_value
                0x080095b4       0x68 ..\obj\config_adc.o
                0x080095b4                get_ADC1_value
 .text.NMI_Handler
                0x0800961c       0x20 ..\obj\error.o
                0x0800961c                NMI_Handler
 .text.HardFault_Handler
                0x0800963c       0x20 ..\obj\error.o
                0x0800963c                HardFault_Handler
 .text.MemManage_Handler
                0x0800965c       0x20 ..\obj\error.o
                0x0800965c                MemManage_Handler
 .text.BusFault_Handler
                0x0800967c       0x20 ..\obj\error.o
                0x0800967c                BusFault_Handler
 .text.UsageFault_Handler
                0x0800969c       0x20 ..\obj\error.o
                0x0800969c                UsageFault_Handler
 .text.SVC_Handler
                0x080096bc       0x20 ..\obj\error.o
                0x080096bc                SVC_Handler
 .text.DebugMon_Handler
                0x080096dc       0x20 ..\obj\error.o
                0x080096dc                DebugMon_Handler
 .text.PendSV_Handler
                0x080096fc       0x20 ..\obj\error.o
                0x080096fc                PendSV_Handler
 .text.NVIC_SetPriority
                0x0800971c       0x58 ..\obj\config_systick.o
 .text.SysTick_Config
                0x08009774       0x54 ..\obj\config_systick.o
 .text.Init_SysTick
                0x080097c8       0x48 ..\obj\config_systick.o
                0x080097c8                Init_SysTick
 .text._ZN5Servo5setupEffff
                0x08009810       0x74 ..\obj\servo.o
                0x08009810                Servo::setup(float, float, float, float)
 .text._ZN5Servo8setAngleEf
                0x08009884       0xe8 ..\obj\servo.o
                0x08009884                Servo::setAngle(float)
 .text._ZN5Servo8cvtPulseEf
                0x0800996c       0xd8 ..\obj\servo.o
                0x0800996c                Servo::cvtPulse(float)
 .text._ZN5Servo5cycleEv
                0x08009a44       0x28 ..\obj\servo.o
                0x08009a44                Servo::cycle()
 .text.SD_ProcessIRQSrc
                0x08009a6c       0xf0 ..\obj\stm32_ub_sdcard.o
                0x08009a6c                SD_ProcessIRQSrc
 .text.SD_ProcessDMAIRQ
                0x08009b5c       0x34 ..\obj\stm32_ub_sdcard.o
                0x08009b5c                SD_ProcessDMAIRQ
 .text.SDIO_IRQHandler
                0x08009b90        0xc ..\obj\stm32_ub_sdcard.o
                0x08009b90                SDIO_IRQHandler
 .text.DMA2_Stream3_IRQHandler
                0x08009b9c        0xc ..\obj\stm32_ub_sdcard.o
                0x08009b9c                DMA2_Stream3_IRQHandler
 .text.GPIO_Init
                0x08009ba8      0x11c ..\obj\stm32f4xx_gpio.o
                0x08009ba8                GPIO_Init
 .text.GPIO_StructInit
                0x08009cc4       0x34 ..\obj\stm32f4xx_gpio.o
                0x08009cc4                GPIO_StructInit
 .text.GPIO_ReadInputDataBit
                0x08009cf8       0x34 ..\obj\stm32f4xx_gpio.o
                0x08009cf8                GPIO_ReadInputDataBit
 .text.GPIO_ReadOutputDataBit
                0x08009d2c       0x34 ..\obj\stm32f4xx_gpio.o
                0x08009d2c                GPIO_ReadOutputDataBit
 .text.GPIO_SetBits
                0x08009d60       0x1c ..\obj\stm32f4xx_gpio.o
                0x08009d60                GPIO_SetBits
 .text.GPIO_ResetBits
                0x08009d7c       0x1c ..\obj\stm32f4xx_gpio.o
                0x08009d7c                GPIO_ResetBits
 .text.GPIO_PinAFConfig
                0x08009d98       0x8c ..\obj\stm32f4xx_gpio.o
                0x08009d98                GPIO_PinAFConfig
 .text._ZN5CoordC2Ev
                0x08009e24       0x48 ..\obj\robo_center.o
                0x08009e24                Coord::Coord()
                0x08009e24                Coord::Coord()
 .text._ZN10roboCenterC2ER7EncoderR6R1350nR10ButtonInfo
                0x08009e6c       0x64 ..\obj\robo_center.o
                0x08009e6c                roboCenter::roboCenter(Encoder&, R1350n&, ButtonInfo&)
                0x08009e6c                roboCenter::roboCenter(Encoder&, R1350n&, ButtonInfo&)
 .text._ZN10roboCenter5setupEv
                0x08009ed0       0x8c ..\obj\robo_center.o
                0x08009ed0                roboCenter::setup()
 *fill*         0x08009f5c        0x4 
 .text._ZN10roboCenter5cycleEv
                0x08009f60      0x118 ..\obj\robo_center.o
                0x08009f60                roboCenter::cycle()
 .text.SystemInit
                0x0800a078       0x90 ..\obj\system_stm32f4xx.o
                0x0800a078                SystemInit
 .text.SystemCoreClockUpdate
                0x0800a108      0x154 ..\obj\system_stm32f4xx.o
                0x0800a108                SystemCoreClockUpdate
 .text.SetSysClock
                0x0800a25c      0x17c ..\obj\system_stm32f4xx.o
 .text._sbrk    0x0800a3d8       0x5c ..\obj\syscalls.o
                0x0800a3d8                _sbrk
 .text._close   0x0800a434       0x18 ..\obj\syscalls.o
                0x0800a434                _close
 .text._fstat   0x0800a44c       0x20 ..\obj\syscalls.o
                0x0800a44c                _fstat
 .text._isatty  0x0800a46c       0x18 ..\obj\syscalls.o
                0x0800a46c                _isatty
 .text._lseek   0x0800a484       0x1c ..\obj\syscalls.o
                0x0800a484                _lseek
 .text._read    0x0800a4a0       0x1c ..\obj\syscalls.o
                0x0800a4a0                _read
 .text._write   0x0800a4bc       0x38 ..\obj\syscalls.o
                0x0800a4bc                _write
 .text.abort    0x0800a4f4        0x8 ..\obj\syscalls.o
                0x0800a4f4                abort
 .text.DMA_DeInit
                0x0800a4fc      0x22c ..\obj\stm32f4xx_dma.o
                0x0800a4fc                DMA_DeInit
 .text.DMA_Init
                0x0800a728       0xb0 ..\obj\stm32f4xx_dma.o
                0x0800a728                DMA_Init
 .text.DMA_StructInit
                0x0800a7d8       0x6c ..\obj\stm32f4xx_dma.o
                0x0800a7d8                DMA_StructInit
 .text.DMA_Cmd  0x0800a844       0x38 ..\obj\stm32f4xx_dma.o
                0x0800a844                DMA_Cmd
 .text.DMA_ClearFlag
                0x0800a87c       0x60 ..\obj\stm32f4xx_dma.o
                0x0800a87c                DMA_ClearFlag
 .text.USB_OTG_BSP_uDelay
                0x0800a8dc       0x4c ..\obj\usb_bsp.o
                0x0800a8dc                USB_OTG_BSP_uDelay
 .text.USBD_StdDevReq
                0x0800a928       0xa0 ..\obj\usbd_req.o
                0x0800a928                USBD_StdDevReq
 .text.USBD_StdItfReq
                0x0800a9c8       0x68 ..\obj\usbd_req.o
                0x0800a9c8                USBD_StdItfReq
 .text.USBD_StdEPReq
                0x0800aa30      0x1c8 ..\obj\usbd_req.o
                0x0800aa30                USBD_StdEPReq
 .text.USBD_GetDescriptor
                0x0800abf8      0x1b8 ..\obj\usbd_req.o
 .text.USBD_SetAddress
                0x0800adb0       0x7c ..\obj\usbd_req.o
 .text.USBD_SetConfig
                0x0800ae2c      0x130 ..\obj\usbd_req.o
 .text.USBD_GetConfig
                0x0800af5c       0x60 ..\obj\usbd_req.o
 .text.USBD_GetStatus
                0x0800afbc       0x5c ..\obj\usbd_req.o
 .text.USBD_SetFeature
                0x0800b018       0xcc ..\obj\usbd_req.o
 .text.USBD_ClrFeature
                0x0800b0e4       0x50 ..\obj\usbd_req.o
 .text.USBD_ParseSetupRequest
                0x0800b134       0x8c ..\obj\usbd_req.o
                0x0800b134                USBD_ParseSetupRequest
 .text.USBD_CtlError
                0x0800b1c0       0x48 ..\obj\usbd_req.o
                0x0800b1c0                USBD_CtlError
 .text.USBD_OTG_ISR_Handler
                0x0800b208      0x15c ..\obj\usb_dcd_int.o
                0x0800b208                USBD_OTG_ISR_Handler